07-24 16:10:25.851  3944  4288 V WindowManager: Changing focus from Window{6fb3b30 u0 com.android.todolist/com.android.todolist.MainActivity} to null Callers=com.android.server.wm.WindowManagerService.setFocusedApp:3175 com.android.server.am.ActivityManagerService.setResumedActivityUncheckLocked:4469 com.android.server.am.ActivityStack.onActivityStateChanged:560 com.android.server.am.TaskRecord.onActivityStateChanged:2173 
07-24 16:10:25.852  3944  3987 D WindowManager: reportFocusChangedSerialized, focused=false, inTouchMode=true, win=Window{6fb3b30 u0 com.android.todolist/com.android.todolist.MainActivity}
07-24 16:10:25.853  3944  4288 D GameManagerService: noteResumeComponent(), resumeComponent: com.android.todolist
07-24 16:10:25.853  3944  4239 D GameManagerService: handleForegroundChange(). pkgName: com.android.todolist, clsName: com.android.todolist.ListActivity,FgActivityName:com.android.todolist/.ListActivity,userID:0
07-24 16:10:25.856  3944  4288 D MARsPolicyManager: onPackageResumedFG pkgName = com.android.todolist, userId = 0
07-24 16:10:25.858  3944  3944 D Telecom:SamsungPrebindingServiceImpl: onTopActivityChanged : ComponentInfo{com.android.todolist/com.android.todolist.ListActivity}
07-24 16:10:25.898  3385  3385 I SurfaceFlinger: id=72492 createSurf (5920x5920),2 flag=4, 69be8a7 com.android.todolist/com.android.todolist.ListActivity#0
07-24 16:10:25.913  3944  4288 V WindowManager: Relayout Window{69be8a7 u0 com.android.todolist/com.android.todolist.ListActivity}: viewVisibility=0 req=1440x2960 {(0,0)(fillxfill) sim={adjust=resize forwardNavigation} ty=BASE_APPLICATION wanim=0x10302fe
07-24 16:10:25.915  3944  4288 V WindowManager: Resize reasons for w=Window{69be8a7 u0 com.android.todolist/com.android.todolist.ListActivity}:  contentInsetsChanged=false [0,96][0,192] visibleInsetsChanged=false [0,96][0,192] stableInsetsChanged=false [0,96][0,192] outsetsChanged=false [0,0][0,0] surfaceResized=false configChanged=true dragResizingChanged=false reportOrientationChanged=false displayCutoutChanged=false nextForceRelayoutToClient=false
07-24 16:10:25.917  3385  3385 I SurfaceFlinger: id=72493 createSurf (1440x2960),1 flag=404, com.android.todolist/com.android.todolist.ListActivity[5936]#0
07-24 16:10:25.919  3944  4288 D WindowManager: makeSurface duration=1 name=com.android.todolist/com.android.todolist.ListActivity[5936]
07-24 16:10:25.919  3944  4288 V WindowManager: Changing focus from null to Window{69be8a7 u0 com.android.todolist/com.android.todolist.ListActivity} Callers=com.android.server.wm.WindowManagerService.relayoutWindow:2571 com.android.server.wm.Session.relayoutForTranslate:302 android.view.IWindowSession$Stub.onTransact:518 com.android.server.wm.Session.onTransact:186 
07-24 16:10:25.919  3944  3978 D WindowManager: setSystemUiVisibility: vis= 0x8018, fullscreenVis= 0x0, dockedVis= 0x0, win=Window{69be8a7 u0 com.android.todolist/com.android.todolist.ListActivity}
07-24 16:10:25.920  3944  3987 D WindowManager: reportFocusChangedSerialized, focused=true, inTouchMode=true, win=Window{69be8a7 u0 com.android.todolist/com.android.todolist.ListActivity}
07-24 16:10:25.951  5936  5936 V InputMethodManager: Starting input: tba=com.android.todolist ic=null mNaviBarColor -855310 mIsGetNaviBarColorSuccess true , NavVisible : true , NavTrans : false
07-24 16:10:25.952  3944  4288 V InputMethodManagerService: windowGainedFocus : reason=WINDOW_FOCUS_GAIN client=android.os.BinderProxy@3a14d3f inputContext=null missingMethods= attribute=android.view.inputmethod.EditorInfo@3fd46ec nm = com.android.todolist controlFlags=#104 softInputMode=#110 windowFlags=#81810100
07-24 16:10:25.965  3944  9409 D WindowManager: finishDrawingWindow: Window{69be8a7 u0 com.android.todolist/com.android.todolist.ListActivity} mDrawState=DRAW_PENDING
07-24 16:10:25.967  3944  4067 I WindowManager: commitFinishDrawingLocked: mDrawState=READY_TO_SHOW Surface(name=com.android.todolist/com.android.todolist.ListActivity[5936])/@0xcc0254a
07-24 16:10:25.968  3944  4067 I WindowManager: Cancelling animation restarting=true, leash=null, surface=Surface(name=AppWindowToken{3e56118 token=Token{6ffcfb ActivityRecord{143de8a u0 com.android.todolist/.MainActivity t1568}}})/@0xce52919, parent=Surface(name=Task=1568)/@0xede461
07-24 16:10:25.968  3944  4067 I WindowManager: Reparenting to leash, surface=Surface(name=AppWindowToken{3e56118 token=Token{6ffcfb ActivityRecord{143de8a u0 com.android.todolist/.MainActivity t1568}}})/@0xce52919
07-24 16:10:25.969  3385  3385 I SurfaceFlinger: id=72495 createSurf (5920x5920),2 flag=4, Surface(name=AppWindowToken{3e56118 token=Token{6ffcfb ActivityRecord{143de8a u0 com.android.todolist/.MainActivity t1568}}})/@0xce52919 - animation-leash#0
07-24 16:10:25.971  3944  4067 D SurfaceControl: reparent is called, sc=Surface(name=AppWindowToken{3e56118 token=Token{6ffcfb ActivityRecord{143de8a u0 com.android.todolist/.MainActivity t1568}}})/@0xce52919, newParentHandle=android.os.BinderProxy@f478784, transaction=android.view.SurfaceControl$Transaction@c64fbbf
07-24 16:10:25.972  3944  4067 I WindowManager: Cancelling animation restarting=true, leash=null, surface=Surface(name=AppWindowToken{bcc219a token=Token{b234645 ActivityRecord{c0b6bc u0 com.android.todolist/.ListActivity t1568}}})/@0x9d54b25, parent=Surface(name=Task=1568)/@0xede461
07-24 16:10:25.972  3944  4067 I WindowManager: Reparenting to leash, surface=Surface(name=AppWindowToken{bcc219a token=Token{b234645 ActivityRecord{c0b6bc u0 com.android.todolist/.ListActivity t1568}}})/@0x9d54b25
07-24 16:10:25.974  3385  3385 I SurfaceFlinger: id=72496 createSurf (5920x5920),2 flag=4, Surface(name=AppWindowToken{bcc219a token=Token{b234645 ActivityRecord{c0b6bc u0 com.android.todolist/.ListActivity t1568}}})/@0x9d54b25 - animation-leash#0
07-24 16:10:25.976  3944  4067 D SurfaceControl: reparent is called, sc=Surface(name=AppWindowToken{bcc219a token=Token{b234645 ActivityRecord{c0b6bc u0 com.android.todolist/.ListActivity t1568}}})/@0x9d54b25, newParentHandle=android.os.BinderProxy@5474fa, transaction=android.view.SurfaceControl$Transaction@2f62aab
07-24 16:10:25.981  3944  4067 V WindowManager: performShowLocked: mDrawState=HAS_DRAWN in Window{69be8a7 u0 com.android.todolist/com.android.todolist.ListActivity}
07-24 16:10:25.984  3385  5304 D Layer   : [AppWindowToken{bcc219a token=Token{b234645 ActivityRecord{c0b6bc u0 com.android.todolist/.ListActivity t1568}}}#0]::reparent oldParent:[Task=1568#0], newParent:[Surface(name=AppWindowToken{bcc219a token=Token{b234645 ActivityRecord{c0b6bc u0 com.android.todolist/.ListActivity t1568}}})/@0x9d54b25 - animation-leash#0]
07-24 16:10:25.984  3385  5304 D Layer   : [AppWindowToken{3e56118 token=Token{6ffcfb ActivityRecord{143de8a u0 com.android.todolist/.MainActivity t1568}}}#0]::reparent oldParent:[Task=1568#0], newParent:[Surface(name=AppWindowToken{3e56118 token=Token{6ffcfb ActivityRecord{143de8a u0 com.android.todolist/.MainActivity t1568}}})/@0xce52919 - animation-leash#0]
07-24 16:10:25.992  3944  3987 I ActivityManager: Displayed com.android.todolist/.ListActivity: +133ms
07-24 16:10:25.993  3385  3385 I SurfaceFlinger:      Device | 0x71bfbfb760 | 0002 | RGBA_8888 |   0.0    0.0 1440.0 2960.0 |    0    0 1440 2960 | com.android.todolist/com.android.todolist.MainActivity[5936]#0
07-24 16:10:26.016  3385  3385 I SurfaceFlinger:      Client | 0x71bfbfb760 | 0002 | RGBA_8888 |   0.0    1.0 1440.0 2960.0 |    0    0 1440 2959 | com.android.todolist/com.android.todolist.MainActivity[5936]#0
07-24 16:10:26.016  3385  3385 I SurfaceFlinger:      Device | 0x71bfbf98c0 | 0002 | RGBA_8888 |   0.0    0.0 1440.0 2268.0 |    0  692 1440 2960 | com.android.todolist/com.android.todolist.ListActivity[5936]#0
07-24 16:10:26.028  3385  3385 I SurfaceFlinger:      Client | 0x71bfbfb760 | 0002 | RGBA_8888 |   0.0    3.0 1440.0 2960.0 |    0    0 1440 2957 | com.android.todolist/com.android.todolist.MainActivity[5936]#0
07-24 16:10:26.028  3385  3385 I SurfaceFlinger:      Device | 0x71bfbf98c0 | 0002 | RGBA_8888 |   0.0    0.0 1440.0 2298.0 |    0  662 1440 2960 | com.android.todolist/com.android.todolist.ListActivity[5936]#0
07-24 16:10:26.095  3385  3385 I SurfaceFlinger:      Client | 0x71bfbfb760 | 0002 | RGBA_8888 |   0.0   22.0 1440.0 2960.0 |    0    0 1440 2938 | com.android.todolist/com.android.todolist.MainActivity[5936]#0
07-24 16:10:26.095  3385  3385 I SurfaceFlinger:      Client | 0x71bfbf98c0 | 0002 | RGBA_8888 |   0.0    0.0 1440.0 2685.0 |    0  275 1440 2960 | com.android.todolist/com.android.todolist.ListActivity[5936]#0
07-24 16:10:26.273  3944  4067 I WindowManager: reset, Reparenting to original parent, shouldDeferScheduleAnimation=true, destroyLeash=true, surface=Surface(name=AppWindowToken{bcc219a token=Token{b234645 ActivityRecord{c0b6bc u0 com.android.todolist/.ListActivity t1568}}})/@0x9d54b25, parent=Surface(name=Task=1568)/@0xede461, parentNativeHandle=android.os.BinderProxy@9e394d3, caller=com.android.server.wm.SurfaceAnimator.lambda$getFinishedCallback$0:94 com.android.server.wm.-$$Lambda$SurfaceAnimator$SIBia0mND666K8lMCPsoid8pUTI.run:4 com.android.server.wm.AnimatingAppWindowTokenRegistry.endDeferringFinished:104 com.android.server.wm.AnimatingAppWindowTokenRegistry.notifyAboutToFinish:77 com.android.server.wm.AppWindowToken.shouldDeferAnimationFinish:2251 
07-24 16:10:26.274  3944  4067 D SurfaceControl: reparent is called, sc=Surface(name=AppWindowToken{bcc219a token=Token{b234645 ActivityRecord{c0b6bc u0 com.android.todolist/.ListActivity t1568}}})/@0x9d54b25, newParentHandle=android.os.BinderProxy@9e394d3, transaction=android.view.SurfaceControl$Transaction@2f62aab
07-24 16:10:26.274  3944  4067 D SurfaceControl: destroy(transaction), animation-leash is destroyed, sc=Surface(name=Surface(name=AppWindowToken{bcc219a token=Token{b234645 ActivityRecord{c0b6bc u0 com.android.todolist/.ListActivity t1568}}})/@0x9d54b25 - animation-leash)/@0x1eac687, transaction=android.view.SurfaceControl$Transaction@2f62aab, caller=com.android.server.wm.SurfaceAnimator.reset:335 com.android.server.wm.SurfaceAnimator.lambda$getFinishedCallback$0:94 com.android.server.wm.-$$Lambda$SurfaceAnimator$SIBia0mND666K8lMCPsoid8pUTI.run:4 com.android.server.wm.AnimatingAppWindowTokenRegistry.endDeferringFinished:104 com.android.server.wm.AnimatingAppWindowTokenRegistry.notifyAboutToFinish:77 com.android.server.wm.AppWindowToken.shouldDeferAnimationFinish:2251 com.android.server.wm.SurfaceAnimator.lambda$getFinishedCallback$1:100 
07-24 16:10:26.274  3944  4067 I WindowManager: reset, Reparenting to original parent, shouldDeferScheduleAnimation=false, destroyLeash=true, surface=Surface(name=AppWindowToken{3e56118 token=Token{6ffcfb ActivityRecord{143de8a u0 com.android.todolist/.MainActivity t1568}}})/@0xce52919, parent=Surface(name=Task=1568)/@0xede461, parentNativeHandle=android.os.BinderProxy@9e394d3, caller=com.android.server.wm.SurfaceAnimator.lambda$getFinishedCallback$0:94 com.android.server.wm.-$$Lambda$SurfaceAnimator$SIBia0mND666K8lMCPsoid8pUTI.run:4 com.android.server.wm.SurfaceAnimator.lambda$getFinishedCallback$1:101 com.android.server.wm.-$$Lambda$SurfaceAnimator$vdRZk66hQVbQCvVXEaQCT1kVmFc.onAnimationFinished:4 com.android.server.wm.LocalAnimationAdapter.lambda$startAnimation$0:65 
07-24 16:10:26.274  3944  4067 D SurfaceControl: reparent is called, sc=Surface(name=AppWindowToken{3e56118 token=Token{6ffcfb ActivityRecord{143de8a u0 com.android.todolist/.MainActivity t1568}}})/@0xce52919, newParentHandle=android.os.BinderProxy@9e394d3, transaction=android.view.SurfaceControl$Transaction@c64fbbf
07-24 16:10:26.274  3944  4067 D SurfaceControl: destroy(transaction), animation-leash is destroyed, sc=Surface(name=Surface(name=AppWindowToken{3e56118 token=Token{6ffcfb ActivityRecord{143de8a u0 com.android.todolist/.MainActivity t1568}}})/@0xce52919 - animation-leash)/@0xd71b6d, transaction=android.view.SurfaceControl$Transaction@c64fbbf, caller=com.android.server.wm.SurfaceAnimator.reset:335 com.android.server.wm.SurfaceAnimator.lambda$getFinishedCallback$0:94 com.android.server.wm.-$$Lambda$SurfaceAnimator$SIBia0mND666K8lMCPsoid8pUTI.run:4 com.android.server.wm.SurfaceAnimator.lambda$getFinishedCallback$1:101 com.android.server.wm.-$$Lambda$SurfaceAnimator$vdRZk66hQVbQCvVXEaQCT1kVmFc.onAnimationFinished:4 com.android.server.wm.LocalAnimationAdapter.lambda$startAnimation$0:65 com.android.server.wm.-$$Lambda$LocalAnimationAdapter$X--EomqUvw4qy89IeeTFTH7aCMo.run:4 
07-24 16:10:26.275  3944  4067 V WindowManager: Setting visibility of Window{6fb3b30 u0 com.android.todolist/com.android.todolist.MainActivity}: false, caller=com.android.server.wm.WindowContainer.sendAppVisibilityToClients:623 com.android.server.wm.AppWindowToken.setClientHidden:461 com.android.server.wm.AppWindowToken.onAnimationFinished:2398 com.android.server.wm.-$$Lambda$yVRF8YoeNdTa8GR1wDStVsHu8xM.run:2 com.android.server.wm.SurfaceAnimator.lambda$getFinishedCallback$0:97 
07-24 16:10:26.276  3944  4067 D WindowManager: prepareSurfaces, request to clear saved leash, surface=Surface(name=AppWindowToken{3e56118 token=Token{6ffcfb ActivityRecord{143de8a u0 com.android.todolist/.MainActivity t1568}}})/@0xce52919
07-24 16:10:26.276  3944  4067 D WindowManager: prepareSurfaces, request to clear saved leash, surface=Surface(name=AppWindowToken{bcc219a token=Token{b234645 ActivityRecord{c0b6bc u0 com.android.todolist/.ListActivity t1568}}})/@0x9d54b25
07-24 16:10:26.277  3385  3423 D Layer   : [AppWindowToken{bcc219a token=Token{b234645 ActivityRecord{c0b6bc u0 com.android.todolist/.ListActivity t1568}}}#0]::reparent oldParent:[Surface(name=AppWindowToken{bcc219a token=Token{b234645 ActivityRecord{c0b6bc u0 com.android.todolist/.ListActivity t1568}}})/@0x9d54b25 - animation-leash#0], newParent:[Task=1568#0]
07-24 16:10:26.278  3385  3423 D Layer   : [AppWindowToken{3e56118 token=Token{6ffcfb ActivityRecord{143de8a u0 com.android.todolist/.MainActivity t1568}}}#0]::reparent oldParent:[Surface(name=AppWindowToken{3e56118 token=Token{6ffcfb ActivityRecord{143de8a u0 com.android.todolist/.MainActivity t1568}}})/@0xce52919 - animation-leash#0], newParent:[Task=1568#0]
07-24 16:10:26.278  3385  3423 I SurfaceFlinger: id=72496 Removed Surface(name=AppWindowToken{bcc219a token=Token{b234645 ActivityRecord{c0b6bc u0 com.android.todolist/.ListActivity t1568}}})/@0x9d54b25 - animation-leash#0 (1/101)
07-24 16:10:26.278  3385  3423 I SurfaceFlinger: id=72495 Removed Surface(name=AppWindowToken{3e56118 token=Token{6ffcfb ActivityRecord{143de8a u0 com.android.todolist/.MainActivity t1568}}})/@0xce52919 - animation-leash#0 (0/100)
07-24 16:10:26.279  3944  4067 D WindowManager: clearSavedLeashOnCommit, savedLeash=Surface(name=Surface(name=AppWindowToken{3e56118 token=Token{6ffcfb ActivityRecord{143de8a u0 com.android.todolist/.MainActivity t1568}}})/@0xce52919 - animation-leash)/@0xd71b6d, caller=com.android.server.wm.WindowContainer.clearSavedLeashOnCommit:1164 com.android.server.wm.WindowContainer.clearSavedLeashOnCommit:1168 com.android.server.wm.WindowContainer.clearSavedLeashOnCommit:1168 com.android.server.wm.WindowContainer.clearSavedLeashOnCommit:1168 com.android.server.wm.WindowContainer.clearSavedLeashOnCommit:1168 com.android.server.wm.RootWindowContainer.performSurfacePlacement:784 
07-24 16:10:26.279  3944  4067 D WindowManager: clearSavedLeashOnCommit, savedLeash=Surface(name=Surface(name=AppWindowToken{bcc219a token=Token{b234645 ActivityRecord{c0b6bc u0 com.android.todolist/.ListActivity t1568}}})/@0x9d54b25 - animation-leash)/@0x1eac687, caller=com.android.server.wm.WindowContainer.clearSavedLeashOnCommit:1164 com.android.server.wm.WindowContainer.clearSavedLeashOnCommit:1168 com.android.server.wm.WindowContainer.clearSavedLeashOnCommit:1168 com.android.server.wm.WindowContainer.clearSavedLeashOnCommit:1168 com.android.server.wm.WindowContainer.clearSavedLeashOnCommit:1168 com.android.server.wm.RootWindowContainer.performSurfacePlacement:784 
07-24 16:10:26.290  3385  3385 I Layer   : id=72495 onRemoved Surface(name=AppWindowToken{3e56118 token=Token{6ffcfb ActivityRecord{143de8a u0 com.android.todolist/.MainActivity t1568}}})/@0xce52919 - animation-leash#0 
07-24 16:10:26.290  3385  3385 I Layer   : id=72496 onRemoved Surface(name=AppWindowToken{bcc219a token=Token{b234645 ActivityRecord{c0b6bc u0 com.android.todolist/.ListActivity t1568}}})/@0x9d54b25 - animation-leash#0 
07-24 16:10:26.298  3385  3385 I SurfaceFlinger:      Device | 0x71bfbf98c0 | 0002 | RGBA_8888 |   0.0    0.0 1440.0 2960.0 |    0    0 1440 2960 | com.android.todolist/com.android.todolist.ListActivity[5936]#0
07-24 16:10:26.309  3385  3424 E BufferQueueProducer: [com.android.todolist/com.android.todolist.MainActivity[5936]#0] disconnect: not connected (req=1)
07-24 16:10:26.313  3944  4288 V WindowManager: Relayout Window{6fb3b30 u0 com.android.todolist/com.android.todolist.MainActivity}: viewVisibility=8 req=1440x2960 {(0,0)(fillxfill) sim={adjust=pan} ty=BASE_APPLICATION wanim=0x10302fe
07-24 16:10:26.313  3944  4288 E WindowManager: win=Window{6fb3b30 u0 com.android.todolist/com.android.todolist.MainActivity} destroySurfaces: appStopped=false win.mWindowRemovalAllowed=false win.mRemoveOnExit=false win.mViewVisibility=8 caller=com.android.server.wm.WindowManagerService.tryStartExitingAnimation:2803 com.android.server.wm.WindowManagerService.relayoutWindow:2501 com.android.server.wm.Session.relayoutForTranslate:302 android.view.IWindowSession$Stub.onTransact:518 com.android.server.wm.Session.onTransact:186 android.os.Binder.execTransact:739 <bottom of call stack> 
07-24 16:10:26.313  3944  4288 I WindowManager: Destroying surface Surface(name=com.android.todolist/com.android.todolist.MainActivity[5936])/@0xc8c40cf called by com.android.server.wm.WindowStateAnimator.destroySurface:1880 com.android.server.wm.WindowStateAnimator.destroySurfaceLocked:838 com.android.server.wm.WindowState.destroySurfaceUnchecked:3847 com.android.server.wm.WindowState.destroySurface:3828 com.android.server.wm.WindowManagerService.tryStartExitingAnimation:2803 com.android.server.wm.WindowManagerService.relayoutWindow:2501 com.android.server.wm.Session.relayoutForTranslate:302 android.view.IWindowSession$Stub.onTransact:518 
07-24 16:10:26.313  3385  3424 I SurfaceFlinger: id=72483 Removed com.android.todolist/com.android.todolist.MainActivity[5936]#0 (0/98)
07-24 16:10:26.323  3385  3385 I Layer   : id=72483 onRemoved com.android.todolist/com.android.todolist.MainActivity[5936]#0 
07-24 16:10:26.609  3944  8262 D GameManagerService: identifyGamePackage. com.android.todolist, mCurrentUserId: 0, callerUserId: 0
07-24 16:10:26.609  3944  8262 D GamePkgDataHelper: getGamePkgData(). com.android.todolist
07-24 16:10:27.803  5936  5936 D InputMethodManager: SSI - flag : 1 Pid : 5936 view : com.android.todolist
07-24 16:10:27.805  5936  5936 V InputMethodManager: Starting input: tba=com.android.todolist ic=com.android.internal.widget.EditableInputConnection@2e7e58b mNaviBarColor -855310 mIsGetNaviBarColorSuccess true , NavVisible : true , NavTrans : false
07-24 16:10:27.856  3944  4288 W NotificationService: Toast already killed. pkg=com.android.todolist callback=android.app.ITransientNotification$Stub$Proxy@749bfac
07-24 16:10:27.919 11107 11107 D [SPAF]StructureParser: Parsing structure for ComponentInfo{com.android.todolist/com.android.todolist.ListActivity}
07-24 16:10:28.186  3944  5616 V WindowManager: Resize reasons for w=Window{69be8a7 u0 com.android.todolist/com.android.todolist.ListActivity}:  contentInsetsChanged=true [0,96][0,1428] visibleInsetsChanged=true [0,96][0,1428] stableInsetsChanged=false [0,96][0,192] outsetsChanged=false [0,0][0,0] surfaceResized=false configChanged=false dragResizingChanged=false reportOrientationChanged=false displayCutoutChanged=false nextForceRelayoutToClient=false
07-24 16:10:28.187  3944  3978 D WindowManager: setSystemUiVisibility: vis= 0x8008, fullscreenVis= 0x0, dockedVis= 0x0, win=Window{69be8a7 u0 com.android.todolist/com.android.todolist.ListActivity}
07-24 16:10:28.204  3944  5616 V WindowManager: Relayout Window{69be8a7 u0 com.android.todolist/com.android.todolist.ListActivity}: viewVisibility=0 req=1440x2960 {(0,0)(fillxfill) sim={adjust=resize forwardNavigation} ty=BASE_APPLICATION wanim=0x10302fe
07-24 16:10:28.317  3385  3385 I SurfaceFlinger:      Device | 0x71bfbf9700 | 0002 | RGBA_8888 |   0.0    0.0 1440.0 2960.0 |    0    0 1440 2960 | com.android.todolist/com.android.todolist.ListActivity[5936]#0
07-24 16:10:28.347  3385  3385 I SurfaceFlinger:      Device | 0x71bfbfbae0 | 0002 | RGBA_8888 |   0.0    0.0 1440.0 2960.0 |    0    0 1440 2960 | com.android.todolist/com.android.todolist.ListActivity[5936]#0
07-24 16:10:29.706  3944  4154 D WifiTrafficPoller: TrafficStats TxPkts=17182738 RxPkts=27647236 TxBytes=4106877223 RxBytes=29399768142 , Foreground uid=10387 pkgName=com.android.todolist TxPackets=0 RxPackets=0 TxBytes=0 RxBytes=0
07-24 16:10:29.809  3944  3944 D GameManagerService: identifyGamePackage. com.android.todolist, mCurrentUserId: 0, callerUserId: 0
07-24 16:10:29.809  3944  3944 D GamePkgDataHelper: getGamePkgData(). com.android.todolist
07-24 16:10:29.968  3944  3944 D GameManagerService: identifyGamePackage. com.android.todolist, mCurrentUserId: 0, callerUserId: 0
07-24 16:10:29.968  3944  3944 D GamePkgDataHelper: getGamePkgData(). com.android.todolist
07-24 16:10:30.163  3944  3944 D GameManagerService: identifyGamePackage. com.android.todolist, mCurrentUserId: 0, callerUserId: 0
07-24 16:10:30.164  3944  3944 D GamePkgDataHelper: getGamePkgData(). com.android.todolist
07-24 16:10:31.091  3944  6386 V WindowManager: Changing focus from Window{69be8a7 u0 com.android.todolist/com.android.todolist.ListActivity} to Window{acb4be3 u0 PopupWindow:7c6a740} Callers=com.android.server.wm.WindowManagerService.addWindow:1799 com.android.server.wm.Session.addToDisplayForTranslate:244 android.view.IWindowSession$Stub.onTransact:208 com.android.server.wm.Session.onTransact:186 
07-24 16:10:31.239  3944  3987 D WindowManager: reportFocusChangedSerialized, focused=false, inTouchMode=true, win=Window{69be8a7 u0 com.android.todolist/com.android.todolist.ListActivity}
07-24 16:10:31.242  3385  3385 I SurfaceFlinger:      Device | 0x71bfbf98c0 | 0002 | RGBA_8888 |   0.0    0.0 1440.0 2960.0 |    0    0 1440 2960 | com.android.todolist/com.android.todolist.ListActivity[5936]#0
07-24 16:10:32.151  3944  4234 V WindowManager: Changing focus from Window{acb4be3 u0 PopupWindow:7c6a740} to Window{69be8a7 u0 com.android.todolist/com.android.todolist.ListActivity} Callers=com.android.server.wm.WindowManagerService.relayoutWindow:2571 com.android.server.wm.Session.relayoutForTranslate:302 android.view.IWindowSession$Stub.onTransact:518 com.android.server.wm.Session.onTransact:186 
07-24 16:10:32.153  3944  3987 D WindowManager: reportFocusChangedSerialized, focused=true, inTouchMode=true, win=Window{69be8a7 u0 com.android.todolist/com.android.todolist.ListActivity}
07-24 16:10:32.501  3385  3385 I SurfaceFlinger:      Device | 0x71bfbf98c0 | 0002 | RGBA_8888 |   0.0    0.0 1440.0 2960.0 |    0    0 1440 2960 | com.android.todolist/com.android.todolist.ListActivity[5936]#0
07-24 16:10:32.775  5936  5936 V InputMethodManager: Starting input: tba=com.android.todolist ic=com.android.internal.widget.EditableInputConnection@79e5907 mNaviBarColor -855310 mIsGetNaviBarColorSuccess true , NavVisible : true , NavTrans : false
07-24 16:10:32.862  3944  4234 V WindowManager: Resize reasons for w=Window{69be8a7 u0 com.android.todolist/com.android.todolist.ListActivity}:  contentInsetsChanged=true [0,96][0,192] visibleInsetsChanged=true [0,96][0,192] stableInsetsChanged=false [0,96][0,192] outsetsChanged=false [0,0][0,0] surfaceResized=false configChanged=false dragResizingChanged=false reportOrientationChanged=false displayCutoutChanged=false nextForceRelayoutToClient=false
07-24 16:10:32.863  3944  3978 D WindowManager: setSystemUiVisibility: vis= 0x8018, fullscreenVis= 0x0, dockedVis= 0x0, win=Window{69be8a7 u0 com.android.todolist/com.android.todolist.ListActivity}
07-24 16:10:32.877  3944  6386 V WindowManager: Relayout Window{69be8a7 u0 com.android.todolist/com.android.todolist.ListActivity}: viewVisibility=0 req=1440x2960 {(0,0)(fillxfill) sim={adjust=resize forwardNavigation} ty=BASE_APPLICATION wanim=0x10302fe
07-24 16:10:33.046  3385  3385 I SurfaceFlinger:      Device | 0x71bfbf9700 | 0002 | RGBA_8888 |   0.0    0.0 1440.0 2960.0 |    0    0 1440 2960 | com.android.todolist/com.android.todolist.ListActivity[5936]#0
07-24 16:10:33.469  3944  9409 V WindowManager: Changing focus from Window{69be8a7 u0 com.android.todolist/com.android.todolist.ListActivity} to Window{3509170 u0 PopupWindow:d200d32} Callers=com.android.server.wm.WindowManagerService.addWindow:1799 com.android.server.wm.Session.addToDisplayForTranslate:244 android.view.IWindowSession$Stub.onTransact:208 com.android.server.wm.Session.onTransact:186 
07-24 16:10:33.564  3944  3987 D WindowManager: reportFocusChangedSerialized, focused=false, inTouchMode=true, win=Window{69be8a7 u0 com.android.todolist/com.android.todolist.ListActivity}
07-24 16:10:33.577  3385  3385 I SurfaceFlinger:      Device | 0x71bfbf98c0 | 0002 | RGBA_8888 |   0.0    0.0 1440.0 2960.0 |    0    0 1440 2960 | com.android.todolist/com.android.todolist.ListActivity[5936]#0
07-24 16:10:33.794  3944  4154 D WifiTrafficPoller: TrafficStats TxPkts=17182744 RxPkts=27647243 TxBytes=4106877612 RxBytes=29399768772 , Foreground uid=10387 pkgName=com.android.todolist TxPackets=0 RxPackets=0 TxBytes=0 RxBytes=0
07-24 16:10:35.183  3944  9409 V WindowManager: Changing focus from Window{3509170 u0 PopupWindow:d200d32} to Window{69be8a7 u0 com.android.todolist/com.android.todolist.ListActivity} Callers=com.android.server.wm.WindowManagerService.relayoutWindow:2571 com.android.server.wm.Session.relayoutForTranslate:302 android.view.IWindowSession$Stub.onTransact:518 com.android.server.wm.Session.onTransact:186 
07-24 16:10:35.184  3944  3987 D WindowManager: reportFocusChangedSerialized, focused=true, inTouchMode=true, win=Window{69be8a7 u0 com.android.todolist/com.android.todolist.ListActivity}
07-24 16:10:35.201  5936  5936 V InputMethodManager: Starting input: tba=com.android.todolist ic=null mNaviBarColor -855310 mIsGetNaviBarColorSuccess true , NavVisible : true , NavTrans : false
07-24 16:10:35.528  3385  3385 I SurfaceFlinger:      Device | 0x71bfbf98c0 | 0002 | RGBA_8888 |   0.0    0.0 1440.0 2960.0 |    0    0 1440 2960 | com.android.todolist/com.android.todolist.ListActivity[5936]#0
07-24 16:10:36.108  3944  9409 V WindowManager: Changing focus from Window{69be8a7 u0 com.android.todolist/com.android.todolist.ListActivity} to Window{2e813db u0 PopupWindow:d474354} Callers=com.android.server.wm.WindowManagerService.addWindow:1799 com.android.server.wm.Session.addToDisplayForTranslate:244 android.view.IWindowSession$Stub.onTransact:208 com.android.server.wm.Session.onTransact:186 
07-24 16:10:36.205  3944  3987 D WindowManager: reportFocusChangedSerialized, focused=false, inTouchMode=true, win=Window{69be8a7 u0 com.android.todolist/com.android.todolist.ListActivity}
07-24 16:10:36.215  3385  3385 I SurfaceFlinger:      Device | 0x71bfbfbae0 | 0002 | RGBA_8888 |   0.0    0.0 1440.0 2960.0 |    0    0 1440 2960 | com.android.todolist/com.android.todolist.ListActivity[5936]#0
07-24 16:10:36.712  3944  3951 D SurfaceControl: finalize(protected), animation-leash is released by finalize, sc=Surface(name=Surface(name=AppWindowToken{f1dd039 token=Token{8902000 ActivityRecord{ab44683 u0 com.android.todolist/.MainActivity t1568}}})/@0x738085c - animation-leash)/@0xed2be86, nativeObject=523181771488, caller=java.lang.Daemons$FinalizerDaemon.doFinalize:250 java.lang.Daemons$FinalizerDaemon.runInternal:237 java.lang.Daemons$Daemon.run:103 java.lang.Thread.run:764 <bottom of call stack> <bottom of call stack> <bottom of call stack> 
07-24 16:10:36.714  3944  3951 D SurfaceControl: finalize(protected), animation-leash is released by finalize, sc=Surface(name=Surface(name=AppWindowToken{f1dd039 token=Token{8902000 ActivityRecord{ab44683 u0 com.android.todolist/.MainActivity t1568}}})/@0x738085c - animation-leash)/@0xe7cbc91, nativeObject=522646811008, caller=java.lang.Daemons$FinalizerDaemon.doFinalize:250 java.lang.Daemons$FinalizerDaemon.runInternal:237 java.lang.Daemons$Daemon.run:103 java.lang.Thread.run:764 <bottom of call stack> <bottom of call stack> <bottom of call stack> 
07-24 16:10:36.714  3944  3951 D SurfaceControl: finalize(protected), animation-leash is released by finalize, sc=Surface(name=Surface(name=AppWindowToken{99b6d0f token=Token{5bd726e ActivityRecord{dbec5e9 u0 com.android.todolist/.ListActivity t1568}}})/@0xba16cc9 - animation-leash)/@0x7b6ade8, nativeObject=523182407968, caller=java.lang.Daemons$FinalizerDaemon.doFinalize:250 java.lang.Daemons$FinalizerDaemon.runInternal:237 java.lang.Daemons$Daemon.run:103 java.lang.Thread.run:764 <bottom of call stack> <bottom of call stack> <bottom of call stack> 
07-24 16:10:36.714  3944  3951 D SurfaceControl: finalize(protected), animation-leash is released by finalize, sc=Surface(name=Surface(name=AppWindowToken{99b6d0f token=Token{5bd726e ActivityRecord{dbec5e9 u0 com.android.todolist/.ListActivity t1568}}})/@0xba16cc9 - animation-leash)/@0x648c406, nativeObject=523181776576, caller=java.lang.Daemons$FinalizerDaemon.doFinalize:250 java.lang.Daemons$FinalizerDaemon.runInternal:237 java.lang.Daemons$Daemon.run:103 java.lang.Thread.run:764 <bottom of call stack> <bottom of call stack> <bottom of call stack> 
07-24 16:10:36.714  3944  3951 D SurfaceControl: finalize(protected), animation-leash is released by finalize, sc=Surface(name=Surface(name=AppWindowToken{3e56118 token=Token{6ffcfb ActivityRecord{143de8a u0 com.android.todolist/.MainActivity t1568}}})/@0xce52919 - animation-leash)/@0xa7794db, nativeObject=523182419392, caller=java.lang.Daemons$FinalizerDaemon.doFinalize:250 java.lang.Daemons$FinalizerDaemon.runInternal:237 java.lang.Daemons$Daemon.run:103 java.lang.Thread.run:764 <bottom of call stack> <bottom of call stack> <bottom of call stack> 
07-24 16:10:36.715  3944  3951 D SurfaceControl: finalize(protected), animation-leash is released by finalize, sc=Surface(name=Surface(name=AppWindowToken{3e56118 token=Token{6ffcfb ActivityRecord{143de8a u0 com.android.todolist/.MainActivity t1568}}})/@0xce52919 - animation-leash)/@0xd71b6d, nativeObject=523181960608, caller=java.lang.Daemons$FinalizerDaemon.doFinalize:250 java.lang.Daemons$FinalizerDaemon.runInternal:237 java.lang.Daemons$Daemon.run:103 java.lang.Thread.run:764 <bottom of call stack> <bottom of call stack> <bottom of call stack> 
07-24 16:10:36.715  3944  3951 D SurfaceControl: finalize(protected), animation-leash is released by finalize, sc=Surface(name=Surface(name=AppWindowToken{bcc219a token=Token{b234645 ActivityRecord{c0b6bc u0 com.android.todolist/.ListActivity t1568}}})/@0x9d54b25 - animation-leash)/@0x1eac687, nativeObject=523182407776, caller=java.lang.Daemons$FinalizerDaemon.doFinalize:250 java.lang.Daemons$FinalizerDaemon.runInternal:237 java.lang.Daemons$Daemon.run:103 java.lang.Thread.run:764 <bottom of call stack> <bottom of call stack> <bottom of call stack> 
07-24 16:10:37.238  3944  5491 V WindowManager: Changing focus from Window{2e813db u0 PopupWindow:d474354} to Window{69be8a7 u0 com.android.todolist/com.android.todolist.ListActivity} Callers=com.android.server.wm.WindowManagerService.relayoutWindow:2571 com.android.server.wm.Session.relayoutForTranslate:302 android.view.IWindowSession$Stub.onTransact:518 com.android.server.wm.Session.onTransact:186 
07-24 16:10:37.241  3944  3987 D WindowManager: reportFocusChangedSerialized, focused=true, inTouchMode=true, win=Window{69be8a7 u0 com.android.todolist/com.android.todolist.ListActivity}
07-24 16:10:37.579  3385  3385 I SurfaceFlinger:      Device | 0x71bfbf98c0 | 0002 | RGBA_8888 |   0.0    0.0 1440.0 2960.0 |    0    0 1440 2960 | com.android.todolist/com.android.todolist.ListActivity[5936]#0
07-24 16:10:38.039  3944  6009 V WindowManager: Changing focus from Window{69be8a7 u0 com.android.todolist/com.android.todolist.ListActivity} to Window{aca12b7 u0 PopupWindow:fddb181} Callers=com.android.server.wm.WindowManagerService.addWindow:1799 com.android.server.wm.Session.addToDisplayForTranslate:244 android.view.IWindowSession$Stub.onTransact:208 com.android.server.wm.Session.onTransact:186 
07-24 16:10:38.163  3944  3987 D WindowManager: reportFocusChangedSerialized, focused=false, inTouchMode=true, win=Window{69be8a7 u0 com.android.todolist/com.android.todolist.ListActivity}
07-24 16:10:38.168  3385  3385 I SurfaceFlinger:      Device | 0x71bfbf9700 | 0002 | RGBA_8888 |   0.0    0.0 1440.0 2960.0 |    0    0 1440 2960 | com.android.todolist/com.android.todolist.ListActivity[5936]#0
07-24 16:10:38.977  3944  4282 V WindowManager: Changing focus from Window{aca12b7 u0 PopupWindow:fddb181} to Window{69be8a7 u0 com.android.todolist/com.android.todolist.ListActivity} Callers=com.android.server.wm.WindowManagerService.relayoutWindow:2571 com.android.server.wm.Session.relayoutForTranslate:302 android.view.IWindowSession$Stub.onTransact:518 com.android.server.wm.Session.onTransact:186 
07-24 16:10:38.979  3944  3987 D WindowManager: reportFocusChangedSerialized, focused=true, inTouchMode=true, win=Window{69be8a7 u0 com.android.todolist/com.android.todolist.ListActivity}
07-24 16:10:39.035  3385  3385 I SurfaceFlinger: id=72511 createSurf (5920x5920),2 flag=4, fcc742 com.android.todolist/com.android.todolist.ListActivity#0
07-24 16:10:39.037  3944  4282 V WindowManager: Changing focus from Window{69be8a7 u0 com.android.todolist/com.android.todolist.ListActivity} to Window{fcc742 u0 com.android.todolist/com.android.todolist.ListActivity} Callers=com.android.server.wm.WindowManagerService.addWindow:1799 com.android.server.wm.Session.addToDisplayForTranslate:244 android.view.IWindowSession$Stub.onTransact:208 com.android.server.wm.Session.onTransact:186 
07-24 16:10:39.040  3944  3987 D WindowManager: reportFocusChangedSerialized, focused=true, inTouchMode=true, win=Window{fcc742 u0 com.android.todolist/com.android.todolist.ListActivity}
07-24 16:10:39.054  3944  4282 V WindowManager: Relayout Window{fcc742 u0 com.android.todolist/com.android.todolist.ListActivity}: viewVisibility=0 req=1368x840 {(0,0)(wrapxwrap) gr=CENTER sim={adjust=pan forwardNavigation} ty=APPLICATION fmt=TRANSLUCENT wanim=0x7f0f0002 surfaceInsets=Rect(128, 128 - 128, 128)
07-24 16:10:39.057  3944  4282 V WindowManager: Resize reasons for w=Window{fcc742 u0 com.android.todolist/com.android.todolist.ListActivity}:  contentInsetsChanged=false [0,0][0,0] visibleInsetsChanged=false [0,0][0,0] stableInsetsChanged=false [0,0][0,0] outsetsChanged=false [0,0][0,0] surfaceResized=false configChanged=true dragResizingChanged=false reportOrientationChanged=false displayCutoutChanged=false nextForceRelayoutToClient=false
07-24 16:10:39.067  3385  3385 D SurfaceFlinger: duplicate layer name: changing com.android.todolist/com.android.todolist.ListActivity[5936] to com.android.todolist/com.android.todolist.ListActivity[5936]#1
07-24 16:10:39.068  3385  3385 I SurfaceFlinger: id=72512 createSurf (1624x1096),1 flag=4, com.android.todolist/com.android.todolist.ListActivity[5936]#1
07-24 16:10:39.069  3944  4282 D WindowManager: makeSurface duration=3 name=com.android.todolist/com.android.todolist.ListActivity[5936]
07-24 16:10:39.089  5936  5936 V InputMethodManager: Starting input: tba=com.android.todolist ic=null mNaviBarColor -855310 mIsGetNaviBarColorSuccess true , NavVisible : true , NavTrans : false
07-24 16:10:39.090  3944  4282 V InputMethodManagerService: windowGainedFocus : reason=WINDOW_FOCUS_GAIN client=android.os.BinderProxy@3a14d3f inputContext=null missingMethods= attribute=android.view.inputmethod.EditorInfo@72b8490 nm = com.android.todolist controlFlags=#104 softInputMode=#120 windowFlags=#1800002
07-24 16:10:39.109  3944  4282 D WindowManager: finishDrawingWindow: Window{fcc742 u0 com.android.todolist/com.android.todolist.ListActivity} mDrawState=DRAW_PENDING
07-24 16:10:39.113  3944  4067 I WindowManager: commitFinishDrawingLocked: mDrawState=READY_TO_SHOW Surface(name=com.android.todolist/com.android.todolist.ListActivity[5936])/@0x594158e
07-24 16:10:39.118  3944  4067 I WindowManager: commitFinishDrawingLocked: mDrawState=READY_TO_SHOW Surface(name=com.android.todolist/com.android.todolist.ListActivity[5936])/@0x594158e
07-24 16:10:39.122  3944  4067 I WindowManager: Cancelling animation restarting=true, leash=null, surface=Surface(name=fcc742 com.android.todolist/com.android.todolist.ListActivity)/@0xee1ad45, parent=Surface(name=AppWindowToken{bcc219a token=Token{b234645 ActivityRecord{c0b6bc u0 com.android.todolist/.ListActivity t1568}}})/@0x9d54b25
07-24 16:10:39.123  3944  4067 I WindowManager: Reparenting to leash, surface=Surface(name=fcc742 com.android.todolist/com.android.todolist.ListActivity)/@0xee1ad45
07-24 16:10:39.126  3385  3385 I SurfaceFlinger: id=72513 createSurf (5920x5920),2 flag=4, Surface(name=fcc742 com.android.todolist/com.android.todolist.ListActivity)/@0xee1ad45 - animation-leash#0
07-24 16:10:39.128  3944  4067 D SurfaceControl: reparent is called, sc=Surface(name=fcc742 com.android.todolist/com.android.todolist.ListActivity)/@0xee1ad45, newParentHandle=android.os.BinderProxy@13ffc9a, transaction=android.view.SurfaceControl$Transaction@51a9cb
07-24 16:10:39.128  3944  4067 V WindowManager: performShowLocked: mDrawState=HAS_DRAWN in Window{fcc742 u0 com.android.todolist/com.android.todolist.ListActivity}
07-24 16:10:39.141  3385  5304 D Layer   : [fcc742 com.android.todolist/com.android.todolist.ListActivity#0]::reparent oldParent:[AppWindowToken{bcc219a token=Token{b234645 ActivityRecord{c0b6bc u0 com.android.todolist/.ListActivity t1568}}}#0], newParent:[Surface(name=fcc742 com.android.todolist/com.android.todolist.ListActivity)/@0xee1ad45 - animation-leash#0]
07-24 16:10:39.145  3944  3978 D WindowManager: setSystemUiVisibility: vis= 0x8008, fullscreenVis= 0x0, dockedVis= 0x0, win=Window{fcc742 u0 com.android.todolist/com.android.todolist.ListActivity}
07-24 16:10:39.152  3944  3987 D WindowManager: reportFocusChangedSerialized, focused=false, inTouchMode=true, win=Window{69be8a7 u0 com.android.todolist/com.android.todolist.ListActivity}
07-24 16:10:39.191  3385  3385 I SurfaceFlinger:      Device | 0x71bfbf98c0 | 0002 | RGBA_8888 |   0.0    0.0 1440.0 2960.0 |    0    0 1440 2960 | com.android.todolist/com.android.todolist.ListActivity[5936]#0
07-24 16:10:39.191  3385  3385 I SurfaceFlinger:      Device | 0x71ccc72780 | 0000 | RGBA_8888 |  92.0    0.0 1532.0 1096.0 |    0  884 1440 1980 | com.android.todolist/com.android.todolist.ListActivity[5936]#1
07-24 16:10:39.205  3385  3385 I SurfaceFlinger:      Device | 0x71bfbf98c0 | 0002 | RGBA_8888 |   0.0    0.0 1440.0 2960.0 |    0    0 1440 2960 | com.android.todolist/com.android.todolist.ListActivity[5936]#0
07-24 16:10:39.205  3385  3385 I SurfaceFlinger:      Client | 0x71ccc72780 | 0000 | RGBA_8888 |  92.0    0.0 1532.0 1096.0 |    0  884 1440 1980 | com.android.todolist/com.android.todolist.ListActivity[5936]#1
07-24 16:10:39.289  3944  4067 I WindowManager: reset, Reparenting to original parent, shouldDeferScheduleAnimation=false, destroyLeash=true, surface=Surface(name=fcc742 com.android.todolist/com.android.todolist.ListActivity)/@0xee1ad45, parent=Surface(name=AppWindowToken{bcc219a token=Token{b234645 ActivityRecord{c0b6bc u0 com.android.todolist/.ListActivity t1568}}})/@0x9d54b25, parentNativeHandle=android.os.BinderProxy@3cb8743, caller=com.android.server.wm.SurfaceAnimator.lambda$getFinishedCallback$0:94 com.android.server.wm.-$$Lambda$SurfaceAnimator$SIBia0mND666K8lMCPsoid8pUTI.run:4 com.android.server.wm.SurfaceAnimator.lambda$getFinishedCallback$1:101 com.android.server.wm.-$$Lambda$SurfaceAnimator$vdRZk66hQVbQCvVXEaQCT1kVmFc.onAnimationFinished:4 com.android.server.wm.LocalAnimationAdapter.lambda$startAnimation$0:65 
07-24 16:10:39.290  3944  4067 D SurfaceControl: reparent is called, sc=Surface(name=fcc742 com.android.todolist/com.android.todolist.ListActivity)/@0xee1ad45, newParentHandle=android.os.BinderProxy@3cb8743, transaction=android.view.SurfaceControl$Transaction@51a9cb
07-24 16:10:39.290  3944  4067 D SurfaceControl: destroy(transaction), animation-leash is destroyed, sc=Surface(name=Surface(name=fcc742 com.android.todolist/com.android.todolist.ListActivity)/@0xee1ad45 - animation-leash)/@0x28355a8, transaction=android.view.SurfaceControl$Transaction@51a9cb, caller=com.android.server.wm.SurfaceAnimator.reset:335 com.android.server.wm.SurfaceAnimator.lambda$getFinishedCallback$0:94 com.android.server.wm.-$$Lambda$SurfaceAnimator$SIBia0mND666K8lMCPsoid8pUTI.run:4 com.android.server.wm.SurfaceAnimator.lambda$getFinishedCallback$1:101 com.android.server.wm.-$$Lambda$SurfaceAnimator$vdRZk66hQVbQCvVXEaQCT1kVmFc.onAnimationFinished:4 com.android.server.wm.LocalAnimationAdapter.lambda$startAnimation$0:65 com.android.server.wm.-$$Lambda$LocalAnimationAdapter$X--EomqUvw4qy89IeeTFTH7aCMo.run:4 
07-24 16:10:39.293  3944  4067 D WindowManager: prepareSurfaces, request to clear saved leash, surface=Surface(name=fcc742 com.android.todolist/com.android.todolist.ListActivity)/@0xee1ad45
07-24 16:10:39.294  3385  5304 D Layer   : [fcc742 com.android.todolist/com.android.todolist.ListActivity#0]::reparent oldParent:[Surface(name=fcc742 com.android.todolist/com.android.todolist.ListActivity)/@0xee1ad45 - animation-leash#0], newParent:[AppWindowToken{bcc219a token=Token{b234645 ActivityRecord{c0b6bc u0 com.android.todolist/.ListActivity t1568}}}#0]
07-24 16:10:39.294  3385  5304 I SurfaceFlinger: id=72513 Removed Surface(name=fcc742 com.android.todolist/com.android.todolist.ListActivity)/@0xee1ad45 - animation-leash#0 (2/100)
07-24 16:10:39.296  3944  4067 D WindowManager: clearSavedLeashOnCommit, savedLeash=Surface(name=Surface(name=fcc742 com.android.todolist/com.android.todolist.ListActivity)/@0xee1ad45 - animation-leash)/@0x28355a8, caller=com.android.server.wm.WindowContainer.clearSavedLeashOnCommit:1164 com.android.server.wm.WindowContainer.clearSavedLeashOnCommit:1168 com.android.server.wm.WindowContainer.clearSavedLeashOnCommit:1168 com.android.server.wm.WindowContainer.clearSavedLeashOnCommit:1168 com.android.server.wm.WindowContainer.clearSavedLeashOnCommit:1168 com.android.server.wm.WindowContainer.clearSavedLeashOnCommit:1168 
07-24 16:10:39.306  3385  3385 I Layer   : id=72513 onRemoved Surface(name=fcc742 com.android.todolist/com.android.todolist.ListActivity)/@0xee1ad45 - animation-leash#0 
07-24 16:10:39.369  3385  3385 I SurfaceFlinger:      Device | 0x71bfbf98c0 | 0002 | RGBA_8888 |   0.0    0.0 1440.0 2960.0 |    0    0 1440 2960 | com.android.todolist/com.android.todolist.ListActivity[5936]#0
07-24 16:10:39.369  3385  3385 I SurfaceFlinger:      Device | 0x71ccc72780 | 0000 | RGBA_8888 |  92.0    0.0 1532.0 1096.0 |    0  884 1440 1980 | com.android.todolist/com.android.todolist.ListActivity[5936]#1
07-24 16:10:39.950  3944  4154 D WifiTrafficPoller: TrafficStats TxPkts=17182791 RxPkts=27647285 TxBytes=4106886943 RxBytes=29399794019 , Foreground uid=10387 pkgName=com.android.todolist TxPackets=0 RxPackets=0 TxBytes=0 RxBytes=0
07-24 16:10:40.165  5936  5936 V InputMethodManager: Starting input: tba=com.android.todolist ic=com.android.internal.widget.EditableInputConnection@8e982b1 mNaviBarColor -855310 mIsGetNaviBarColorSuccess true , NavVisible : true , NavTrans : false
07-24 16:10:40.175  5936  5936 D InputMethodManager: SSI - flag : 0 Pid : 5936 view : com.android.todolist
07-24 16:10:40.211 11107 11107 D [SPAF]StructureParser: Parsing structure for ComponentInfo{com.android.todolist/com.android.todolist.ListActivity}
07-24 16:10:40.248  3944  4282 I WindowManager: Cancelling animation restarting=true, leash=null, surface=Surface(name=fcc742 com.android.todolist/com.android.todolist.ListActivity)/@0xee1ad45, parent=Surface(name=AppWindowToken{bcc219a token=Token{b234645 ActivityRecord{c0b6bc u0 com.android.todolist/.ListActivity t1568}}})/@0x9d54b25
07-24 16:10:40.248  3944  4282 I WindowManager: Reparenting to leash, surface=Surface(name=fcc742 com.android.todolist/com.android.todolist.ListActivity)/@0xee1ad45
07-24 16:10:40.249  3385  3385 I SurfaceFlinger: id=72517 createSurf (5920x5920),2 flag=4, Surface(name=fcc742 com.android.todolist/com.android.todolist.ListActivity)/@0xee1ad45 - animation-leash#0
07-24 16:10:40.250  3944  4282 D SurfaceControl: reparent is called, sc=Surface(name=fcc742 com.android.todolist/com.android.todolist.ListActivity)/@0xee1ad45, newParentHandle=android.os.BinderProxy@d02a38f, transaction=android.view.SurfaceControl$Transaction@51a9cb
07-24 16:10:40.250  3944  4282 V WindowManager: Resize reasons for w=Window{69be8a7 u0 com.android.todolist/com.android.todolist.ListActivity}:  contentInsetsChanged=true [0,96][0,1428] visibleInsetsChanged=true [0,96][0,1428] stableInsetsChanged=false [0,96][0,192] outsetsChanged=false [0,0][0,0] surfaceResized=false configChanged=false dragResizingChanged=false reportOrientationChanged=false displayCutoutChanged=false nextForceRelayoutToClient=false
07-24 16:10:40.251  3385  5227 D Layer   : [fcc742 com.android.todolist/com.android.todolist.ListActivity#0]::reparent oldParent:[AppWindowToken{bcc219a token=Token{b234645 ActivityRecord{c0b6bc u0 com.android.todolist/.ListActivity t1568}}}#0], newParent:[Surface(name=fcc742 com.android.todolist/com.android.todolist.ListActivity)/@0xee1ad45 - animation-leash#0]
07-24 16:10:40.261  3944  4282 V WindowManager: Relayout Window{69be8a7 u0 com.android.todolist/com.android.todolist.ListActivity}: viewVisibility=0 req=1440x2960 {(0,0)(fillxfill) sim={adjust=resize forwardNavigation} ty=BASE_APPLICATION wanim=0x10302fe
07-24 16:10:40.334  3385  3385 I SurfaceFlinger:      Device | 0x71bfbfbae0 | 0002 | RGBA_8888 |   0.0    0.0 1440.0 2960.0 |    0    0 1440 2960 | com.android.todolist/com.android.todolist.ListActivity[5936]#0
07-24 16:10:40.334  3385  3385 I SurfaceFlinger:      Client | 0x71ccc72780 | 0000 | RGBA_8888 |  92.0    0.0 1532.0 1096.0 |    0  583 1440 1679 | com.android.todolist/com.android.todolist.ListActivity[5936]#1
07-24 16:10:40.661  3944  4067 I WindowManager: reset, Reparenting to original parent, shouldDeferScheduleAnimation=false, destroyLeash=true, surface=Surface(name=fcc742 com.android.todolist/com.android.todolist.ListActivity)/@0xee1ad45, parent=Surface(name=AppWindowToken{bcc219a token=Token{b234645 ActivityRecord{c0b6bc u0 com.android.todolist/.ListActivity t1568}}})/@0x9d54b25, parentNativeHandle=android.os.BinderProxy@3cb8743, caller=com.android.server.wm.SurfaceAnimator.lambda$getFinishedCallback$0:94 com.android.server.wm.-$$Lambda$SurfaceAnimator$SIBia0mND666K8lMCPsoid8pUTI.run:4 com.android.server.wm.SurfaceAnimator.lambda$getFinishedCallback$1:101 com.android.server.wm.-$$Lambda$SurfaceAnimator$vdRZk66hQVbQCvVXEaQCT1kVmFc.onAnimationFinished:4 com.android.server.wm.LocalAnimationAdapter.lambda$startAnimation$0:65 
07-24 16:10:40.662  3944  4067 D SurfaceControl: reparent is called, sc=Surface(name=fcc742 com.android.todolist/com.android.todolist.ListActivity)/@0xee1ad45, newParentHandle=android.os.BinderProxy@3cb8743, transaction=android.view.SurfaceControl$Transaction@51a9cb
07-24 16:10:40.664  3944  4067 D SurfaceControl: destroy(transaction), animation-leash is destroyed, sc=Surface(name=Surface(name=fcc742 com.android.todolist/com.android.todolist.ListActivity)/@0xee1ad45 - animation-leash)/@0x78f661c, transaction=android.view.SurfaceControl$Transaction@51a9cb, caller=com.android.server.wm.SurfaceAnimator.reset:335 com.android.server.wm.SurfaceAnimator.lambda$getFinishedCallback$0:94 com.android.server.wm.-$$Lambda$SurfaceAnimator$SIBia0mND666K8lMCPsoid8pUTI.run:4 com.android.server.wm.SurfaceAnimator.lambda$getFinishedCallback$1:101 com.android.server.wm.-$$Lambda$SurfaceAnimator$vdRZk66hQVbQCvVXEaQCT1kVmFc.onAnimationFinished:4 com.android.server.wm.LocalAnimationAdapter.lambda$startAnimation$0:65 com.android.server.wm.-$$Lambda$LocalAnimationAdapter$X--EomqUvw4qy89IeeTFTH7aCMo.run:4 
07-24 16:10:40.676  3944  4067 D WindowManager: prepareSurfaces, request to clear saved leash, surface=Surface(name=fcc742 com.android.todolist/com.android.todolist.ListActivity)/@0xee1ad45
07-24 16:10:40.678  3385  3424 D Layer   : [fcc742 com.android.todolist/com.android.todolist.ListActivity#0]::reparent oldParent:[Surface(name=fcc742 com.android.todolist/com.android.todolist.ListActivity)/@0xee1ad45 - animation-leash#0], newParent:[AppWindowToken{bcc219a token=Token{b234645 ActivityRecord{c0b6bc u0 com.android.todolist/.ListActivity t1568}}}#0]
07-24 16:10:40.678  3385  3424 I SurfaceFlinger: id=72517 Removed Surface(name=fcc742 com.android.todolist/com.android.todolist.ListActivity)/@0xee1ad45 - animation-leash#0 (2/98)
07-24 16:10:40.680  3944  4067 D WindowManager: clearSavedLeashOnCommit, savedLeash=Surface(name=Surface(name=fcc742 com.android.todolist/com.android.todolist.ListActivity)/@0xee1ad45 - animation-leash)/@0x78f661c, caller=com.android.server.wm.WindowContainer.clearSavedLeashOnCommit:1164 com.android.server.wm.WindowContainer.clearSavedLeashOnCommit:1168 com.android.server.wm.WindowContainer.clearSavedLeashOnCommit:1168 com.android.server.wm.WindowContainer.clearSavedLeashOnCommit:1168 com.android.server.wm.WindowContainer.clearSavedLeashOnCommit:1168 com.android.server.wm.WindowContainer.clearSavedLeashOnCommit:1168 
07-24 16:10:40.690  3385  3385 I Layer   : id=72517 onRemoved Surface(name=fcc742 com.android.todolist/com.android.todolist.ListActivity)/@0xee1ad45 - animation-leash#0 
