07-24 15:34:13.119  3385  5304 D Layer   : [AppWindowToken{1bc7ee3 token=Token{5b1712 ActivityRecord{697469d u0 com.android.todolist/.ListActivity t1568}}}#0]::reparent oldParent:[Surface(name=AppWindowToken{1bc7ee3 token=Token{5b1712 ActivityRecord{697469d u0 com.android.todolist/.ListActivity t1568}}})/@0xb1b8672 - animation-leash#0], newParent:[Task=1568#0]
07-24 15:34:13.120  3385  5304 I SurfaceFlinger: id=72182 Removed Surface(name=AppWindowToken{db0a5a9 token=Token{5c2530 ActivityRecord{6a56273 u0 com.android.todolist/.MainActivity t1568}}})/@0xf183ea - animation-leash#0 (1/90)
07-24 15:34:13.120  3385  5304 I SurfaceFlinger: id=72181 Removed Surface(name=AppWindowToken{1bc7ee3 token=Token{5b1712 ActivityRecord{697469d u0 com.android.todolist/.ListActivity t1568}}})/@0xb1b8672 - animation-leash#0 (0/88)
07-24 15:34:13.120  3944  4067 D WindowManager: clearSavedLeashOnCommit, savedLeash=Surface(name=Surface(name=AppWindowToken{1bc7ee3 token=Token{5b1712 ActivityRecord{697469d u0 com.android.todolist/.ListActivity t1568}}})/@0xb1b8672 - animation-leash)/@0xa2bce63, caller=com.android.server.wm.WindowContainer.clearSavedLeashOnCommit:1164 com.android.server.wm.WindowContainer.clearSavedLeashOnCommit:1168 com.android.server.wm.WindowContainer.clearSavedLeashOnCommit:1168 com.android.server.wm.WindowContainer.clearSavedLeashOnCommit:1168 com.android.server.wm.WindowContainer.clearSavedLeashOnCommit:1168 com.android.server.wm.RootWindowContainer.performSurfacePlacement:784 
07-24 15:34:13.120  3944  4067 D WindowManager: clearSavedLeashOnCommit, savedLeash=Surface(name=Surface(name=AppWindowToken{db0a5a9 token=Token{5c2530 ActivityRecord{6a56273 u0 com.android.todolist/.MainActivity t1568}}})/@0xf183ea - animation-leash)/@0xbf4f124, caller=com.android.server.wm.WindowContainer.clearSavedLeashOnCommit:1164 com.android.server.wm.WindowContainer.clearSavedLeashOnCommit:1168 com.android.server.wm.WindowContainer.clearSavedLeashOnCommit:1168 com.android.server.wm.WindowContainer.clearSavedLeashOnCommit:1168 com.android.server.wm.WindowContainer.clearSavedLeashOnCommit:1168 com.android.server.wm.RootWindowContainer.performSurfacePlacement:784 
07-24 15:34:13.133  3385  3385 I Layer   : id=72182 onRemoved Surface(name=AppWindowToken{db0a5a9 token=Token{5c2530 ActivityRecord{6a56273 u0 com.android.todolist/.MainActivity t1568}}})/@0xf183ea - animation-leash#0 
07-24 15:34:13.133  3385  3385 I Layer   : id=72181 onRemoved Surface(name=AppWindowToken{1bc7ee3 token=Token{5b1712 ActivityRecord{697469d u0 com.android.todolist/.ListActivity t1568}}})/@0xb1b8672 - animation-leash#0 
07-24 15:34:13.136  3385  4129 E BufferQueueProducer: [com.android.todolist/com.android.todolist.ListActivity[5936]#0] disconnect: not connected (req=1)
07-24 15:34:13.141  3385  4129 I SurfaceFlinger: id=72165 Removed com.android.todolist/com.android.todolist.ListActivity[5936]#0 (0/86)
07-24 15:34:13.143  3385  3385 I SurfaceFlinger:      Device | 0x71bfbfaea0 | 0002 | RGBA_8888 |   0.0    0.0 1440.0 2960.0 |    0    0 1440 2960 | com.android.todolist/com.android.todolist.MainActivity[5936]#0
07-24 15:34:13.150  3385  3385 I Layer   : id=72165 onRemoved com.android.todolist/com.android.todolist.ListActivity[5936]#0 
07-24 15:34:13.152  3385  5304 I SurfaceFlinger: id=72164 Removed 907ab0c com.android.todolist/com.android.todolist.ListActivity#0 (0/85)
07-24 15:34:13.166  3385  3385 I Layer   : id=72164 onRemoved 907ab0c com.android.todolist/com.android.todolist.ListActivity#0 
07-24 15:34:13.166  3385  5304 I SurfaceFlinger: id=72161 Removed AppWindowToken{1bc7ee3 token=Token{5b1712 ActivityRecord{697469d u0 com.android.todolist/.ListActivity t1568}}}#0 (2/84)
07-24 15:34:13.183  3385  3385 I Layer   : id=72161 onRemoved AppWindowToken{1bc7ee3 token=Token{5b1712 ActivityRecord{697469d u0 com.android.todolist/.ListActivity t1568}}}#0 
07-24 15:34:14.222  3385  3424 E BufferQueueProducer: [com.android.todolist/com.android.todolist.MainActivity[5936]#0] disconnect: not connected (req=1)
07-24 15:34:14.482  3385  3385 I SurfaceFlinger: id=72186 createSurf (5920x5920),2 flag=4, Surface(name=AppWindowToken{db0a5a9 token=Token{5c2530 ActivityRecord{6a56273 u0 com.android.todolist/.MainActivity t1568}}})/@0xf183ea - animation-leash#0
07-24 15:34:14.483  3944  4067 D SurfaceControl: reparent is called, sc=Surface(name=AppWindowToken{db0a5a9 token=Token{5c2530 ActivityRecord{6a56273 u0 com.android.todolist/.MainActivity t1568}}})/@0xf183ea, newParentHandle=android.os.BinderProxy@6540616, transaction=android.view.SurfaceControl$Transaction@e59f578
07-24 15:34:14.514  3385  3424 D Layer   : [AppWindowToken{db0a5a9 token=Token{5c2530 ActivityRecord{6a56273 u0 com.android.todolist/.MainActivity t1568}}}#0]::reparent oldParent:[Task=1568#0], newParent:[Surface(name=AppWindowToken{db0a5a9 token=Token{5c2530 ActivityRecord{6a56273 u0 com.android.todolist/.MainActivity t1568}}})/@0xf183ea - animation-leash#0]
07-24 15:34:14.578  3385  3385 I SurfaceFlinger:      Client | 0x71bfbfb060 | 0002 | RGBA_8888 |   0.0    0.0 1440.0 2960.0 |    8   17 1432 2943 | com.android.todolist/com.android.todolist.MainActivity[5936]#0
07-24 15:34:14.838  3944  5935 D SurfaceControl: reparent is called, sc=Surface(name=AppWindowToken{db0a5a9 token=Token{5c2530 ActivityRecord{6a56273 u0 com.android.todolist/.MainActivity t1568}}})/@0xf183ea, newParentHandle=android.os.BinderProxy@3b98ef0, transaction=android.view.SurfaceControl$Transaction@e59f578
07-24 15:34:14.838  3944  5935 D SurfaceControl: destroy(transaction), animation-leash is destroyed, sc=Surface(name=Surface(name=AppWindowToken{db0a5a9 token=Token{5c2530 ActivityRecord{6a56273 u0 com.android.todolist/.MainActivity t1568}}})/@0xf183ea - animation-leash)/@0x4d281f0, transaction=android.view.SurfaceControl$Transaction@e59f578, caller=com.android.server.wm.SurfaceAnimator.reset:335 com.android.server.wm.SurfaceAnimator.lambda$getFinishedCallback$0:94 com.android.server.wm.-$$Lambda$SurfaceAnimator$SIBia0mND666K8lMCPsoid8pUTI.run:4 com.android.server.wm.SurfaceAnimator.lambda$getFinishedCallback$1:101 com.android.server.wm.-$$Lambda$SurfaceAnimator$vdRZk66hQVbQCvVXEaQCT1kVmFc.onAnimationFinished:4 com.android.server.wm.RemoteAnimationController.onAnimationFinished:261 com.android.server.wm.RemoteAnimationController.access$300:54 
07-24 15:34:14.838  3385  5227 I SurfaceFlinger: id=72180 Removed com.android.todolist/com.android.todolist.MainActivity[5936]#0 (0/87)
07-24 15:34:14.840  3944  4067 D WindowManager: prepareSurfaces, request to clear saved leash, surface=Surface(name=AppWindowToken{db0a5a9 token=Token{5c2530 ActivityRecord{6a56273 u0 com.android.todolist/.MainActivity t1568}}})/@0xf183ea
07-24 15:34:14.841  3385  5227 W SurfaceFlinger: Attempting to set client state on removed layer: com.android.todolist/com.android.todolist.MainActivity[5936]#0 [s.what : 40]
07-24 15:34:14.841  3385  5227 D Layer   : [AppWindowToken{db0a5a9 token=Token{5c2530 ActivityRecord{6a56273 u0 com.android.todolist/.MainActivity t1568}}}#0]::reparent oldParent:[Surface(name=AppWindowToken{db0a5a9 token=Token{5c2530 ActivityRecord{6a56273 u0 com.android.todolist/.MainActivity t1568}}})/@0xf183ea - animation-leash#0], newParent:[Task=1568#0]
07-24 15:34:14.841  3385  5227 W SurfaceFlinger: Attempting to destroy on removed layer: com.android.todolist/com.android.todolist.MainActivity[5936]#0
07-24 15:34:14.841  3385  5227 I SurfaceFlinger: id=72186 Removed Surface(name=AppWindowToken{db0a5a9 token=Token{5c2530 ActivityRecord{6a56273 u0 com.android.todolist/.MainActivity t1568}}})/@0xf183ea - animation-leash#0 (0/85)
07-24 15:34:14.841  3944  4067 D WindowManager: clearSavedLeashOnCommit, savedLeash=Surface(name=Surface(name=AppWindowToken{db0a5a9 token=Token{5c2530 ActivityRecord{6a56273 u0 com.android.todolist/.MainActivity t1568}}})/@0xf183ea - animation-leash)/@0x4d281f0, caller=com.android.server.wm.WindowContainer.clearSavedLeashOnCommit:1164 com.android.server.wm.WindowContainer.clearSavedLeashOnCommit:1168 com.android.server.wm.WindowContainer.clearSavedLeashOnCommit:1168 com.android.server.wm.WindowContainer.clearSavedLeashOnCommit:1168 com.android.server.wm.WindowContainer.clearSavedLeashOnCommit:1168 com.android.server.wm.RootWindowContainer.performSurfacePlacement:784 
07-24 15:34:14.852  3385  3385 I Layer   : id=72186 onRemoved Surface(name=AppWindowToken{db0a5a9 token=Token{5c2530 ActivityRecord{6a56273 u0 com.android.todolist/.MainActivity t1568}}})/@0xf183ea - animation-leash#0 
07-24 15:34:14.852  3385  3385 I Layer   : id=72180 onRemoved com.android.todolist/com.android.todolist.MainActivity[5936]#0 
07-24 15:34:15.334  3944  3951 D SurfaceControl: finalize(protected), animation-leash is released by finalize, sc=Surface(name=Surface(name=AppWindowToken{db0a5a9 token=Token{5c2530 ActivityRecord{6a56273 u0 com.android.todolist/.MainActivity t1568}}})/@0xf183ea - animation-leash)/@0x4d281f0, nativeObject=522645992832, caller=java.lang.Daemons$FinalizerDaemon.doFinalize:250 java.lang.Daemons$FinalizerDaemon.runInternal:237 java.lang.Daemons$Daemon.run:103 java.lang.Thread.run:764 <bottom of call stack> <bottom of call stack> <bottom of call stack> 
07-24 15:34:15.337  3944  3951 D SurfaceControl: finalize(protected), animation-leash is released by finalize, sc=Surface(name=Surface(name=AppWindowToken{db0a5a9 token=Token{5c2530 ActivityRecord{6a56273 u0 com.android.todolist/.MainActivity t1568}}})/@0xf183ea - animation-leash)/@0xbf4f124, nativeObject=522686644064, caller=java.lang.Daemons$FinalizerDaemon.doFinalize:250 java.lang.Daemons$FinalizerDaemon.runInternal:237 java.lang.Daemons$Daemon.run:103 java.lang.Thread.run:764 <bottom of call stack> <bottom of call stack> <bottom of call stack> 
07-24 15:34:15.339  3944  3951 D SurfaceControl: finalize(protected), animation-leash is released by finalize, sc=Surface(name=Surface(name=AppWindowToken{1bc7ee3 token=Token{5b1712 ActivityRecord{697469d u0 com.android.todolist/.ListActivity t1568}}})/@0xb1b8672 - animation-leash)/@0xa2bce63, nativeObject=522645985824, caller=java.lang.Daemons$FinalizerDaemon.doFinalize:250 java.lang.Daemons$FinalizerDaemon.runInternal:237 java.lang.Daemons$Daemon.run:103 java.lang.Thread.run:764 <bottom of call stack> <bottom of call stack> <bottom of call stack> 
07-24 15:34:15.349  3944  3951 D SurfaceControl: finalize(protected), animation-leash is released by finalize, sc=Surface(name=Surface(name=AppWindowToken{1bc7ee3 token=Token{5b1712 ActivityRecord{697469d u0 com.android.todolist/.ListActivity t1568}}})/@0xb1b8672 - animation-leash)/@0xa8d9f6c, nativeObject=523182557536, caller=java.lang.Daemons$FinalizerDaemon.doFinalize:250 java.lang.Daemons$FinalizerDaemon.runInternal:237 java.lang.Daemons$Daemon.run:103 java.lang.Thread.run:764 <bottom of call stack> <bottom of call stack> <bottom of call stack> 
07-24 15:34:15.350  3944  3951 D SurfaceControl: finalize(protected), animation-leash is released by finalize, sc=Surface(name=Surface(name=AppWindowToken{f96d5c3 token=Token{d1efd72 ActivityRecord{fbb4a7d u0 com.android.todolist/.MainActivity t1568}}})/@0xdc41770 - animation-leash)/@0xeee5d4b, nativeObject=522686643104, caller=java.lang.Daemons$FinalizerDaemon.doFinalize:250 java.lang.Daemons$FinalizerDaemon.runInternal:237 java.lang.Daemons$Daemon.run:103 java.lang.Thread.run:764 <bottom of call stack> <bottom of call stack> <bottom of call stack> 
07-24 15:34:15.356  3944  3951 D SurfaceControl: finalize(protected), animation-leash is released by finalize, sc=Surface(name=Surface(name=ed416ee com.android.todolist/com.android.todolist.MainActivity)/@0xbc4c08 - animation-leash)/@0xe4e4198, nativeObject=522686643392, caller=java.lang.Daemons$FinalizerDaemon.doFinalize:250 java.lang.Daemons$FinalizerDaemon.runInternal:237 java.lang.Daemons$Daemon.run:103 java.lang.Thread.run:764 <bottom of call stack> <bottom of call stack> <bottom of call stack> 
07-24 15:34:15.358  3944  3951 D SurfaceControl: finalize(protected), animation-leash is released by finalize, sc=Surface(name=Surface(name=ed416ee com.android.todolist/com.android.todolist.MainActivity)/@0xbc4c08 - animation-leash)/@0x5649b05, nativeObject=522697287232, caller=java.lang.Daemons$FinalizerDaemon.doFinalize:250 java.lang.Daemons$FinalizerDaemon.runInternal:237 java.lang.Daemons$Daemon.run:103 java.lang.Thread.run:764 <bottom of call stack> <bottom of call stack> <bottom of call stack> 
07-24 15:34:15.360  3944  3951 D SurfaceControl: finalize(protected), animation-leash is released by finalize, sc=Surface(name=Surface(name=ed416ee com.android.todolist/com.android.todolist.MainActivity)/@0xbc4c08 - animation-leash)/@0x3e3c987, nativeObject=523182560896, caller=java.lang.Daemons$FinalizerDaemon.doFinalize:250 java.lang.Daemons$FinalizerDaemon.runInternal:237 java.lang.Daemons$Daemon.run:103 java.lang.Thread.run:764 <bottom of call stack> <bottom of call stack> <bottom of call stack> 
07-24 15:34:15.361  3944  3951 D SurfaceControl: finalize(protected), animation-leash is released by finalize, sc=Surface(name=Surface(name=bec7818 Splash Screen com.android.todolist)/@0x3be8890 - animation-leash)/@0x75475af, nativeObject=523182560512, caller=java.lang.Daemons$FinalizerDaemon.doFinalize:250 java.lang.Daemons$FinalizerDaemon.runInternal:237 java.lang.Daemons$Daemon.run:103 java.lang.Thread.run:764 <bottom of call stack> <bottom of call stack> <bottom of call stack> 
07-24 15:34:15.370  3944  3951 D SurfaceControl: finalize(protected), animation-leash is released by finalize, sc=Surface(name=Surface(name=AppWindowToken{f96d5c3 token=Token{d1efd72 ActivityRecord{fbb4a7d u0 com.android.todolist/.MainActivity t1568}}})/@0xdc41770 - animation-leash)/@0xa338373, nativeObject=523181963776, caller=java.lang.Daemons$FinalizerDaemon.doFinalize:250 java.lang.Daemons$FinalizerDaemon.runInternal:237 java.lang.Daemons$Daemon.run:103 java.lang.Thread.run:764 <bottom of call stack> <bottom of call stack> <bottom of call stack> 
07-24 15:35:14.889  3944  8292 D PackageManager: getComponentMetadataForIconTray : com.android.todolist.MainActivity does not exist in mServices
07-24 15:35:14.889  3944  8292 D PackageManager: getComponentMetadataForIconTray : com.android.todolist.MainActivity does not exist in mProviders
07-24 15:35:14.889  3944  8292 D PackageManager: getComponentMetadataForIconTray : com.android.todolist.MainActivity does not exist in mReceivers
07-24 15:35:14.890 26924  2943 I AppIconSolution: return adaptive icon for com.android.todolist
07-24 15:41:25.358  3944  4551 D PackageManager: getComponentMetadataForIconTray : com.android.todolist.MainActivity does not exist in mServices
07-24 15:41:25.358  3944  4551 D PackageManager: getComponentMetadataForIconTray : com.android.todolist.MainActivity does not exist in mProviders
07-24 15:41:25.358  3944  4551 D PackageManager: getComponentMetadataForIconTray : com.android.todolist.MainActivity does not exist in mReceivers
07-24 15:41:25.360 26924 26944 I AppIconSolution: return adaptive icon for com.android.todolist
07-24 15:41:25.416  3944  5492 D PackageManager: getComponentMetadataForIconTray : com.android.todolist.MainActivity does not exist in mServices
07-24 15:41:25.416  3944  5492 D PackageManager: getComponentMetadataForIconTray : com.android.todolist.MainActivity does not exist in mProviders
07-24 15:41:25.416  3944  5492 D PackageManager: getComponentMetadataForIconTray : com.android.todolist.MainActivity does not exist in mReceivers
07-24 15:41:25.417 26924 26944 I AppIconSolution: return adaptive icon for com.android.todolist
07-24 15:41:25.484 26924 26932 D SurfaceControl: finalize(protected), animation-leash is released by finalize, sc=Surface(name=Surface(name=AppWindowToken{f96d5c3 token=Token{d1efd72 ActivityRecord{fbb4a7d u0 com.android.todolist/.MainActivity t1568}}})/@0xdc41770 - animation-leash)/@0x12f3776, nativeObject=523182372000, caller=java.lang.Daemons$FinalizerDaemon.doFinalize:250 java.lang.Daemons$FinalizerDaemon.runInternal:237 java.lang.Daemons$Daemon.run:103 java.lang.Thread.run:764 <bottom of call stack> <bottom of call stack> <bottom of call stack> 
07-24 15:41:26.174 26924 26924 D UserEvent:  Source child:TASK, packageHash=981754757, componentHash=356890076, pageIdx=0, pkg=com.android.todolist
07-24 15:41:26.175 26924 26942 I SAPrinter: sendEvent :{cd=detTapPACKAGEcom.android.todolist, uv=10.0, auid=NrPaapz7oLiaQgY80dt0ckri1uucxulZ, mnc=02, tz=180, en=5101, mcc=257, tid=4C7-399-5010210, fv=N950FXXSGDUG6, ev=0, at=0, t=ev, la=ru, av=10.0.40.38, pn=500, ts=1658666486174}
07-24 15:41:26.261  3385  3385 I SurfaceFlinger: id=72205 createSurf (5920x5920),2 flag=4, Surface(name=AppWindowToken{db0a5a9 token=Token{5c2530 ActivityRecord{6a56273 u0 com.android.todolist/.MainActivity t1568}}})/@0xf183ea - animation-leash#0
07-24 15:41:26.262  3944 11406 D SurfaceControl: reparent is called, sc=Surface(name=AppWindowToken{db0a5a9 token=Token{5c2530 ActivityRecord{6a56273 u0 com.android.todolist/.MainActivity t1568}}})/@0xf183ea, newParentHandle=android.os.BinderProxy@a623772, transaction=android.view.SurfaceControl$Transaction@e59f578
07-24 15:41:26.268  3385  3424 D Layer   : [AppWindowToken{db0a5a9 token=Token{5c2530 ActivityRecord{6a56273 u0 com.android.todolist/.MainActivity t1568}}}#0]::reparent oldParent:[Task=1568#0], newParent:[Surface(name=AppWindowToken{db0a5a9 token=Token{5c2530 ActivityRecord{6a56273 u0 com.android.todolist/.MainActivity t1568}}})/@0xf183ea - animation-leash#0]
07-24 15:41:26.275  3944  3978 D CodecSolution: isMaxAspectPackageEx: com.android.todolist : true(2)
07-24 15:41:26.292  3385  3385 I SurfaceFlinger: id=72207 createSurf (1440x2960),1 flag=404, com.android.todolist/com.android.todolist.MainActivity[5936]#0
07-24 15:41:26.294  3944  3978 D WindowManager: setSystemUiVisibility: vis= 0x8018, fullscreenVis= 0x0, dockedVis= 0x0, win=Window{378aceb u0 com.android.todolist/com.android.todolist.MainActivity}
07-24 15:41:26.368  3385  3385 I SurfaceFlinger:      Device | 0x71bfbf99a0 | 0002 | RGBA_8888 |   0.0   95.0 1440.0 2769.0 |  310  671 1130 2194 | com.android.todolist/com.android.todolist.MainActivity[5936]#0
07-24 15:41:26.373  3385  4129 D Layer   : [9f1027 SnapshotStartingWindow for taskId=1568#0]::reparent oldParent:[AppWindowToken{db0a5a9 token=Token{5c2530 ActivityRecord{6a56273 u0 com.android.todolist/.MainActivity t1568}}}#0], newParent:[Surface(name=9f1027 SnapshotStartingWindow for taskId=1568)/@0xe565117 - animation-leash#0]
07-24 15:41:26.374  5936  5936 V InputMethodManager: Starting input: tba=com.android.todolist ic=null mNaviBarColor -855310 mIsGetNaviBarColorSuccess true , NavVisible : true , NavTrans : false
07-24 15:41:26.378  3944 11406 V InputMethodManagerService: windowGainedFocus : reason=WINDOW_FOCUS_GAIN client=android.os.BinderProxy@3a14d3f inputContext=null missingMethods= attribute=android.view.inputmethod.EditorInfo@4e4e7b3 nm = com.android.todolist controlFlags=#104 softInputMode=#110 windowFlags=#81810100
07-24 15:41:26.541  3385  5227 D Layer   : [9f1027 SnapshotStartingWindow for taskId=1568#0]::reparent oldParent:[Surface(name=9f1027 SnapshotStartingWindow for taskId=1568)/@0xe565117 - animation-leash#0], newParent:[AppWindowToken{db0a5a9 token=Token{5c2530 ActivityRecord{6a56273 u0 com.android.todolist/.MainActivity t1568}}}#0]
07-24 15:41:26.559  3385  3385 I SurfaceFlinger:      Client | 0x71bfbf98c0 | 0002 | RGBA_8888 |   0.0    0.0 1440.0 2959.0 |    1    2 1439 2957 | com.android.todolist/com.android.todolist.MainActivity[5936]#0
07-24 15:41:26.626  3944  4550 D SurfaceControl: reparent is called, sc=Surface(name=AppWindowToken{db0a5a9 token=Token{5c2530 ActivityRecord{6a56273 u0 com.android.todolist/.MainActivity t1568}}})/@0xf183ea, newParentHandle=android.os.BinderProxy@6fb9a2b, transaction=android.view.SurfaceControl$Transaction@e59f578
07-24 15:41:26.626  3944  4550 D SurfaceControl: destroy(transaction), animation-leash is destroyed, sc=Surface(name=Surface(name=AppWindowToken{db0a5a9 token=Token{5c2530 ActivityRecord{6a56273 u0 com.android.todolist/.MainActivity t1568}}})/@0xf183ea - animation-leash)/@0x91858be, transaction=android.view.SurfaceControl$Transaction@e59f578, caller=com.android.server.wm.SurfaceAnimator.reset:335 com.android.server.wm.SurfaceAnimator.lambda$getFinishedCallback$0:94 com.android.server.wm.-$$Lambda$SurfaceAnimator$SIBia0mND666K8lMCPsoid8pUTI.run:4 com.android.server.wm.SurfaceAnimator.lambda$getFinishedCallback$1:101 com.android.server.wm.-$$Lambda$SurfaceAnimator$vdRZk66hQVbQCvVXEaQCT1kVmFc.onAnimationFinished:4 com.android.server.wm.RemoteAnimationController.onAnimationFinished:261 com.android.server.wm.RemoteAnimationController.access$300:54 
07-24 15:41:26.632  3944  4067 D WindowManager: prepareSurfaces, request to clear saved leash, surface=Surface(name=AppWindowToken{db0a5a9 token=Token{5c2530 ActivityRecord{6a56273 u0 com.android.todolist/.MainActivity t1568}}})/@0xf183ea
07-24 15:41:26.636  3385  3424 D Layer   : [AppWindowToken{db0a5a9 token=Token{5c2530 ActivityRecord{6a56273 u0 com.android.todolist/.MainActivity t1568}}}#0]::reparent oldParent:[Surface(name=AppWindowToken{db0a5a9 token=Token{5c2530 ActivityRecord{6a56273 u0 com.android.todolist/.MainActivity t1568}}})/@0xf183ea - animation-leash#0], newParent:[Task=1568#0]
07-24 15:41:26.636  3385  3424 I SurfaceFlinger: id=72205 Removed Surface(name=AppWindowToken{db0a5a9 token=Token{5c2530 ActivityRecord{6a56273 u0 com.android.todolist/.MainActivity t1568}}})/@0xf183ea - animation-leash#0 (0/87)
07-24 15:41:26.638  3944  4067 D WindowManager: clearSavedLeashOnCommit, savedLeash=Surface(name=Surface(name=AppWindowToken{db0a5a9 token=Token{5c2530 ActivityRecord{6a56273 u0 com.android.todolist/.MainActivity t1568}}})/@0xf183ea - animation-leash)/@0x91858be, caller=com.android.server.wm.WindowContainer.clearSavedLeashOnCommit:1164 com.android.server.wm.WindowContainer.clearSavedLeashOnCommit:1168 com.android.server.wm.WindowContainer.clearSavedLeashOnCommit:1168 com.android.server.wm.WindowContainer.clearSavedLeashOnCommit:1168 com.android.server.wm.WindowContainer.clearSavedLeashOnCommit:1168 com.android.server.wm.RootWindowContainer.performSurfacePlacement:784 
07-24 15:41:26.650  3385  3385 I Layer   : id=72205 onRemoved Surface(name=AppWindowToken{db0a5a9 token=Token{5c2530 ActivityRecord{6a56273 u0 com.android.todolist/.MainActivity t1568}}})/@0xf183ea - animation-leash#0 
07-24 15:41:26.668  3385  3385 I SurfaceFlinger:      Device | 0x71bfbf98c0 | 0002 | RGBA_8888 |   0.0    0.0 1440.0 2960.0 |    0    0 1440 2960 | com.android.todolist/com.android.todolist.MainActivity[5936]#0
07-24 15:41:26.689  3944  3978 D CodecSolution: isMaxAspectPackageEx: com.android.todolist : true(2)
07-24 15:41:27.706  3944  4154 D WifiTrafficPoller: TrafficStats TxPkts=17179925 RxPkts=27644282 TxBytes=4106347513 RxBytes=29399005863 , Foreground uid=10387 pkgName=com.android.todolist TxPackets=0 RxPackets=0 TxBytes=0 RxBytes=0
07-24 15:41:31.854  3944  4154 D WifiTrafficPoller: TrafficStats TxPkts=17179925 RxPkts=27644284 TxBytes=4106347513 RxBytes=29399006212 , Foreground uid=10387 pkgName=com.android.todolist TxPackets=0 RxPackets=0 TxBytes=0 RxBytes=0
07-24 15:41:36.014  3944  4154 D WifiTrafficPoller: TrafficStats TxPkts=17179941 RxPkts=27644295 TxBytes=4106349206 RxBytes=29399009712 , Foreground uid=10387 pkgName=com.android.todolist TxPackets=0 RxPackets=0 TxBytes=0 RxBytes=0
07-24 15:41:40.171  3944  4154 D WifiTrafficPoller: TrafficStats TxPkts=17179952 RxPkts=27644310 TxBytes=4106349910 RxBytes=29399010692 , Foreground uid=10387 pkgName=com.android.todolist TxPackets=0 RxPackets=0 TxBytes=0 RxBytes=0
07-24 15:41:44.384  3944  4154 D WifiTrafficPoller: TrafficStats TxPkts=17179952 RxPkts=27644312 TxBytes=4106349910 RxBytes=29399010888 , Foreground uid=10387 pkgName=com.android.todolist TxPackets=0 RxPackets=0 TxBytes=0 RxBytes=0
07-24 15:41:44.732  3944  3951 D SurfaceControl: finalize(protected), animation-leash is released by finalize, sc=Surface(name=Surface(name=AppWindowToken{db0a5a9 token=Token{5c2530 ActivityRecord{6a56273 u0 com.android.todolist/.MainActivity t1568}}})/@0xf183ea - animation-leash)/@0x91858be, nativeObject=523180798016, caller=java.lang.Daemons$FinalizerDaemon.doFinalize:250 java.lang.Daemons$FinalizerDaemon.runInternal:237 java.lang.Daemons$Daemon.run:103 java.lang.Thread.run:764 <bottom of call stack> <bottom of call stack> <bottom of call stack> 
07-24 15:41:55.579  3944  4154 D WifiTrafficPoller: TrafficStats TxPkts=17179957 RxPkts=27644319 TxBytes=4106350376 RxBytes=29399011493 , Foreground uid=10387 pkgName=com.android.todolist TxPackets=0 RxPackets=0 TxBytes=0 RxBytes=0
07-24 15:41:56.288  3385  3385 I SurfaceFlinger: id=72209 createSurf (5920x5920),2 flag=4, fbb641b com.android.todolist/com.android.todolist.MainActivity#0
07-24 15:41:56.313  3385  3385 D SurfaceFlinger: duplicate layer name: changing com.android.todolist/com.android.todolist.MainActivity[5936] to com.android.todolist/com.android.todolist.MainActivity[5936]#1
07-24 15:41:56.314  3385  3385 I SurfaceFlinger: id=72210 createSurf (1624x1096),1 flag=4, com.android.todolist/com.android.todolist.MainActivity[5936]#1
07-24 15:41:56.342  5936  5936 V InputMethodManager: Starting input: tba=com.android.todolist ic=null mNaviBarColor -855310 mIsGetNaviBarColorSuccess true , NavVisible : true , NavTrans : false
07-24 15:41:56.343  3944  4551 V InputMethodManagerService: windowGainedFocus : reason=WINDOW_FOCUS_GAIN client=android.os.BinderProxy@3a14d3f inputContext=null missingMethods= attribute=android.view.inputmethod.EditorInfo@32c09b8 nm = com.android.todolist controlFlags=#104 softInputMode=#120 windowFlags=#1800002
07-24 15:41:56.368  3385  3385 I SurfaceFlinger: id=72211 createSurf (5920x5920),2 flag=4, Surface(name=fbb641b com.android.todolist/com.android.todolist.MainActivity)/@0xb2226f7 - animation-leash#0
07-24 15:41:56.369  3944  4067 D SurfaceControl: reparent is called, sc=Surface(name=fbb641b com.android.todolist/com.android.todolist.MainActivity)/@0xb2226f7, newParentHandle=android.os.BinderProxy@f740964, transaction=android.view.SurfaceControl$Transaction@69ca7cd
07-24 15:41:56.378  3385  3424 D Layer   : [fbb641b com.android.todolist/com.android.todolist.MainActivity#0]::reparent oldParent:[AppWindowToken{db0a5a9 token=Token{5c2530 ActivityRecord{6a56273 u0 com.android.todolist/.MainActivity t1568}}}#0], newParent:[Surface(name=fbb641b com.android.todolist/com.android.todolist.MainActivity)/@0xb2226f7 - animation-leash#0]
07-24 15:41:56.381  3944  3978 D WindowManager: setSystemUiVisibility: vis= 0x8008, fullscreenVis= 0x0, dockedVis= 0x0, win=Window{fbb641b u0 com.android.todolist/com.android.todolist.MainActivity}
07-24 15:41:56.416  3385  3385 I SurfaceFlinger:      Device | 0x71cc649460 | 0002 | RGBA_8888 |   0.0    0.0 1440.0 2960.0 |    0    0 1440 2960 | com.android.todolist/com.android.todolist.MainActivity[5936]#0
07-24 15:41:56.416  3385  3385 I SurfaceFlinger:      Device | 0x71ccc73580 | 0000 | RGBA_8888 |  92.0    0.0 1532.0 1096.0 |    0  884 1440 1980 | com.android.todolist/com.android.todolist.MainActivity[5936]#1
07-24 15:41:56.431  3385  3385 I SurfaceFlinger:      Device | 0x71bfbf99a0 | 0002 | RGBA_8888 |   0.0    0.0 1440.0 2960.0 |    0    0 1440 2960 | com.android.todolist/com.android.todolist.MainActivity[5936]#0
07-24 15:41:56.431  3385  3385 I SurfaceFlinger:      Device | 0x71ccc73580 | 0000 | RGBA_8888 |  92.0    0.0 1532.0 1096.0 |    0  884 1440 1980 | com.android.todolist/com.android.todolist.MainActivity[5936]#1
07-24 15:41:56.524  3944  4067 D SurfaceControl: reparent is called, sc=Surface(name=fbb641b com.android.todolist/com.android.todolist.MainActivity)/@0xb2226f7, newParentHandle=android.os.BinderProxy@45635da, transaction=android.view.SurfaceControl$Transaction@69ca7cd
07-24 15:41:56.525  3944  4067 D SurfaceControl: destroy(transaction), animation-leash is destroyed, sc=Surface(name=Surface(name=fbb641b com.android.todolist/com.android.todolist.MainActivity)/@0xb2226f7 - animation-leash)/@0x1621882, transaction=android.view.SurfaceControl$Transaction@69ca7cd, caller=com.android.server.wm.SurfaceAnimator.reset:335 com.android.server.wm.SurfaceAnimator.lambda$getFinishedCallback$0:94 com.android.server.wm.-$$Lambda$SurfaceAnimator$SIBia0mND666K8lMCPsoid8pUTI.run:4 com.android.server.wm.SurfaceAnimator.lambda$getFinishedCallback$1:101 com.android.server.wm.-$$Lambda$SurfaceAnimator$vdRZk66hQVbQCvVXEaQCT1kVmFc.onAnimationFinished:4 com.android.server.wm.LocalAnimationAdapter.lambda$startAnimation$0:65 com.android.server.wm.-$$Lambda$LocalAnimationAdapter$X--EomqUvw4qy89IeeTFTH7aCMo.run:4 
07-24 15:41:56.526  3944  4067 D WindowManager: prepareSurfaces, request to clear saved leash, surface=Surface(name=fbb641b com.android.todolist/com.android.todolist.MainActivity)/@0xb2226f7
07-24 15:41:56.526  3385  4129 D Layer   : [fbb641b com.android.todolist/com.android.todolist.MainActivity#0]::reparent oldParent:[Surface(name=fbb641b com.android.todolist/com.android.todolist.MainActivity)/@0xb2226f7 - animation-leash#0], newParent:[AppWindowToken{db0a5a9 token=Token{5c2530 ActivityRecord{6a56273 u0 com.android.todolist/.MainActivity t1568}}}#0]
07-24 15:41:56.526  3385  4129 I SurfaceFlinger: id=72211 Removed Surface(name=fbb641b com.android.todolist/com.android.todolist.MainActivity)/@0xb2226f7 - animation-leash#0 (2/88)
07-24 15:41:56.526  3944  4067 D WindowManager: clearSavedLeashOnCommit, savedLeash=Surface(name=Surface(name=fbb641b com.android.todolist/com.android.todolist.MainActivity)/@0xb2226f7 - animation-leash)/@0x1621882, caller=com.android.server.wm.WindowContainer.clearSavedLeashOnCommit:1164 com.android.server.wm.WindowContainer.clearSavedLeashOnCommit:1168 com.android.server.wm.WindowContainer.clearSavedLeashOnCommit:1168 com.android.server.wm.WindowContainer.clearSavedLeashOnCommit:1168 com.android.server.wm.WindowContainer.clearSavedLeashOnCommit:1168 com.android.server.wm.WindowContainer.clearSavedLeashOnCommit:1168 
07-24 15:41:56.541  3385  3385 I Layer   : id=72211 onRemoved Surface(name=fbb641b com.android.todolist/com.android.todolist.MainActivity)/@0xb2226f7 - animation-leash#0 
07-24 15:42:00.061  5936  5936 V InputMethodManager: Starting input: tba=com.android.todolist ic=com.android.internal.widget.EditableInputConnection@c8bd662 mNaviBarColor -855310 mIsGetNaviBarColorSuccess true , NavVisible : true , NavTrans : false
07-24 15:42:00.069  5936  5936 D InputMethodManager: SSI - flag : 0 Pid : 5936 view : com.android.todolist
07-24 15:42:00.105 11107 11107 D [SPAF]StructureParser: Parsing structure for ComponentInfo{com.android.todolist/com.android.todolist.MainActivity}
07-24 15:42:00.169  3385  3385 I SurfaceFlinger: id=72215 createSurf (5920x5920),2 flag=4, Surface(name=fbb641b com.android.todolist/com.android.todolist.MainActivity)/@0xb2226f7 - animation-leash#0
07-24 15:42:00.169  3944 11322 D SurfaceControl: reparent is called, sc=Surface(name=fbb641b com.android.todolist/com.android.todolist.MainActivity)/@0xb2226f7, newParentHandle=android.os.BinderProxy@322ff73, transaction=android.view.SurfaceControl$Transaction@69ca7cd
07-24 15:42:00.170  3385  3424 D Layer   : [fbb641b com.android.todolist/com.android.todolist.MainActivity#0]::reparent oldParent:[AppWindowToken{db0a5a9 token=Token{5c2530 ActivityRecord{6a56273 u0 com.android.todolist/.MainActivity t1568}}}#0], newParent:[Surface(name=fbb641b com.android.todolist/com.android.todolist.MainActivity)/@0xb2226f7 - animation-leash#0]
07-24 15:42:00.267  3385  3385 I SurfaceFlinger:      Device | 0x71bfbf98c0 | 0002 | RGBA_8888 |   0.0    0.0 1440.0 2960.0 |    0    0 1440 2960 | com.android.todolist/com.android.todolist.MainActivity[5936]#0
07-24 15:42:00.267  3385  3385 I SurfaceFlinger:      Client | 0x71ccc73580 | 0000 | RGBA_8888 |  92.0    0.0 1532.0 1096.0 |    0  513 1440 1609 | com.android.todolist/com.android.todolist.MainActivity[5936]#1
07-24 15:42:00.578  3944  4067 D SurfaceControl: reparent is called, sc=Surface(name=fbb641b com.android.todolist/com.android.todolist.MainActivity)/@0xb2226f7, newParentHandle=android.os.BinderProxy@45635da, transaction=android.view.SurfaceControl$Transaction@69ca7cd
07-24 15:42:00.579  3944  4067 D SurfaceControl: destroy(transaction), animation-leash is destroyed, sc=Surface(name=Surface(name=fbb641b com.android.todolist/com.android.todolist.MainActivity)/@0xb2226f7 - animation-leash)/@0x5adfe30, transaction=android.view.SurfaceControl$Transaction@69ca7cd, caller=com.android.server.wm.SurfaceAnimator.reset:335 com.android.server.wm.SurfaceAnimator.lambda$getFinishedCallback$0:94 com.android.server.wm.-$$Lambda$SurfaceAnimator$SIBia0mND666K8lMCPsoid8pUTI.run:4 com.android.server.wm.SurfaceAnimator.lambda$getFinishedCallback$1:101 com.android.server.wm.-$$Lambda$SurfaceAnimator$vdRZk66hQVbQCvVXEaQCT1kVmFc.onAnimationFinished:4 com.android.server.wm.LocalAnimationAdapter.lambda$startAnimation$0:65 com.android.server.wm.-$$Lambda$LocalAnimationAdapter$X--EomqUvw4qy89IeeTFTH7aCMo.run:4 
07-24 15:42:00.595  3944  4067 D WindowManager: prepareSurfaces, request to clear saved leash, surface=Surface(name=fbb641b com.android.todolist/com.android.todolist.MainActivity)/@0xb2226f7
07-24 15:42:00.596  3385  4129 D Layer   : [fbb641b com.android.todolist/com.android.todolist.MainActivity#0]::reparent oldParent:[Surface(name=fbb641b com.android.todolist/com.android.todolist.MainActivity)/@0xb2226f7 - animation-leash#0], newParent:[AppWindowToken{db0a5a9 token=Token{5c2530 ActivityRecord{6a56273 u0 com.android.todolist/.MainActivity t1568}}}#0]
07-24 15:42:00.597  3385  4129 I SurfaceFlinger: id=72215 Removed Surface(name=fbb641b com.android.todolist/com.android.todolist.MainActivity)/@0xb2226f7 - animation-leash#0 (2/88)
07-24 15:42:00.598  3944  4067 D WindowManager: clearSavedLeashOnCommit, savedLeash=Surface(name=Surface(name=fbb641b com.android.todolist/com.android.todolist.MainActivity)/@0xb2226f7 - animation-leash)/@0x5adfe30, caller=com.android.server.wm.WindowContainer.clearSavedLeashOnCommit:1164 com.android.server.wm.WindowContainer.clearSavedLeashOnCommit:1168 com.android.server.wm.WindowContainer.clearSavedLeashOnCommit:1168 com.android.server.wm.WindowContainer.clearSavedLeashOnCommit:1168 com.android.server.wm.WindowContainer.clearSavedLeashOnCommit:1168 com.android.server.wm.WindowContainer.clearSavedLeashOnCommit:1168 
07-24 15:42:00.610  3385  3385 I Layer   : id=72215 onRemoved Surface(name=fbb641b com.android.todolist/com.android.todolist.MainActivity)/@0xb2226f7 - animation-leash#0 
07-24 15:42:01.722  3944  4154 D WifiTrafficPoller: TrafficStats TxPkts=17179957 RxPkts=27644321 TxBytes=4106350376 RxBytes=29399011798 , Foreground uid=10387 pkgName=com.android.todolist TxPackets=0 RxPackets=0 TxBytes=0 RxBytes=0
07-24 15:42:03.625  3385  5227 E BufferQueueProducer: [com.android.todolist/com.android.todolist.MainActivity[5936]#1] disconnect: not connected (req=1)
07-24 15:42:03.628  3385  3385 I SurfaceFlinger: id=72217 createSurf (5920x5920),2 flag=4, Surface(name=fbb641b com.android.todolist/com.android.todolist.MainActivity)/@0xb2226f7 - animation-leash#0
07-24 15:42:03.631  3944  4551 D SurfaceControl: reparent is called, sc=Surface(name=fbb641b com.android.todolist/com.android.todolist.MainActivity)/@0xb2226f7, newParentHandle=android.os.BinderProxy@3336bf4, transaction=android.view.SurfaceControl$Transaction@69ca7cd
07-24 15:42:03.651  3385  4129 D Layer   : [fbb641b com.android.todolist/com.android.todolist.MainActivity#0]::reparent oldParent:[AppWindowToken{db0a5a9 token=Token{5c2530 ActivityRecord{6a56273 u0 com.android.todolist/.MainActivity t1568}}}#0], newParent:[Surface(name=fbb641b com.android.todolist/com.android.todolist.MainActivity)/@0xb2226f7 - animation-leash#0]
07-24 15:42:03.670  5936  5936 V InputMethodManager: Starting input: tba=com.android.todolist ic=null mNaviBarColor -855310 mIsGetNaviBarColorSuccess true , NavVisible : true , NavTrans : false
07-24 15:42:03.672  3944  4551 V InputMethodManagerService: windowGainedFocus : reason=WINDOW_FOCUS_GAIN client=android.os.BinderProxy@3a14d3f inputContext=null missingMethods= attribute=android.view.inputmethod.EditorInfo@7bbf019 nm = com.android.todolist controlFlags=#100 softInputMode=#10 windowFlags=#81810100
07-24 15:42:03.677  3385  3385 I SurfaceFlinger:      Device | 0x71bfbf99a0 | 0002 | RGBA_8888 |   0.0    0.0 1440.0 2960.0 |    0    0 1440 2960 | com.android.todolist/com.android.todolist.MainActivity[5936]#0
07-24 15:42:03.677  3385  3385 I SurfaceFlinger:      Client | 0x71ccc73580 | 0000 | RGBA_8888 |  92.0    0.0 1532.0 1096.0 |    0  266 1440 1362 | com.android.todolist/com.android.todolist.MainActivity[5936]#1
07-24 15:42:03.789  3944  3978 D WindowManager: setSystemUiVisibility: vis= 0x8018, fullscreenVis= 0x0, dockedVis= 0x0, win=Window{378aceb u0 com.android.todolist/com.android.todolist.MainActivity}
07-24 15:42:03.817  3944  4067 D SurfaceControl: reparent is called, sc=Surface(name=fbb641b com.android.todolist/com.android.todolist.MainActivity)/@0xb2226f7, newParentHandle=android.os.BinderProxy@45635da, transaction=android.view.SurfaceControl$Transaction@69ca7cd
07-24 15:42:03.817  3944  4067 D SurfaceControl: destroy(transaction), animation-leash is destroyed, sc=Surface(name=Surface(name=fbb641b com.android.todolist/com.android.todolist.MainActivity)/@0xb2226f7 - animation-leash)/@0xa817f1d, transaction=android.view.SurfaceControl$Transaction@69ca7cd, caller=com.android.server.wm.SurfaceAnimator.reset:335 com.android.server.wm.SurfaceAnimator.lambda$getFinishedCallback$0:94 com.android.server.wm.-$$Lambda$SurfaceAnimator$SIBia0mND666K8lMCPsoid8pUTI.run:4 com.android.server.wm.SurfaceAnimator.lambda$getFinishedCallback$1:101 com.android.server.wm.-$$Lambda$SurfaceAnimator$vdRZk66hQVbQCvVXEaQCT1kVmFc.onAnimationFinished:4 com.android.server.wm.LocalAnimationAdapter.lambda$startAnimation$0:65 com.android.server.wm.-$$Lambda$LocalAnimationAdapter$X--EomqUvw4qy89IeeTFTH7aCMo.run:4 
07-24 15:42:03.818  3385  5227 I SurfaceFlinger: id=72210 Removed com.android.todolist/com.android.todolist.MainActivity[5936]#1 (0/90)
07-24 15:42:03.819  3944  4067 D WindowManager: clearSavedLeashOnCommit, savedLeash=Surface(name=Surface(name=fbb641b com.android.todolist/com.android.todolist.MainActivity)/@0xb2226f7 - animation-leash)/@0xa817f1d, caller=com.android.server.wm.WindowContainer.removeImmediately:337 com.android.server.wm.WindowState.removeImmediately:2663 com.android.server.wm.WindowState.destroySurface:3831 com.android.server.wm.AppWindowToken.destroySurfaces:871 com.android.server.wm.AppWindowToken.destroySurfaces:852 com.android.server.wm.WindowState.onExitAnimationDone:5443 
07-24 15:42:03.822  3385  3424 W SurfaceFlinger: Attempting to set client state on removed layer: com.android.todolist/com.android.todolist.MainActivity[5936]#1 [s.what : 40]
07-24 15:42:03.822  3385  3424 D Layer   : [fbb641b com.android.todolist/com.android.todolist.MainActivity#0]::reparent oldParent:[Surface(name=fbb641b com.android.todolist/com.android.todolist.MainActivity)/@0xb2226f7 - animation-leash#0], newParent:[AppWindowToken{db0a5a9 token=Token{5c2530 ActivityRecord{6a56273 u0 com.android.todolist/.MainActivity t1568}}}#0]
07-24 15:42:03.822  3385  3424 W SurfaceFlinger: Attempting to destroy on removed layer: com.android.todolist/com.android.todolist.MainActivity[5936]#1
07-24 15:42:03.822  3385  3424 I SurfaceFlinger: id=72217 Removed Surface(name=fbb641b com.android.todolist/com.android.todolist.MainActivity)/@0xb2226f7 - animation-leash#0 (2/89)
07-24 15:42:03.822  3385  3424 I SurfaceFlinger: id=72209 Removed fbb641b com.android.todolist/com.android.todolist.MainActivity#0 (1/88)
07-24 15:42:03.823  3385  3385 I Layer   : id=72210 onRemoved com.android.todolist/com.android.todolist.MainActivity[5936]#1 
07-24 15:42:03.825  3385  3385 I Layer   : id=72217 onRemoved Surface(name=fbb641b com.android.todolist/com.android.todolist.MainActivity)/@0xb2226f7 - animation-leash#0 
07-24 15:42:03.825  3385  3385 I Layer   : id=72209 onRemoved fbb641b com.android.todolist/com.android.todolist.MainActivity#0 
07-24 15:42:03.832  3385  3385 I SurfaceFlinger:      Device | 0x71cc649460 | 0002 | RGBA_8888 |   0.0    0.0 1440.0 2960.0 |    0    0 1440 2960 | com.android.todolist/com.android.todolist.MainActivity[5936]#0
07-24 15:42:03.969  3385  3385 I SurfaceFlinger:      Device | 0x71bfbf98c0 | 0002 | RGBA_8888 |   0.0    0.0 1440.0 2960.0 |    0    0 1440 2960 | com.android.todolist/com.android.todolist.MainActivity[5936]#0
07-24 15:42:06.879  3944  4154 D WifiTrafficPoller: TrafficStats TxPkts=17179975 RxPkts=27644335 TxBytes=4106352093 RxBytes=29399015595 , Foreground uid=10387 pkgName=com.android.todolist TxPackets=0 RxPackets=0 TxBytes=0 RxBytes=0
07-24 15:42:17.059  3944  4154 D WifiTrafficPoller: TrafficStats TxPkts=17179977 RxPkts=27644340 TxBytes=4106352317 RxBytes=29399016003 , Foreground uid=10387 pkgName=com.android.todolist TxPackets=0 RxPackets=0 TxBytes=0 RxBytes=0
07-24 15:42:23.224  3944  4154 D WifiTrafficPoller: TrafficStats TxPkts=17179978 RxPkts=27644344 TxBytes=4106352317 RxBytes=29399016351 , Foreground uid=10387 pkgName=com.android.todolist TxPackets=0 RxPackets=0 TxBytes=0 RxBytes=0
07-24 15:42:28.698  3944  3951 D SurfaceControl: finalize(protected), animation-leash is released by finalize, sc=Surface(name=Surface(name=fbb641b com.android.todolist/com.android.todolist.MainActivity)/@0xb2226f7 - animation-leash)/@0x1621882, nativeObject=522688800640, caller=java.lang.Daemons$FinalizerDaemon.doFinalize:250 java.lang.Daemons$FinalizerDaemon.runInternal:237 java.lang.Daemons$Daemon.run:103 java.lang.Thread.run:764 <bottom of call stack> <bottom of call stack> <bottom of call stack> 
07-24 15:42:28.700  3944  3951 D SurfaceControl: finalize(protected), animation-leash is released by finalize, sc=Surface(name=Surface(name=fbb641b com.android.todolist/com.android.todolist.MainActivity)/@0xb2226f7 - animation-leash)/@0x5adfe30, nativeObject=523181962336, caller=java.lang.Daemons$FinalizerDaemon.doFinalize:250 java.lang.Daemons$FinalizerDaemon.runInternal:237 java.lang.Daemons$Daemon.run:103 java.lang.Thread.run:764 <bottom of call stack> <bottom of call stack> <bottom of call stack> 
07-24 15:42:28.703  3944  3951 D SurfaceControl: finalize(protected), animation-leash is released by finalize, sc=Surface(name=Surface(name=fbb641b com.android.todolist/com.android.todolist.MainActivity)/@0xb2226f7 - animation-leash)/@0xa817f1d, nativeObject=522645988224, caller=java.lang.Daemons$FinalizerDaemon.doFinalize:250 java.lang.Daemons$FinalizerDaemon.runInternal:237 java.lang.Daemons$Daemon.run:103 java.lang.Thread.run:764 <bottom of call stack> <bottom of call stack> <bottom of call stack> 
07-24 15:42:29.717  3385  3385 I SurfaceFlinger: id=72220 createSurf (5920x5920),2 flag=4, 40db1af com.android.todolist/com.android.todolist.MainActivity#0
07-24 15:42:29.748  3385  3385 D SurfaceFlinger: duplicate layer name: changing com.android.todolist/com.android.todolist.MainActivity[5936] to com.android.todolist/com.android.todolist.MainActivity[5936]#1
07-24 15:42:29.749  3385  3385 I SurfaceFlinger: id=72221 createSurf (1624x1096),1 flag=4, com.android.todolist/com.android.todolist.MainActivity[5936]#1
07-24 15:42:29.771  5936  5936 V InputMethodManager: Starting input: tba=com.android.todolist ic=null mNaviBarColor -855310 mIsGetNaviBarColorSuccess true , NavVisible : true , NavTrans : false
07-24 15:42:29.772  3944  3954 V InputMethodManagerService: windowGainedFocus : reason=WINDOW_FOCUS_GAIN client=android.os.BinderProxy@3a14d3f inputContext=null missingMethods= attribute=android.view.inputmethod.EditorInfo@25229bc nm = com.android.todolist controlFlags=#104 softInputMode=#120 windowFlags=#1800002
07-24 15:42:29.799  3385  3385 I SurfaceFlinger: id=72222 createSurf (5920x5920),2 flag=4, Surface(name=40db1af com.android.todolist/com.android.todolist.MainActivity)/@0x28db9cb - animation-leash#0
07-24 15:42:29.800  3944  4067 D SurfaceControl: reparent is called, sc=Surface(name=40db1af com.android.todolist/com.android.todolist.MainActivity)/@0x28db9cb, newParentHandle=android.os.BinderProxy@2f625a8, transaction=android.view.SurfaceControl$Transaction@a3768c1
07-24 15:42:29.806  3385  5227 D Layer   : [40db1af com.android.todolist/com.android.todolist.MainActivity#0]::reparent oldParent:[AppWindowToken{db0a5a9 token=Token{5c2530 ActivityRecord{6a56273 u0 com.android.todolist/.MainActivity t1568}}}#0], newParent:[Surface(name=40db1af com.android.todolist/com.android.todolist.MainActivity)/@0x28db9cb - animation-leash#0]
07-24 15:42:29.809  3944  3978 D WindowManager: setSystemUiVisibility: vis= 0x8008, fullscreenVis= 0x0, dockedVis= 0x0, win=Window{40db1af u0 com.android.todolist/com.android.todolist.MainActivity}
07-24 15:42:29.856  3385  3385 I SurfaceFlinger:      Device | 0x71bfbf98c0 | 0002 | RGBA_8888 |   0.0    0.0 1440.0 2960.0 |    0    0 1440 2960 | com.android.todolist/com.android.todolist.MainActivity[5936]#0
07-24 15:42:29.856  3385  3385 I SurfaceFlinger:      Device | 0x71cc64a7a0 | 0000 | RGBA_8888 |  92.0    0.0 1532.0 1096.0 |    0  884 1440 1980 | com.android.todolist/com.android.todolist.MainActivity[5936]#1
07-24 15:42:29.959  3944  4067 D SurfaceControl: reparent is called, sc=Surface(name=40db1af com.android.todolist/com.android.todolist.MainActivity)/@0x28db9cb, newParentHandle=android.os.BinderProxy@514649f, transaction=android.view.SurfaceControl$Transaction@a3768c1
07-24 15:42:29.959  3944  4067 D SurfaceControl: destroy(transaction), animation-leash is destroyed, sc=Surface(name=Surface(name=40db1af com.android.todolist/com.android.todolist.MainActivity)/@0x28db9cb - animation-leash)/@0x1c89866, transaction=android.view.SurfaceControl$Transaction@a3768c1, caller=com.android.server.wm.SurfaceAnimator.reset:335 com.android.server.wm.SurfaceAnimator.lambda$getFinishedCallback$0:94 com.android.server.wm.-$$Lambda$SurfaceAnimator$SIBia0mND666K8lMCPsoid8pUTI.run:4 com.android.server.wm.SurfaceAnimator.lambda$getFinishedCallback$1:101 com.android.server.wm.-$$Lambda$SurfaceAnimator$vdRZk66hQVbQCvVXEaQCT1kVmFc.onAnimationFinished:4 com.android.server.wm.LocalAnimationAdapter.lambda$startAnimation$0:65 com.android.server.wm.-$$Lambda$LocalAnimationAdapter$X--EomqUvw4qy89IeeTFTH7aCMo.run:4 
07-24 15:42:29.960  3944  4067 D WindowManager: prepareSurfaces, request to clear saved leash, surface=Surface(name=40db1af com.android.todolist/com.android.todolist.MainActivity)/@0x28db9cb
07-24 15:42:29.961  3385  4129 D Layer   : [40db1af com.android.todolist/com.android.todolist.MainActivity#0]::reparent oldParent:[Surface(name=40db1af com.android.todolist/com.android.todolist.MainActivity)/@0x28db9cb - animation-leash#0], newParent:[AppWindowToken{db0a5a9 token=Token{5c2530 ActivityRecord{6a56273 u0 com.android.todolist/.MainActivity t1568}}}#0]
07-24 15:42:29.961  3385  4129 I SurfaceFlinger: id=72222 Removed Surface(name=40db1af com.android.todolist/com.android.todolist.MainActivity)/@0x28db9cb - animation-leash#0 (2/88)
07-24 15:42:29.961  3944  4067 D WindowManager: clearSavedLeashOnCommit, savedLeash=Surface(name=Surface(name=40db1af com.android.todolist/com.android.todolist.MainActivity)/@0x28db9cb - animation-leash)/@0x1c89866, caller=com.android.server.wm.WindowContainer.clearSavedLeashOnCommit:1164 com.android.server.wm.WindowContainer.clearSavedLeashOnCommit:1168 com.android.server.wm.WindowContainer.clearSavedLeashOnCommit:1168 com.android.server.wm.WindowContainer.clearSavedLeashOnCommit:1168 com.android.server.wm.WindowContainer.clearSavedLeashOnCommit:1168 com.android.server.wm.WindowContainer.clearSavedLeashOnCommit:1168 
07-24 15:42:29.974  3385  3385 I Layer   : id=72222 onRemoved Surface(name=40db1af com.android.todolist/com.android.todolist.MainActivity)/@0x28db9cb - animation-leash#0 
07-24 15:42:30.654  5936  5936 V InputMethodManager: Starting input: tba=com.android.todolist ic=com.android.internal.widget.EditableInputConnection@edc500f mNaviBarColor -855310 mIsGetNaviBarColorSuccess true , NavVisible : true , NavTrans : false
07-24 15:42:30.659  5936  5936 D InputMethodManager: SSI - flag : 0 Pid : 5936 view : com.android.todolist
07-24 15:42:30.688 11107 11107 D [SPAF]StructureParser: Parsing structure for ComponentInfo{com.android.todolist/com.android.todolist.MainActivity}
07-24 15:42:30.731  3385  3385 I SurfaceFlinger: id=72226 createSurf (5920x5920),2 flag=4, Surface(name=40db1af com.android.todolist/com.android.todolist.MainActivity)/@0x28db9cb - animation-leash#0
07-24 15:42:30.732  3944  4551 D SurfaceControl: reparent is called, sc=Surface(name=40db1af com.android.todolist/com.android.todolist.MainActivity)/@0x28db9cb, newParentHandle=android.os.BinderProxy@365b38f, transaction=android.view.SurfaceControl$Transaction@a3768c1
07-24 15:42:30.733  3385  4129 D Layer   : [40db1af com.android.todolist/com.android.todolist.MainActivity#0]::reparent oldParent:[AppWindowToken{db0a5a9 token=Token{5c2530 ActivityRecord{6a56273 u0 com.android.todolist/.MainActivity t1568}}}#0], newParent:[Surface(name=40db1af com.android.todolist/com.android.todolist.MainActivity)/@0x28db9cb - animation-leash#0]
07-24 15:42:30.817  3385  3385 I SurfaceFlinger:      Device | 0x71cc649460 | 0002 | RGBA_8888 |   0.0    0.0 1440.0 2960.0 |    0    0 1440 2960 | com.android.todolist/com.android.todolist.MainActivity[5936]#0
07-24 15:42:30.817  3385  3385 I SurfaceFlinger:      Client | 0x71cc64a7a0 | 0000 | RGBA_8888 |  92.0    0.0 1532.0 1096.0 |    0  583 1440 1679 | com.android.todolist/com.android.todolist.MainActivity[5936]#1
