07-24 16:10:20.739  3385  4129 D Layer   : [dc4594f SnapshotStartingWindow for taskId=1568#0]::reparent oldParent:[AppWindowToken{f1dd039 token=Token{8902000 ActivityRecord{ab44683 u0 com.android.todolist/.MainActivity t1568}}}#0], newParent:[Surface(name=dc4594f SnapshotStartingWindow for taskId=1568)/@0x23fa10c - animation-leash#0]
07-24 16:10:20.899  3944  4067 I WindowManager: reset, Reparenting to original parent, shouldDeferScheduleAnimation=false, destroyLeash=true, surface=Surface(name=dc4594f SnapshotStartingWindow for taskId=1568)/@0x23fa10c, parent=Surface(name=AppWindowToken{f1dd039 token=Token{8902000 ActivityRecord{ab44683 u0 com.android.todolist/.MainActivity t1568}}})/@0x738085c, parentNativeHandle=android.os.BinderProxy@69e6c37, caller=com.android.server.wm.SurfaceAnimator.lambda$getFinishedCallback$0:94 com.android.server.wm.-$$Lambda$SurfaceAnimator$SIBia0mND666K8lMCPsoid8pUTI.run:4 com.android.server.wm.SurfaceAnimator.lambda$getFinishedCallback$1:101 com.android.server.wm.-$$Lambda$SurfaceAnimator$vdRZk66hQVbQCvVXEaQCT1kVmFc.onAnimationFinished:4 com.android.server.wm.LocalAnimationAdapter.lambda$startAnimation$0:65 
07-24 16:10:20.903  3385  3424 D Layer   : [dc4594f SnapshotStartingWindow for taskId=1568#0]::reparent oldParent:[Surface(name=dc4594f SnapshotStartingWindow for taskId=1568)/@0x23fa10c - animation-leash#0], newParent:[AppWindowToken{f1dd039 token=Token{8902000 ActivityRecord{ab44683 u0 com.android.todolist/.MainActivity t1568}}}#0]
07-24 16:10:20.923  3385  3385 I SurfaceFlinger:      Client | 0x71cc64a340 | 0002 | RGBA_8888 |   0.0    0.0 1440.0 2958.0 |    2    4 1438 2954 | com.android.todolist/com.android.todolist.MainActivity[5936]#0
07-24 16:10:20.948  3944  4519 D MdnieScenarioControlService:  packageName : com.android.todolist    className : com.android.todolist.MainActivity
07-24 16:10:21.004  3944  4288 I WindowManager: reset, Reparenting to original parent, shouldDeferScheduleAnimation=false, destroyLeash=true, surface=Surface(name=AppWindowToken{f1dd039 token=Token{8902000 ActivityRecord{ab44683 u0 com.android.todolist/.MainActivity t1568}}})/@0x738085c, parent=Surface(name=Task=1568)/@0xede461, parentNativeHandle=android.os.BinderProxy@9e394d3, caller=com.android.server.wm.SurfaceAnimator.lambda$getFinishedCallback$0:94 com.android.server.wm.-$$Lambda$SurfaceAnimator$SIBia0mND666K8lMCPsoid8pUTI.run:4 com.android.server.wm.SurfaceAnimator.lambda$getFinishedCallback$1:101 com.android.server.wm.-$$Lambda$SurfaceAnimator$vdRZk66hQVbQCvVXEaQCT1kVmFc.onAnimationFinished:4 com.android.server.wm.RemoteAnimationController.onAnimationFinished:261 
07-24 16:10:21.004  3944  4288 D SurfaceControl: reparent is called, sc=Surface(name=AppWindowToken{f1dd039 token=Token{8902000 ActivityRecord{ab44683 u0 com.android.todolist/.MainActivity t1568}}})/@0x738085c, newParentHandle=android.os.BinderProxy@9e394d3, transaction=android.view.SurfaceControl$Transaction@116dc3a
07-24 16:10:21.004  3944  4288 D SurfaceControl: destroy(transaction), animation-leash is destroyed, sc=Surface(name=Surface(name=AppWindowToken{f1dd039 token=Token{8902000 ActivityRecord{ab44683 u0 com.android.todolist/.MainActivity t1568}}})/@0x738085c - animation-leash)/@0xed2be86, transaction=android.view.SurfaceControl$Transaction@116dc3a, caller=com.android.server.wm.SurfaceAnimator.reset:335 com.android.server.wm.SurfaceAnimator.lambda$getFinishedCallback$0:94 com.android.server.wm.-$$Lambda$SurfaceAnimator$SIBia0mND666K8lMCPsoid8pUTI.run:4 com.android.server.wm.SurfaceAnimator.lambda$getFinishedCallback$1:101 com.android.server.wm.-$$Lambda$SurfaceAnimator$vdRZk66hQVbQCvVXEaQCT1kVmFc.onAnimationFinished:4 com.android.server.wm.RemoteAnimationController.onAnimationFinished:261 com.android.server.wm.RemoteAnimationController.access$300:54 
07-24 16:10:21.005  3944  4288 D RemoteAnimationController: 	AppWindowToken{f1dd039 token=Token{8902000 ActivityRecord{ab44683 u0 com.android.todolist/.MainActivity t1568}}}
07-24 16:10:21.011  3944  4067 D WindowManager: prepareSurfaces, request to clear saved leash, surface=Surface(name=AppWindowToken{f1dd039 token=Token{8902000 ActivityRecord{ab44683 u0 com.android.todolist/.MainActivity t1568}}})/@0x738085c
07-24 16:10:21.011  3385  5304 D Layer   : [AppWindowToken{f1dd039 token=Token{8902000 ActivityRecord{ab44683 u0 com.android.todolist/.MainActivity t1568}}}#0]::reparent oldParent:[Surface(name=AppWindowToken{f1dd039 token=Token{8902000 ActivityRecord{ab44683 u0 com.android.todolist/.MainActivity t1568}}})/@0x738085c - animation-leash#0], newParent:[Task=1568#0]
07-24 16:10:21.011  3385  5304 I SurfaceFlinger: id=72465 Removed Surface(name=AppWindowToken{f1dd039 token=Token{8902000 ActivityRecord{ab44683 u0 com.android.todolist/.MainActivity t1568}}})/@0x738085c - animation-leash#0 (0/93)
07-24 16:10:21.012  3944  4067 D WindowManager: clearSavedLeashOnCommit, savedLeash=Surface(name=Surface(name=AppWindowToken{f1dd039 token=Token{8902000 ActivityRecord{ab44683 u0 com.android.todolist/.MainActivity t1568}}})/@0x738085c - animation-leash)/@0xed2be86, caller=com.android.server.wm.WindowContainer.clearSavedLeashOnCommit:1164 com.android.server.wm.WindowContainer.clearSavedLeashOnCommit:1168 com.android.server.wm.WindowContainer.clearSavedLeashOnCommit:1168 com.android.server.wm.WindowContainer.clearSavedLeashOnCommit:1168 com.android.server.wm.WindowContainer.clearSavedLeashOnCommit:1168 com.android.server.wm.RootWindowContainer.performSurfacePlacement:784 
07-24 16:10:21.016  3385  3385 I Layer   : id=72465 onRemoved Surface(name=AppWindowToken{f1dd039 token=Token{8902000 ActivityRecord{ab44683 u0 com.android.todolist/.MainActivity t1568}}})/@0x738085c - animation-leash#0 
07-24 16:10:21.026  3385  3385 I SurfaceFlinger:      Device | 0x71cc64a340 | 0002 | RGBA_8888 |   0.0    0.0 1440.0 2960.0 |    0    0 1440 2960 | com.android.todolist/com.android.todolist.MainActivity[5936]#0
07-24 16:10:21.043  3944  3978 D CodecSolution: isMaxAspectPackageEx: com.android.todolist : true(2)
07-24 16:10:21.174  3944  4519 D MdnieScenarioControlService:  packageName : com.android.todolist    className : com.android.todolist.MainActivity
07-24 16:10:21.445  3944  4154 D WifiTrafficPoller: TrafficStats TxPkts=17182695 RxPkts=27647194 TxBytes=4106871628 RxBytes=29399754538 , Foreground uid=10387 pkgName=com.android.todolist TxPackets=0 RxPackets=0 TxBytes=0 RxBytes=0
07-24 16:10:21.691  3944  6386 D GameManagerService: identifyGamePackage. com.android.todolist, mCurrentUserId: 0, callerUserId: 0
07-24 16:10:21.692  3944  6386 D GamePkgDataHelper: getGamePkgData(). com.android.todolist
07-24 16:10:22.084  3944  4239 D GameManagerService: handleForegroundChange(). pkgName: com.android.todolist, clsName: com.android.todolist.MainActivity,FgActivityName:com.android.todolist/.MainActivity,userID:0
07-24 16:10:22.084  3944  4239 D GameManagerService:   handleForegroundChange(). set mFgApp: com.android.todolist
07-24 16:10:22.085  3944  4239 D GameManagerService: notifyResumePause(). pkg: com.android.todolist, type: 4, isMinimized: false, isTunableApp: false
07-24 16:10:22.147  3944  4239 D GameManagerService: handleForegroundChange(). pkgName: com.android.todolist, clsName: com.android.todolist.MainActivity,FgActivityName:com.android.todolist/.MainActivity,userID:0
07-24 16:10:22.497  3944  4288 D EdgeLightingManager: showForToast : packageName = com.android.todolist
07-24 16:10:22.497  3944  4288 D EdgeLightingPolicyManager: isAcceptableApplication:  pkg=com.android.todolist , range=512 , includeAllApp=false , userId=0 , infoRange=0 , infoCategory=0
07-24 16:10:22.505  3944  4288 I ActivityManager: START u0 {act=null typ=null flg=0x0 cmp=ComponentInfo{com.android.todolist/com.android.todolist.ListActivity}} from uid 10387
07-24 16:10:22.511  3385  3385 I SurfaceFlinger: id=72470 createSurf (5920x5920),2 flag=4, AppWindowToken{99b6d0f token=Token{5bd726e ActivityRecord{dbec5e9 u0 com.android.todolist/.ListActivity t1568}}}#0
07-24 16:10:22.525  3944  3983 V MARsPolicyManager: handelAlertToastWindowStarted pkgName = com.android.todolist, userId = 0
07-24 16:10:22.530  3944  4288 D GamePkgDataHelper: notifyAppCreate(), pkgName: com.android.todolist, sendRet: true
07-24 16:10:22.530  3944  4239 D GamePkgDataHelper: getGamePkgData(). com.android.todolist
07-24 16:10:22.530  3944  4239 D GameManagerService: handleMessage(), MSG_APP_CREATE. ignore. pkgName: com.android.todolist
07-24 16:10:22.530  3944  4288 V WindowManager: Changing focus from Window{10236f5 u0 com.android.todolist/com.android.todolist.MainActivity} to null Callers=com.android.server.wm.WindowManagerService.setFocusedApp:3175 com.android.server.am.ActivityManagerService.setResumedActivityUncheckLocked:4469 com.android.server.am.ActivityStack.onActivityStateChanged:560 com.android.server.am.TaskRecord.onActivityStateChanged:2173 
07-24 16:10:22.531  3944  3987 D WindowManager: reportFocusChangedSerialized, focused=false, inTouchMode=true, win=Window{10236f5 u0 com.android.todolist/com.android.todolist.MainActivity}
07-24 16:10:22.532  3944  4288 D GameManagerService: noteResumeComponent(), resumeComponent: com.android.todolist
07-24 16:10:22.532  3944  4239 D GameManagerService: handleForegroundChange(). pkgName: com.android.todolist, clsName: com.android.todolist.ListActivity,FgActivityName:com.android.todolist/.ListActivity,userID:0
07-24 16:10:22.534  3944  4288 D MARsPolicyManager: onPackageResumedFG pkgName = com.android.todolist, userId = 0
07-24 16:10:22.537  3944  3944 D Telecom:SamsungPrebindingServiceImpl: onTopActivityChanged : ComponentInfo{com.android.todolist/com.android.todolist.ListActivity}
07-24 16:10:22.598  3385  3385 I SurfaceFlinger: id=72473 createSurf (5920x5920),2 flag=4, 9cecb88 com.android.todolist/com.android.todolist.ListActivity#0
07-24 16:10:22.614  3944  6386 V WindowManager: Relayout Window{9cecb88 u0 com.android.todolist/com.android.todolist.ListActivity}: viewVisibility=0 req=1440x2960 {(0,0)(fillxfill) sim={adjust=resize forwardNavigation} ty=BASE_APPLICATION wanim=0x10302fe
07-24 16:10:22.615  3944  6386 V WindowManager: Resize reasons for w=Window{9cecb88 u0 com.android.todolist/com.android.todolist.ListActivity}:  contentInsetsChanged=false [0,96][0,192] visibleInsetsChanged=false [0,96][0,192] stableInsetsChanged=false [0,96][0,192] outsetsChanged=false [0,0][0,0] surfaceResized=false configChanged=true dragResizingChanged=false reportOrientationChanged=false displayCutoutChanged=false nextForceRelayoutToClient=false
07-24 16:10:22.617  3385  3385 I SurfaceFlinger: id=72474 createSurf (1440x2960),1 flag=404, com.android.todolist/com.android.todolist.ListActivity[5936]#0
07-24 16:10:22.618  3944  6386 D WindowManager: makeSurface duration=2 name=com.android.todolist/com.android.todolist.ListActivity[5936]
07-24 16:10:22.618  3944  6386 V WindowManager: Changing focus from null to Window{9cecb88 u0 com.android.todolist/com.android.todolist.ListActivity} Callers=com.android.server.wm.WindowManagerService.relayoutWindow:2571 com.android.server.wm.Session.relayoutForTranslate:302 android.view.IWindowSession$Stub.onTransact:518 com.android.server.wm.Session.onTransact:186 
07-24 16:10:22.619  3944  3978 D WindowManager: setSystemUiVisibility: vis= 0x8018, fullscreenVis= 0x0, dockedVis= 0x0, win=Window{9cecb88 u0 com.android.todolist/com.android.todolist.ListActivity}
07-24 16:10:22.620  3944  3987 D WindowManager: reportFocusChangedSerialized, focused=true, inTouchMode=true, win=Window{9cecb88 u0 com.android.todolist/com.android.todolist.ListActivity}
07-24 16:10:22.654  3944  6386 D WindowManager: finishDrawingWindow: Window{9cecb88 u0 com.android.todolist/com.android.todolist.ListActivity} mDrawState=DRAW_PENDING
07-24 16:10:22.655  3944  4067 I WindowManager: commitFinishDrawingLocked: mDrawState=READY_TO_SHOW Surface(name=com.android.todolist/com.android.todolist.ListActivity[5936])/@0x797fb59
07-24 16:10:22.659  3944  4067 I WindowManager: Cancelling animation restarting=true, leash=null, surface=Surface(name=AppWindowToken{f1dd039 token=Token{8902000 ActivityRecord{ab44683 u0 com.android.todolist/.MainActivity t1568}}})/@0x738085c, parent=Surface(name=Task=1568)/@0xede461
07-24 16:10:22.659  3944  4067 I WindowManager: Reparenting to leash, surface=Surface(name=AppWindowToken{f1dd039 token=Token{8902000 ActivityRecord{ab44683 u0 com.android.todolist/.MainActivity t1568}}})/@0x738085c
07-24 16:10:22.660  3385  3385 I SurfaceFlinger: id=72476 createSurf (5920x5920),2 flag=4, Surface(name=AppWindowToken{f1dd039 token=Token{8902000 ActivityRecord{ab44683 u0 com.android.todolist/.MainActivity t1568}}})/@0x738085c - animation-leash#0
07-24 16:10:22.661  3944  4067 D SurfaceControl: reparent is called, sc=Surface(name=AppWindowToken{f1dd039 token=Token{8902000 ActivityRecord{ab44683 u0 com.android.todolist/.MainActivity t1568}}})/@0x738085c, newParentHandle=android.os.BinderProxy@6d9d51b, transaction=android.view.SurfaceControl$Transaction@116dc3a
07-24 16:10:22.664  3944  4067 I WindowManager: Cancelling animation restarting=true, leash=null, surface=Surface(name=AppWindowToken{99b6d0f token=Token{5bd726e ActivityRecord{dbec5e9 u0 com.android.todolist/.ListActivity t1568}}})/@0xba16cc9, parent=Surface(name=Task=1568)/@0xede461
07-24 16:10:22.664  3944  4067 I WindowManager: Reparenting to leash, surface=Surface(name=AppWindowToken{99b6d0f token=Token{5bd726e ActivityRecord{dbec5e9 u0 com.android.todolist/.ListActivity t1568}}})/@0xba16cc9
07-24 16:10:22.665  3385  3385 I SurfaceFlinger: id=72477 createSurf (5920x5920),2 flag=4, Surface(name=AppWindowToken{99b6d0f token=Token{5bd726e ActivityRecord{dbec5e9 u0 com.android.todolist/.ListActivity t1568}}})/@0xba16cc9 - animation-leash#0
07-24 16:10:22.666  3944  4067 D SurfaceControl: reparent is called, sc=Surface(name=AppWindowToken{99b6d0f token=Token{5bd726e ActivityRecord{dbec5e9 u0 com.android.todolist/.ListActivity t1568}}})/@0xba16cc9, newParentHandle=android.os.BinderProxy@f56bfce, transaction=android.view.SurfaceControl$Transaction@db49eef
07-24 16:10:22.672  3944  4067 V WindowManager: performShowLocked: mDrawState=HAS_DRAWN in Window{9cecb88 u0 com.android.todolist/com.android.todolist.ListActivity}
07-24 16:10:22.674  3385  5304 D Layer   : [AppWindowToken{99b6d0f token=Token{5bd726e ActivityRecord{dbec5e9 u0 com.android.todolist/.ListActivity t1568}}}#0]::reparent oldParent:[Task=1568#0], newParent:[Surface(name=AppWindowToken{99b6d0f token=Token{5bd726e ActivityRecord{dbec5e9 u0 com.android.todolist/.ListActivity t1568}}})/@0xba16cc9 - animation-leash#0]
07-24 16:10:22.674  3385  5304 D Layer   : [AppWindowToken{f1dd039 token=Token{8902000 ActivityRecord{ab44683 u0 com.android.todolist/.MainActivity t1568}}}#0]::reparent oldParent:[Task=1568#0], newParent:[Surface(name=AppWindowToken{f1dd039 token=Token{8902000 ActivityRecord{ab44683 u0 com.android.todolist/.MainActivity t1568}}})/@0x738085c - animation-leash#0]
07-24 16:10:22.679  3944  3987 I ActivityManager: Displayed com.android.todolist/.ListActivity: +145ms
07-24 16:10:22.681  5936  5936 V InputMethodManager: Starting input: tba=com.android.todolist ic=null mNaviBarColor -855310 mIsGetNaviBarColorSuccess true , NavVisible : true , NavTrans : false
07-24 16:10:22.682  3944  4288 V InputMethodManagerService: windowGainedFocus : reason=WINDOW_FOCUS_GAIN client=android.os.BinderProxy@3a14d3f inputContext=null missingMethods= attribute=android.view.inputmethod.EditorInfo@b34ec01 nm = com.android.todolist controlFlags=#104 softInputMode=#110 windowFlags=#81810100
07-24 16:10:22.689  3385  3385 I SurfaceFlinger:      Device | 0x71ccc6f300 | 0002 | RGBA_8888 |   0.0    0.0 1440.0 2960.0 |    0    0 1440 2960 | com.android.todolist/com.android.todolist.MainActivity[5936]#0
07-24 16:10:22.710  3385  3385 I SurfaceFlinger:      Client | 0x71ccc6f300 | 0002 | RGBA_8888 |   0.0    1.0 1440.0 2960.0 |    0    0 1440 2959 | com.android.todolist/com.android.todolist.MainActivity[5936]#0
07-24 16:10:22.710  3385  3385 I SurfaceFlinger:      Device | 0x71bfbf98c0 | 0002 | RGBA_8888 |   0.0    0.0 1440.0 2268.0 |    0  692 1440 2960 | com.android.todolist/com.android.todolist.ListActivity[5936]#0
07-24 16:10:22.723  3385  3385 I SurfaceFlinger:      Client | 0x71ccc6f300 | 0002 | RGBA_8888 |   0.0    3.0 1440.0 2960.0 |    0    0 1440 2957 | com.android.todolist/com.android.todolist.MainActivity[5936]#0
07-24 16:10:22.723  3385  3385 I SurfaceFlinger:      Device | 0x71bfbf98c0 | 0002 | RGBA_8888 |   0.0    0.0 1440.0 2298.0 |    0  662 1440 2960 | com.android.todolist/com.android.todolist.ListActivity[5936]#0
07-24 16:10:22.807  3385  3385 I SurfaceFlinger:      Client | 0x71ccc6f300 | 0002 | RGBA_8888 |   0.0   28.0 1440.0 2960.0 |    0    0 1440 2932 | com.android.todolist/com.android.todolist.MainActivity[5936]#0
07-24 16:10:22.807  3385  3385 I SurfaceFlinger:      Client | 0x71bfbf98c0 | 0002 | RGBA_8888 |   0.0    0.0 1440.0 2750.0 |    0  210 1440 2960 | com.android.todolist/com.android.todolist.ListActivity[5936]#0
07-24 16:10:22.971  3944  4067 I WindowManager: reset, Reparenting to original parent, shouldDeferScheduleAnimation=true, destroyLeash=true, surface=Surface(name=AppWindowToken{f1dd039 token=Token{8902000 ActivityRecord{ab44683 u0 com.android.todolist/.MainActivity t1568}}})/@0x738085c, parent=Surface(name=Task=1568)/@0xede461, parentNativeHandle=android.os.BinderProxy@9e394d3, caller=com.android.server.wm.SurfaceAnimator.lambda$getFinishedCallback$0:94 com.android.server.wm.-$$Lambda$SurfaceAnimator$SIBia0mND666K8lMCPsoid8pUTI.run:4 com.android.server.wm.AnimatingAppWindowTokenRegistry.endDeferringFinished:104 com.android.server.wm.AnimatingAppWindowTokenRegistry.notifyAboutToFinish:77 com.android.server.wm.AppWindowToken.shouldDeferAnimationFinish:2251 
07-24 16:10:22.971  3944  4067 D SurfaceControl: reparent is called, sc=Surface(name=AppWindowToken{f1dd039 token=Token{8902000 ActivityRecord{ab44683 u0 com.android.todolist/.MainActivity t1568}}})/@0x738085c, newParentHandle=android.os.BinderProxy@9e394d3, transaction=android.view.SurfaceControl$Transaction@116dc3a
07-24 16:10:22.971  3944  4067 D SurfaceControl: destroy(transaction), animation-leash is destroyed, sc=Surface(name=Surface(name=AppWindowToken{f1dd039 token=Token{8902000 ActivityRecord{ab44683 u0 com.android.todolist/.MainActivity t1568}}})/@0x738085c - animation-leash)/@0xe7cbc91, transaction=android.view.SurfaceControl$Transaction@116dc3a, caller=com.android.server.wm.SurfaceAnimator.reset:335 com.android.server.wm.SurfaceAnimator.lambda$getFinishedCallback$0:94 com.android.server.wm.-$$Lambda$SurfaceAnimator$SIBia0mND666K8lMCPsoid8pUTI.run:4 com.android.server.wm.AnimatingAppWindowTokenRegistry.endDeferringFinished:104 com.android.server.wm.AnimatingAppWindowTokenRegistry.notifyAboutToFinish:77 com.android.server.wm.AppWindowToken.shouldDeferAnimationFinish:2251 com.android.server.wm.SurfaceAnimator.lambda$getFinishedCallback$1:100 
07-24 16:10:22.971  3944  4067 V WindowManager: Setting visibility of Window{10236f5 u0 com.android.todolist/com.android.todolist.MainActivity}: false, caller=com.android.server.wm.WindowContainer.sendAppVisibilityToClients:623 com.android.server.wm.AppWindowToken.setClientHidden:461 com.android.server.wm.AppWindowToken.onAnimationFinished:2398 com.android.server.wm.-$$Lambda$yVRF8YoeNdTa8GR1wDStVsHu8xM.run:2 com.android.server.wm.SurfaceAnimator.lambda$getFinishedCallback$0:97 
07-24 16:10:22.971  3944  4067 I WindowManager: reset, Reparenting to original parent, shouldDeferScheduleAnimation=false, destroyLeash=true, surface=Surface(name=AppWindowToken{99b6d0f token=Token{5bd726e ActivityRecord{dbec5e9 u0 com.android.todolist/.ListActivity t1568}}})/@0xba16cc9, parent=Surface(name=Task=1568)/@0xede461, parentNativeHandle=android.os.BinderProxy@9e394d3, caller=com.android.server.wm.SurfaceAnimator.lambda$getFinishedCallback$0:94 com.android.server.wm.-$$Lambda$SurfaceAnimator$SIBia0mND666K8lMCPsoid8pUTI.run:4 com.android.server.wm.SurfaceAnimator.lambda$getFinishedCallback$1:101 com.android.server.wm.-$$Lambda$SurfaceAnimator$vdRZk66hQVbQCvVXEaQCT1kVmFc.onAnimationFinished:4 com.android.server.wm.LocalAnimationAdapter.lambda$startAnimation$0:65 
07-24 16:10:22.971  3944  4067 D SurfaceControl: reparent is called, sc=Surface(name=AppWindowToken{99b6d0f token=Token{5bd726e ActivityRecord{dbec5e9 u0 com.android.todolist/.ListActivity t1568}}})/@0xba16cc9, newParentHandle=android.os.BinderProxy@9e394d3, transaction=android.view.SurfaceControl$Transaction@db49eef
07-24 16:10:22.972  3944  4067 D SurfaceControl: destroy(transaction), animation-leash is destroyed, sc=Surface(name=Surface(name=AppWindowToken{99b6d0f token=Token{5bd726e ActivityRecord{dbec5e9 u0 com.android.todolist/.ListActivity t1568}}})/@0xba16cc9 - animation-leash)/@0x7b6ade8, transaction=android.view.SurfaceControl$Transaction@db49eef, caller=com.android.server.wm.SurfaceAnimator.reset:335 com.android.server.wm.SurfaceAnimator.lambda$getFinishedCallback$0:94 com.android.server.wm.-$$Lambda$SurfaceAnimator$SIBia0mND666K8lMCPsoid8pUTI.run:4 com.android.server.wm.SurfaceAnimator.lambda$getFinishedCallback$1:101 com.android.server.wm.-$$Lambda$SurfaceAnimator$vdRZk66hQVbQCvVXEaQCT1kVmFc.onAnimationFinished:4 com.android.server.wm.LocalAnimationAdapter.lambda$startAnimation$0:65 com.android.server.wm.-$$Lambda$LocalAnimationAdapter$X--EomqUvw4qy89IeeTFTH7aCMo.run:4 
07-24 16:10:22.973  3944  4067 D WindowManager: prepareSurfaces, request to clear saved leash, surface=Surface(name=AppWindowToken{f1dd039 token=Token{8902000 ActivityRecord{ab44683 u0 com.android.todolist/.MainActivity t1568}}})/@0x738085c
07-24 16:10:22.973  3944  4067 D WindowManager: prepareSurfaces, request to clear saved leash, surface=Surface(name=AppWindowToken{99b6d0f token=Token{5bd726e ActivityRecord{dbec5e9 u0 com.android.todolist/.ListActivity t1568}}})/@0xba16cc9
07-24 16:10:22.974  3385  5304 D Layer   : [AppWindowToken{99b6d0f token=Token{5bd726e ActivityRecord{dbec5e9 u0 com.android.todolist/.ListActivity t1568}}}#0]::reparent oldParent:[Surface(name=AppWindowToken{99b6d0f token=Token{5bd726e ActivityRecord{dbec5e9 u0 com.android.todolist/.ListActivity t1568}}})/@0xba16cc9 - animation-leash#0], newParent:[Task=1568#0]
07-24 16:10:22.974  3385  5304 D Layer   : [AppWindowToken{f1dd039 token=Token{8902000 ActivityRecord{ab44683 u0 com.android.todolist/.MainActivity t1568}}}#0]::reparent oldParent:[Surface(name=AppWindowToken{f1dd039 token=Token{8902000 ActivityRecord{ab44683 u0 com.android.todolist/.MainActivity t1568}}})/@0x738085c - animation-leash#0], newParent:[Task=1568#0]
07-24 16:10:22.974  3385  5304 I SurfaceFlinger: id=72477 Removed Surface(name=AppWindowToken{99b6d0f token=Token{5bd726e ActivityRecord{dbec5e9 u0 com.android.todolist/.ListActivity t1568}}})/@0xba16cc9 - animation-leash#0 (1/100)
07-24 16:10:22.974  3385  5304 I SurfaceFlinger: id=72476 Removed Surface(name=AppWindowToken{f1dd039 token=Token{8902000 ActivityRecord{ab44683 u0 com.android.todolist/.MainActivity t1568}}})/@0x738085c - animation-leash#0 (0/98)
07-24 16:10:22.974  3944  4067 D WindowManager: clearSavedLeashOnCommit, savedLeash=Surface(name=Surface(name=AppWindowToken{f1dd039 token=Token{8902000 ActivityRecord{ab44683 u0 com.android.todolist/.MainActivity t1568}}})/@0x738085c - animation-leash)/@0xe7cbc91, caller=com.android.server.wm.WindowContainer.clearSavedLeashOnCommit:1164 com.android.server.wm.WindowContainer.clearSavedLeashOnCommit:1168 com.android.server.wm.WindowContainer.clearSavedLeashOnCommit:1168 com.android.server.wm.WindowContainer.clearSavedLeashOnCommit:1168 com.android.server.wm.WindowContainer.clearSavedLeashOnCommit:1168 com.android.server.wm.RootWindowContainer.performSurfacePlacement:784 
07-24 16:10:22.974  3944  4067 D WindowManager: clearSavedLeashOnCommit, savedLeash=Surface(name=Surface(name=AppWindowToken{99b6d0f token=Token{5bd726e ActivityRecord{dbec5e9 u0 com.android.todolist/.ListActivity t1568}}})/@0xba16cc9 - animation-leash)/@0x7b6ade8, caller=com.android.server.wm.WindowContainer.clearSavedLeashOnCommit:1164 com.android.server.wm.WindowContainer.clearSavedLeashOnCommit:1168 com.android.server.wm.WindowContainer.clearSavedLeashOnCommit:1168 com.android.server.wm.WindowContainer.clearSavedLeashOnCommit:1168 com.android.server.wm.WindowContainer.clearSavedLeashOnCommit:1168 com.android.server.wm.RootWindowContainer.performSurfacePlacement:784 
07-24 16:10:22.985  3385  3385 I Layer   : id=72476 onRemoved Surface(name=AppWindowToken{f1dd039 token=Token{8902000 ActivityRecord{ab44683 u0 com.android.todolist/.MainActivity t1568}}})/@0x738085c - animation-leash#0 
07-24 16:10:22.985  3385  3385 I Layer   : id=72477 onRemoved Surface(name=AppWindowToken{99b6d0f token=Token{5bd726e ActivityRecord{dbec5e9 u0 com.android.todolist/.ListActivity t1568}}})/@0xba16cc9 - animation-leash#0 
07-24 16:10:22.988  3385  5227 E BufferQueueProducer: [com.android.todolist/com.android.todolist.MainActivity[5936]#0] disconnect: not connected (req=1)
07-24 16:10:22.992  3944  4288 V WindowManager: Relayout Window{10236f5 u0 com.android.todolist/com.android.todolist.MainActivity}: viewVisibility=8 req=1440x2960 {(0,0)(fillxfill) sim={adjust=resize forwardNavigation} ty=BASE_APPLICATION wanim=0x10302fe
07-24 16:10:22.993  3944  4288 E WindowManager: win=Window{10236f5 u0 com.android.todolist/com.android.todolist.MainActivity} destroySurfaces: appStopped=false win.mWindowRemovalAllowed=false win.mRemoveOnExit=false win.mViewVisibility=8 caller=com.android.server.wm.WindowManagerService.tryStartExitingAnimation:2803 com.android.server.wm.WindowManagerService.relayoutWindow:2501 com.android.server.wm.Session.relayoutForTranslate:302 android.view.IWindowSession$Stub.onTransact:518 com.android.server.wm.Session.onTransact:186 android.os.Binder.execTransact:739 <bottom of call stack> 
07-24 16:10:22.993  3944  4288 I WindowManager: Destroying surface Surface(name=com.android.todolist/com.android.todolist.MainActivity[5936])/@0xded185e called by com.android.server.wm.WindowStateAnimator.destroySurface:1880 com.android.server.wm.WindowStateAnimator.destroySurfaceLocked:838 com.android.server.wm.WindowState.destroySurfaceUnchecked:3847 com.android.server.wm.WindowState.destroySurface:3828 com.android.server.wm.WindowManagerService.tryStartExitingAnimation:2803 com.android.server.wm.WindowManagerService.relayoutWindow:2501 com.android.server.wm.Session.relayoutForTranslate:302 android.view.IWindowSession$Stub.onTransact:518 
07-24 16:10:22.993  3385  5227 I SurfaceFlinger: id=72467 Removed com.android.todolist/com.android.todolist.MainActivity[5936]#0 (0/97)
07-24 16:10:22.995  3385  3385 I SurfaceFlinger:      Device | 0x71bfbf98c0 | 0002 | RGBA_8888 |   0.0    0.0 1440.0 2960.0 |    0    0 1440 2960 | com.android.todolist/com.android.todolist.ListActivity[5936]#0
07-24 16:10:23.002  3385  3385 I Layer   : id=72467 onRemoved com.android.todolist/com.android.todolist.MainActivity[5936]#0 
07-24 16:10:23.008  3944  4288 V WindowManager: Relayout Window{10236f5 u0 com.android.todolist/com.android.todolist.MainActivity}: viewVisibility=8 req=1440x2960 {(0,0)(fillxfill) sim={adjust=pan} ty=BASE_APPLICATION wanim=0x10302fe
07-24 16:10:23.186  3944  8262 D GameManagerService: identifyGamePackage. com.android.todolist, mCurrentUserId: 0, callerUserId: 0
07-24 16:10:23.187  3944  8262 D GamePkgDataHelper: getGamePkgData(). com.android.todolist
07-24 16:10:24.445  3944  4288 I ActivityManager: START u0 {act=null typ=null flg=0x0 cmp=ComponentInfo{com.android.todolist/com.android.todolist.MainActivity}} from uid 10387
07-24 16:10:24.452  3385  3385 I SurfaceFlinger: id=72480 createSurf (5920x5920),2 flag=4, AppWindowToken{3e56118 token=Token{6ffcfb ActivityRecord{143de8a u0 com.android.todolist/.MainActivity t1568}}}#0
07-24 16:10:24.461  3944  3944 D Telecom:SamsungPrebindingServiceImpl: onTopActivityChanged : ComponentInfo{com.android.todolist/com.android.todolist.MainActivity}
07-24 16:10:24.466  3944  4288 D GamePkgDataHelper: notifyAppCreate(), pkgName: com.android.todolist, sendRet: true
07-24 16:10:24.466  3944  4239 D GamePkgDataHelper: getGamePkgData(). com.android.todolist
07-24 16:10:24.466  3944  4239 D GameManagerService: handleMessage(), MSG_APP_CREATE. ignore. pkgName: com.android.todolist
07-24 16:10:24.467  3944  4288 V WindowManager: Changing focus from Window{9cecb88 u0 com.android.todolist/com.android.todolist.ListActivity} to null Callers=com.android.server.wm.WindowManagerService.setFocusedApp:3175 com.android.server.am.ActivityManagerService.setResumedActivityUncheckLocked:4469 com.android.server.am.ActivityStack.onActivityStateChanged:560 com.android.server.am.TaskRecord.onActivityStateChanged:2173 
07-24 16:10:24.468  3944  3987 D WindowManager: reportFocusChangedSerialized, focused=false, inTouchMode=true, win=Window{9cecb88 u0 com.android.todolist/com.android.todolist.ListActivity}
07-24 16:10:24.469  3944  4288 D GameManagerService: noteResumeComponent(), resumeComponent: com.android.todolist
07-24 16:10:24.469  3944  4239 D GameManagerService: handleForegroundChange(). pkgName: com.android.todolist, clsName: com.android.todolist.MainActivity,FgActivityName:com.android.todolist/.MainActivity,userID:0
07-24 16:10:24.474  3944  4288 D MARsPolicyManager: onPackageResumedFG pkgName = com.android.todolist, userId = 0
07-24 16:10:24.476  3944  3944 D Telecom:SamsungPrebindingServiceImpl: onTopActivityChanged : ComponentInfo{com.android.todolist/com.android.todolist.MainActivity}
07-24 16:10:24.514  3385  3385 I SurfaceFlinger: id=72482 createSurf (5920x5920),2 flag=4, 6fb3b30 com.android.todolist/com.android.todolist.MainActivity#0
07-24 16:10:24.538  3944  4288 V WindowManager: Relayout Window{6fb3b30 u0 com.android.todolist/com.android.todolist.MainActivity}: viewVisibility=0 req=1440x2960 {(0,0)(fillxfill) sim={adjust=resize forwardNavigation} ty=BASE_APPLICATION wanim=0x10302fe
07-24 16:10:24.539  3944  4288 V WindowManager: Resize reasons for w=Window{6fb3b30 u0 com.android.todolist/com.android.todolist.MainActivity}:  contentInsetsChanged=false [0,96][0,192] visibleInsetsChanged=false [0,96][0,192] stableInsetsChanged=false [0,96][0,192] outsetsChanged=false [0,0][0,0] surfaceResized=false configChanged=true dragResizingChanged=false reportOrientationChanged=false displayCutoutChanged=false nextForceRelayoutToClient=false
07-24 16:10:24.545  3385  3385 I SurfaceFlinger: id=72483 createSurf (1440x2960),1 flag=404, com.android.todolist/com.android.todolist.MainActivity[5936]#0
07-24 16:10:24.546  3944  4288 D WindowManager: makeSurface duration=5 name=com.android.todolist/com.android.todolist.MainActivity[5936]
07-24 16:10:24.547  3944  4288 V WindowManager: Changing focus from null to Window{6fb3b30 u0 com.android.todolist/com.android.todolist.MainActivity} Callers=com.android.server.wm.WindowManagerService.relayoutWindow:2571 com.android.server.wm.Session.relayoutForTranslate:302 android.view.IWindowSession$Stub.onTransact:518 com.android.server.wm.Session.onTransact:186 
07-24 16:10:24.547  3944  3978 D WindowManager: setSystemUiVisibility: vis= 0x8018, fullscreenVis= 0x0, dockedVis= 0x0, win=Window{6fb3b30 u0 com.android.todolist/com.android.todolist.MainActivity}
07-24 16:10:24.548  3944  3987 D WindowManager: reportFocusChangedSerialized, focused=true, inTouchMode=true, win=Window{6fb3b30 u0 com.android.todolist/com.android.todolist.MainActivity}
07-24 16:10:24.584  3944  9409 W NotificationService: Toast already killed. pkg=com.android.todolist callback=android.app.ITransientNotification$Stub$Proxy@6e23d2e
07-24 16:10:24.604  3944  9409 D WindowManager: finishDrawingWindow: Window{6fb3b30 u0 com.android.todolist/com.android.todolist.MainActivity} mDrawState=DRAW_PENDING
07-24 16:10:24.608  3944  4067 I WindowManager: commitFinishDrawingLocked: mDrawState=READY_TO_SHOW Surface(name=com.android.todolist/com.android.todolist.MainActivity[5936])/@0xc8c40cf
07-24 16:10:24.611  3944  4067 I WindowManager: Cancelling animation restarting=true, leash=null, surface=Surface(name=AppWindowToken{99b6d0f token=Token{5bd726e ActivityRecord{dbec5e9 u0 com.android.todolist/.ListActivity t1568}}})/@0xba16cc9, parent=Surface(name=Task=1568)/@0xede461
07-24 16:10:24.611  3944  4067 I WindowManager: Reparenting to leash, surface=Surface(name=AppWindowToken{99b6d0f token=Token{5bd726e ActivityRecord{dbec5e9 u0 com.android.todolist/.ListActivity t1568}}})/@0xba16cc9
07-24 16:10:24.612  3385  3385 I SurfaceFlinger: id=72484 createSurf (5920x5920),2 flag=4, Surface(name=AppWindowToken{99b6d0f token=Token{5bd726e ActivityRecord{dbec5e9 u0 com.android.todolist/.ListActivity t1568}}})/@0xba16cc9 - animation-leash#0
07-24 16:10:24.614  3944  4067 D SurfaceControl: reparent is called, sc=Surface(name=AppWindowToken{99b6d0f token=Token{5bd726e ActivityRecord{dbec5e9 u0 com.android.todolist/.ListActivity t1568}}})/@0xba16cc9, newParentHandle=android.os.BinderProxy@f747ee1, transaction=android.view.SurfaceControl$Transaction@db49eef
07-24 16:10:24.615  3944  4067 I WindowManager: Cancelling animation restarting=true, leash=null, surface=Surface(name=AppWindowToken{3e56118 token=Token{6ffcfb ActivityRecord{143de8a u0 com.android.todolist/.MainActivity t1568}}})/@0xce52919, parent=Surface(name=Task=1568)/@0xede461
07-24 16:10:24.615  3944  4067 I WindowManager: Reparenting to leash, surface=Surface(name=AppWindowToken{3e56118 token=Token{6ffcfb ActivityRecord{143de8a u0 com.android.todolist/.MainActivity t1568}}})/@0xce52919
07-24 16:10:24.616  3385  3385 I SurfaceFlinger: id=72485 createSurf (5920x5920),2 flag=4, Surface(name=AppWindowToken{3e56118 token=Token{6ffcfb ActivityRecord{143de8a u0 com.android.todolist/.MainActivity t1568}}})/@0xce52919 - animation-leash#0
07-24 16:10:24.617  3944  4067 D SurfaceControl: reparent is called, sc=Surface(name=AppWindowToken{3e56118 token=Token{6ffcfb ActivityRecord{143de8a u0 com.android.todolist/.MainActivity t1568}}})/@0xce52919, newParentHandle=android.os.BinderProxy@26e4dde, transaction=android.view.SurfaceControl$Transaction@c64fbbf
07-24 16:10:24.620  3944  4067 V WindowManager: performShowLocked: mDrawState=HAS_DRAWN in Window{6fb3b30 u0 com.android.todolist/com.android.todolist.MainActivity}
07-24 16:10:24.623  3385  5304 D Layer   : [AppWindowToken{3e56118 token=Token{6ffcfb ActivityRecord{143de8a u0 com.android.todolist/.MainActivity t1568}}}#0]::reparent oldParent:[Task=1568#0], newParent:[Surface(name=AppWindowToken{3e56118 token=Token{6ffcfb ActivityRecord{143de8a u0 com.android.todolist/.MainActivity t1568}}})/@0xce52919 - animation-leash#0]
07-24 16:10:24.623  3385  5304 D Layer   : [AppWindowToken{99b6d0f token=Token{5bd726e ActivityRecord{dbec5e9 u0 com.android.todolist/.ListActivity t1568}}}#0]::reparent oldParent:[Task=1568#0], newParent:[Surface(name=AppWindowToken{99b6d0f token=Token{5bd726e ActivityRecord{dbec5e9 u0 com.android.todolist/.ListActivity t1568}}})/@0xba16cc9 - animation-leash#0]
07-24 16:10:24.627  5936  5936 V InputMethodManager: Starting input: tba=com.android.todolist ic=null mNaviBarColor -855310 mIsGetNaviBarColorSuccess true , NavVisible : true , NavTrans : false
07-24 16:10:24.629  3944  9409 V InputMethodManagerService: windowGainedFocus : reason=WINDOW_FOCUS_GAIN client=android.os.BinderProxy@3a14d3f inputContext=null missingMethods= attribute=android.view.inputmethod.EditorInfo@a74b78 nm = com.android.todolist controlFlags=#104 softInputMode=#110 windowFlags=#81810100
07-24 16:10:24.629  3944  3987 I ActivityManager: Displayed com.android.todolist/.MainActivity: +156ms
07-24 16:10:24.665  3385  3385 I SurfaceFlinger:      Client | 0x71bfbf98c0 | 0002 | RGBA_8888 |   0.0    2.0 1440.0 2960.0 |    0    0 1440 2958 | com.android.todolist/com.android.todolist.ListActivity[5936]#0
07-24 16:10:24.665  3385  3385 I SurfaceFlinger:      Device | 0x71bfbfb4c0 | 0002 | RGBA_8888 |   0.0    0.0 1440.0 2295.0 |    0  665 1440 2960 | com.android.todolist/com.android.todolist.MainActivity[5936]#0
07-24 16:10:24.744  3385  3385 I SurfaceFlinger:      Client | 0x71bfbf9c40 | 0002 | RGBA_8888 |   0.0   28.0 1440.0 2960.0 |    0    0 1440 2932 | com.android.todolist/com.android.todolist.ListActivity[5936]#0
07-24 16:10:24.744  3385  3385 I SurfaceFlinger:      Client | 0x71bfbfb760 | 0002 | RGBA_8888 |   0.0    0.0 1440.0 2750.0 |    0  210 1440 2960 | com.android.todolist/com.android.todolist.MainActivity[5936]#0
07-24 16:10:24.905  3944  4067 I WindowManager: reset, Reparenting to original parent, shouldDeferScheduleAnimation=true, destroyLeash=true, surface=Surface(name=AppWindowToken{3e56118 token=Token{6ffcfb ActivityRecord{143de8a u0 com.android.todolist/.MainActivity t1568}}})/@0xce52919, parent=Surface(name=Task=1568)/@0xede461, parentNativeHandle=android.os.BinderProxy@9e394d3, caller=com.android.server.wm.SurfaceAnimator.lambda$getFinishedCallback$0:94 com.android.server.wm.-$$Lambda$SurfaceAnimator$SIBia0mND666K8lMCPsoid8pUTI.run:4 com.android.server.wm.AnimatingAppWindowTokenRegistry.endDeferringFinished:104 com.android.server.wm.AnimatingAppWindowTokenRegistry.notifyAboutToFinish:77 com.android.server.wm.AppWindowToken.shouldDeferAnimationFinish:2251 
07-24 16:10:24.905  3944  4067 D SurfaceControl: reparent is called, sc=Surface(name=AppWindowToken{3e56118 token=Token{6ffcfb ActivityRecord{143de8a u0 com.android.todolist/.MainActivity t1568}}})/@0xce52919, newParentHandle=android.os.BinderProxy@9e394d3, transaction=android.view.SurfaceControl$Transaction@c64fbbf
07-24 16:10:24.905  3944  4067 D SurfaceControl: destroy(transaction), animation-leash is destroyed, sc=Surface(name=Surface(name=AppWindowToken{3e56118 token=Token{6ffcfb ActivityRecord{143de8a u0 com.android.todolist/.MainActivity t1568}}})/@0xce52919 - animation-leash)/@0xa7794db, transaction=android.view.SurfaceControl$Transaction@c64fbbf, caller=com.android.server.wm.SurfaceAnimator.reset:335 com.android.server.wm.SurfaceAnimator.lambda$getFinishedCallback$0:94 com.android.server.wm.-$$Lambda$SurfaceAnimator$SIBia0mND666K8lMCPsoid8pUTI.run:4 com.android.server.wm.AnimatingAppWindowTokenRegistry.endDeferringFinished:104 com.android.server.wm.AnimatingAppWindowTokenRegistry.notifyAboutToFinish:77 com.android.server.wm.AppWindowToken.shouldDeferAnimationFinish:2251 com.android.server.wm.SurfaceAnimator.lambda$getFinishedCallback$1:100 
07-24 16:10:24.905  3944  4067 I WindowManager: reset, Reparenting to original parent, shouldDeferScheduleAnimation=false, destroyLeash=true, surface=Surface(name=AppWindowToken{99b6d0f token=Token{5bd726e ActivityRecord{dbec5e9 u0 com.android.todolist/.ListActivity t1568}}})/@0xba16cc9, parent=Surface(name=Task=1568)/@0xede461, parentNativeHandle=android.os.BinderProxy@9e394d3, caller=com.android.server.wm.SurfaceAnimator.lambda$getFinishedCallback$0:94 com.android.server.wm.-$$Lambda$SurfaceAnimator$SIBia0mND666K8lMCPsoid8pUTI.run:4 com.android.server.wm.SurfaceAnimator.lambda$getFinishedCallback$1:101 com.android.server.wm.-$$Lambda$SurfaceAnimator$vdRZk66hQVbQCvVXEaQCT1kVmFc.onAnimationFinished:4 com.android.server.wm.LocalAnimationAdapter.lambda$startAnimation$0:65 
07-24 16:10:24.905  3944  4067 D SurfaceControl: reparent is called, sc=Surface(name=AppWindowToken{99b6d0f token=Token{5bd726e ActivityRecord{dbec5e9 u0 com.android.todolist/.ListActivity t1568}}})/@0xba16cc9, newParentHandle=android.os.BinderProxy@9e394d3, transaction=android.view.SurfaceControl$Transaction@db49eef
07-24 16:10:24.906  3944  4067 D SurfaceControl: destroy(transaction), animation-leash is destroyed, sc=Surface(name=Surface(name=AppWindowToken{99b6d0f token=Token{5bd726e ActivityRecord{dbec5e9 u0 com.android.todolist/.ListActivity t1568}}})/@0xba16cc9 - animation-leash)/@0x648c406, transaction=android.view.SurfaceControl$Transaction@db49eef, caller=com.android.server.wm.SurfaceAnimator.reset:335 com.android.server.wm.SurfaceAnimator.lambda$getFinishedCallback$0:94 com.android.server.wm.-$$Lambda$SurfaceAnimator$SIBia0mND666K8lMCPsoid8pUTI.run:4 com.android.server.wm.SurfaceAnimator.lambda$getFinishedCallback$1:101 com.android.server.wm.-$$Lambda$SurfaceAnimator$vdRZk66hQVbQCvVXEaQCT1kVmFc.onAnimationFinished:4 com.android.server.wm.LocalAnimationAdapter.lambda$startAnimation$0:65 com.android.server.wm.-$$Lambda$LocalAnimationAdapter$X--EomqUvw4qy89IeeTFTH7aCMo.run:4 
07-24 16:10:24.906  3944  4067 V WindowManager: Setting visibility of Window{9cecb88 u0 com.android.todolist/com.android.todolist.ListActivity}: false, caller=com.android.server.wm.WindowContainer.sendAppVisibilityToClients:623 com.android.server.wm.AppWindowToken.setClientHidden:461 com.android.server.wm.AppWindowToken.onAnimationFinished:2398 com.android.server.wm.-$$Lambda$yVRF8YoeNdTa8GR1wDStVsHu8xM.run:2 com.android.server.wm.SurfaceAnimator.lambda$getFinishedCallback$0:97 
07-24 16:10:24.910  3944  4067 D WindowManager: prepareSurfaces, request to clear saved leash, surface=Surface(name=AppWindowToken{99b6d0f token=Token{5bd726e ActivityRecord{dbec5e9 u0 com.android.todolist/.ListActivity t1568}}})/@0xba16cc9
07-24 16:10:24.910  3944  4067 D WindowManager: prepareSurfaces, request to clear saved leash, surface=Surface(name=AppWindowToken{3e56118 token=Token{6ffcfb ActivityRecord{143de8a u0 com.android.todolist/.MainActivity t1568}}})/@0xce52919
07-24 16:10:24.911  3385  5304 D Layer   : [AppWindowToken{3e56118 token=Token{6ffcfb ActivityRecord{143de8a u0 com.android.todolist/.MainActivity t1568}}}#0]::reparent oldParent:[Surface(name=AppWindowToken{3e56118 token=Token{6ffcfb ActivityRecord{143de8a u0 com.android.todolist/.MainActivity t1568}}})/@0xce52919 - animation-leash#0], newParent:[Task=1568#0]
07-24 16:10:24.911  3385  5304 D Layer   : [AppWindowToken{99b6d0f token=Token{5bd726e ActivityRecord{dbec5e9 u0 com.android.todolist/.ListActivity t1568}}}#0]::reparent oldParent:[Surface(name=AppWindowToken{99b6d0f token=Token{5bd726e ActivityRecord{dbec5e9 u0 com.android.todolist/.ListActivity t1568}}})/@0xba16cc9 - animation-leash#0], newParent:[Task=1568#0]
07-24 16:10:24.911  3385  5304 I SurfaceFlinger: id=72484 Removed Surface(name=AppWindowToken{99b6d0f token=Token{5bd726e ActivityRecord{dbec5e9 u0 com.android.todolist/.ListActivity t1568}}})/@0xba16cc9 - animation-leash#0 (0/101)
07-24 16:10:24.911  3385  5304 I SurfaceFlinger: id=72485 Removed Surface(name=AppWindowToken{3e56118 token=Token{6ffcfb ActivityRecord{143de8a u0 com.android.todolist/.MainActivity t1568}}})/@0xce52919 - animation-leash#0 (0/100)
07-24 16:10:24.911  3944  4067 D WindowManager: clearSavedLeashOnCommit, savedLeash=Surface(name=Surface(name=AppWindowToken{99b6d0f token=Token{5bd726e ActivityRecord{dbec5e9 u0 com.android.todolist/.ListActivity t1568}}})/@0xba16cc9 - animation-leash)/@0x648c406, caller=com.android.server.wm.WindowContainer.clearSavedLeashOnCommit:1164 com.android.server.wm.WindowContainer.clearSavedLeashOnCommit:1168 com.android.server.wm.WindowContainer.clearSavedLeashOnCommit:1168 com.android.server.wm.WindowContainer.clearSavedLeashOnCommit:1168 com.android.server.wm.WindowContainer.clearSavedLeashOnCommit:1168 com.android.server.wm.RootWindowContainer.performSurfacePlacement:784 
07-24 16:10:24.911  3944  4067 D WindowManager: clearSavedLeashOnCommit, savedLeash=Surface(name=Surface(name=AppWindowToken{3e56118 token=Token{6ffcfb ActivityRecord{143de8a u0 com.android.todolist/.MainActivity t1568}}})/@0xce52919 - animation-leash)/@0xa7794db, caller=com.android.server.wm.WindowContainer.clearSavedLeashOnCommit:1164 com.android.server.wm.WindowContainer.clearSavedLeashOnCommit:1168 com.android.server.wm.WindowContainer.clearSavedLeashOnCommit:1168 com.android.server.wm.WindowContainer.clearSavedLeashOnCommit:1168 com.android.server.wm.WindowContainer.clearSavedLeashOnCommit:1168 com.android.server.wm.RootWindowContainer.performSurfacePlacement:784 
07-24 16:10:24.921  3385  3385 I Layer   : id=72485 onRemoved Surface(name=AppWindowToken{3e56118 token=Token{6ffcfb ActivityRecord{143de8a u0 com.android.todolist/.MainActivity t1568}}})/@0xce52919 - animation-leash#0 
07-24 16:10:24.921  3385  3385 I Layer   : id=72484 onRemoved Surface(name=AppWindowToken{99b6d0f token=Token{5bd726e ActivityRecord{dbec5e9 u0 com.android.todolist/.ListActivity t1568}}})/@0xba16cc9 - animation-leash#0 
07-24 16:10:24.924  3385  5304 E BufferQueueProducer: [com.android.todolist/com.android.todolist.ListActivity[5936]#0] disconnect: not connected (req=1)
07-24 16:10:24.928  3944  9409 V WindowManager: Relayout Window{9cecb88 u0 com.android.todolist/com.android.todolist.ListActivity}: viewVisibility=8 req=1440x2960 {(0,0)(fillxfill) sim={adjust=resize forwardNavigation} ty=BASE_APPLICATION wanim=0x10302fe
07-24 16:10:24.928  3944  9409 E WindowManager: win=Window{9cecb88 u0 com.android.todolist/com.android.todolist.ListActivity} destroySurfaces: appStopped=false win.mWindowRemovalAllowed=false win.mRemoveOnExit=false win.mViewVisibility=8 caller=com.android.server.wm.WindowManagerService.tryStartExitingAnimation:2803 com.android.server.wm.WindowManagerService.relayoutWindow:2501 com.android.server.wm.Session.relayoutForTranslate:302 android.view.IWindowSession$Stub.onTransact:518 com.android.server.wm.Session.onTransact:186 android.os.Binder.execTransact:739 <bottom of call stack> 
07-24 16:10:24.928  3944  9409 I WindowManager: Destroying surface Surface(name=com.android.todolist/com.android.todolist.ListActivity[5936])/@0x797fb59 called by com.android.server.wm.WindowStateAnimator.destroySurface:1880 com.android.server.wm.WindowStateAnimator.destroySurfaceLocked:838 com.android.server.wm.WindowState.destroySurfaceUnchecked:3847 com.android.server.wm.WindowState.destroySurface:3828 com.android.server.wm.WindowManagerService.tryStartExitingAnimation:2803 com.android.server.wm.WindowManagerService.relayoutWindow:2501 com.android.server.wm.Session.relayoutForTranslate:302 android.view.IWindowSession$Stub.onTransact:518 
07-24 16:10:24.928  3385  5304 I SurfaceFlinger: id=72474 Removed com.android.todolist/com.android.todolist.ListActivity[5936]#0 (0/99)
07-24 16:10:24.929  3385  3385 I SurfaceFlinger:      Device | 0x71bfbf9ee0 | 0002 | RGBA_8888 |   0.0    0.0 1440.0 2960.0 |    0    0 1440 2960 | com.android.todolist/com.android.todolist.MainActivity[5936]#0
07-24 16:10:24.935  3944  9409 V WindowManager: Remove Window{9cecb88 u0 com.android.todolist/com.android.todolist.ListActivity}: mSurfaceController=null mAnimatingExit=false mRemoveOnExit=false mHasSurface=false surfaceShowing=false isAnimationSet=false app-animation=false mWillReplaceWindow=false inPendingTransaction=false mDisplayFrozen=false callers=com.android.server.wm.WindowState.removeIfPossible:2751 com.android.server.wm.WindowManagerService.removeWindow:1980 com.android.server.wm.Session.remove:268 android.view.IWindowSession$Stub.onTransact:347 com.android.server.wm.Session.onTransact:186 android.os.Binder.execTransact:739 
07-24 16:10:24.938  3385  3385 I Layer   : id=72474 onRemoved com.android.todolist/com.android.todolist.ListActivity[5936]#0 
07-24 16:10:24.938  3385  3424 I SurfaceFlinger: id=72473 Removed 9cecb88 com.android.todolist/com.android.todolist.ListActivity#0 (0/97)
07-24 16:10:24.942  3944  9409 I WindowManager: Cancelling animation restarting=false, leash=null, surface=Surface(name=AppWindowToken{99b6d0f token=Token{5bd726e ActivityRecord{dbec5e9 u0 com.android.todolist/.ListActivity t1568}}})/@0xba16cc9, parent=Surface(name=Task=1568)/@0xede461
07-24 16:10:24.954  3385  3385 I Layer   : id=72473 onRemoved 9cecb88 com.android.todolist/com.android.todolist.ListActivity#0 
07-24 16:10:24.956  3385  5304 I SurfaceFlinger: id=72470 Removed AppWindowToken{99b6d0f token=Token{5bd726e ActivityRecord{dbec5e9 u0 com.android.todolist/.ListActivity t1568}}}#0 (6/96)
07-24 16:10:24.971  3385  3385 I Layer   : id=72470 onRemoved AppWindowToken{99b6d0f token=Token{5bd726e ActivityRecord{dbec5e9 u0 com.android.todolist/.ListActivity t1568}}}#0 
07-24 16:10:25.041  3385  3385 I SurfaceFlinger:      Device | 0x71bfbf9ee0 | 0002 | RGBA_8888 |   0.0    0.0 1440.0 2960.0 |    0    0 1440 2960 | com.android.todolist/com.android.todolist.MainActivity[5936]#0
07-24 16:10:25.592  3944  4154 D WifiTrafficPoller: TrafficStats TxPkts=17182735 RxPkts=27647232 TxBytes=4106877059 RxBytes=29399767946 , Foreground uid=10387 pkgName=com.android.todolist TxPackets=0 RxPackets=0 TxBytes=0 RxBytes=0
07-24 16:10:25.812  3944  9409 D EdgeLightingManager: showForToast : packageName = com.android.todolist
07-24 16:10:25.813  3944  9409 D EdgeLightingPolicyManager: isAcceptableApplication:  pkg=com.android.todolist , range=512 , includeAllApp=false , userId=0 , infoRange=0 , infoCategory=0
07-24 16:10:25.822  3944  9409 I ActivityManager: START u0 {act=null typ=null flg=0x0 cmp=ComponentInfo{com.android.todolist/com.android.todolist.ListActivity}} from uid 10387
07-24 16:10:25.833  3385  3385 I SurfaceFlinger: id=72489 createSurf (5920x5920),2 flag=4, AppWindowToken{bcc219a token=Token{b234645 ActivityRecord{c0b6bc u0 com.android.todolist/.ListActivity t1568}}}#0
07-24 16:10:25.844  3944  3983 V MARsPolicyManager: handelAlertToastWindowStarted pkgName = com.android.todolist, userId = 0
07-24 16:10:25.851  3944  4288 D GamePkgDataHelper: notifyAppCreate(), pkgName: com.android.todolist, sendRet: true
07-24 16:10:25.851  3944  4239 D GamePkgDataHelper: getGamePkgData(). com.android.todolist
07-24 16:10:25.851  3944  4239 D GameManagerService: handleMessage(), MSG_APP_CREATE. ignore. pkgName: com.android.todolist
