07-20 13:02:11.326 22969 22969 E AndroidRuntime: Process: com.android.todolist, PID: 22969
07-20 13:02:11.326 22969 22969 E AndroidRuntime: 	at com.android.todolist.MyAdapter$onBindViewHolder$1.onClick(MyAdapter.kt:58)
07-20 13:03:22.939 14275 14275 E AndroidRuntime: Process: com.android.todolist, PID: 14275
07-20 13:03:22.939 14275 14275 E AndroidRuntime: 	at com.android.todolist.MainActivity.ordenarAZ(MainActivity.kt:197)
07-20 13:03:22.939 14275 14275 E AndroidRuntime: 	at com.android.todolist.MainActivity.onNavigationItemSelected(MainActivity.kt:86)
07-20 13:05:29.031 14576 14576 E AndroidRuntime: Process: com.android.todolist, PID: 14576
07-20 13:05:29.031 14576 14576 E AndroidRuntime: 	at com.android.todolist.MainActivity.ordenarAZ(MainActivity.kt:197)
07-20 13:05:29.031 14576 14576 E AndroidRuntime: 	at com.android.todolist.MainActivity.onNavigationItemSelected(MainActivity.kt:86)
07-24 15:33:53.986  3944  4154 D WifiTrafficPoller: TrafficStats TxPkts=17178906 RxPkts=27643337 TxBytes=4106064688 RxBytes=29398509819 , Foreground uid=10387 pkgName=com.android.todolist TxPackets=0 RxPackets=0 TxBytes=0 RxBytes=0
07-24 15:33:53.993  7818  7818 I TrayUsageStatesWatcher: getResumeComponentName : ComponentInfo{com.android.todolist/com.android.todolist.MainActivity}
07-24 15:33:54.688  7818  7831 I TrayUsageStatesWatcher: noteResumeComponent : ComponentInfo{com.android.todolist/com.android.todolist.MainActivity}
07-24 15:33:54.703  3385  3385 I SurfaceFlinger: id=72140 createSurf (5920x5920),2 flag=4, bec7818 Splash Screen com.android.todolist#0
07-24 15:33:54.714  3385  3385 I SurfaceFlinger: id=72141 createSurf (1440x2960),1 flag=404, Splash Screen com.android.todolist[5936]#0
07-24 15:33:54.720  3385  3423 I SurfaceFlinger: id=72127 Removed bec26b2 com.android.todolist/com.android.todolist.MainActivity#0 (0/81)
07-24 15:33:54.723  3385  3385 I Layer   : id=72127 onRemoved bec26b2 com.android.todolist/com.android.todolist.MainActivity#0 
07-24 15:33:54.756  3385  3385 I SurfaceFlinger: id=72142 createSurf (5920x5920),2 flag=4, Surface(name=AppWindowToken{f96d5c3 token=Token{d1efd72 ActivityRecord{fbb4a7d u0 com.android.todolist/.MainActivity t1568}}})/@0xdc41770 - animation-leash#0
07-24 15:33:54.760  3944  4067 D SurfaceControl: reparent is called, sc=Surface(name=AppWindowToken{f96d5c3 token=Token{d1efd72 ActivityRecord{fbb4a7d u0 com.android.todolist/.MainActivity t1568}}})/@0xdc41770, newParentHandle=android.os.BinderProxy@49013e2, transaction=android.view.SurfaceControl$Transaction@443136e
07-24 15:33:54.768  3385  5304 D Layer   : [AppWindowToken{f96d5c3 token=Token{d1efd72 ActivityRecord{fbb4a7d u0 com.android.todolist/.MainActivity t1568}}}#0]::reparent oldParent:[Task=1568#0], newParent:[Surface(name=AppWindowToken{f96d5c3 token=Token{d1efd72 ActivityRecord{fbb4a7d u0 com.android.todolist/.MainActivity t1568}}})/@0xdc41770 - animation-leash#0]
07-24 15:33:54.783  3385  3385 I SurfaceFlinger: id=72144 createSurf (5920x5920),2 flag=4, d1c3d3a com.android.todolist/com.android.todolist.MainActivity#0
07-24 15:33:54.808  3385  3385 I SurfaceFlinger: id=72145 createSurf (1440x2960),1 flag=404, com.android.todolist/com.android.todolist.MainActivity[5936]#0
07-24 15:33:54.831  3944  3978 D WindowManager: setSystemUiVisibility: vis= 0x8018, fullscreenVis= 0x0, dockedVis= 0x0, win=Window{d1c3d3a u0 com.android.todolist/com.android.todolist.MainActivity}
07-24 15:33:54.882  3385  3385 I SurfaceFlinger:      Device | 0x71ccc70800 | 0002 | RGBA_8888 | 358.0  736.0 1082.0 2224.0 |    0    0 1440 2960 | Splash Screen com.android.todolist[5936]#0
07-24 15:33:54.952  5936  5936 V InputMethodManager: Starting input: tba=com.android.todolist ic=null mNaviBarColor -855310 mIsGetNaviBarColorSuccess true , NavVisible : true , NavTrans : false
07-24 15:33:54.954  3385  3385 I SurfaceFlinger: id=72148 createSurf (5920x5920),2 flag=4, Surface(name=bec7818 Splash Screen com.android.todolist)/@0x3be8890 - animation-leash#0
07-24 15:33:54.956  3944  4067 D SurfaceControl: reparent is called, sc=Surface(name=bec7818 Splash Screen com.android.todolist)/@0x3be8890, newParentHandle=android.os.BinderProxy@51c3589, transaction=android.view.SurfaceControl$Transaction@648b98e
07-24 15:33:54.959  3385  5304 D Layer   : [bec7818 Splash Screen com.android.todolist#0]::reparent oldParent:[AppWindowToken{f96d5c3 token=Token{d1efd72 ActivityRecord{fbb4a7d u0 com.android.todolist/.MainActivity t1568}}}#0], newParent:[Surface(name=bec7818 Splash Screen com.android.todolist)/@0x3be8890 - animation-leash#0]
07-24 15:33:54.960  3944  5961 V InputMethodManagerService: windowGainedFocus : reason=WINDOW_FOCUS_GAIN client=android.os.BinderProxy@3a14d3f inputContext=null missingMethods= attribute=android.view.inputmethod.EditorInfo@f2b9dbc nm = com.android.todolist controlFlags=#104 softInputMode=#10 windowFlags=#81810100
07-24 15:33:54.973  3385  3385 I SurfaceFlinger:      Device | 0x71ccc72160 | 0002 | RGBA_8888 | 186.0  383.0 1254.0 2577.0 |    0    0 1440 2960 | com.android.todolist/com.android.todolist.MainActivity[5936]#0
07-24 15:33:54.973  3385  3385 I SurfaceFlinger:      Device | 0x71ccc70800 | 0002 | RGBA_8888 | 186.0  383.0 1254.0 2577.0 |    0    0 1440 2960 | Splash Screen com.android.todolist[5936]#0
07-24 15:33:54.996  3385  3385 I SurfaceFlinger:      Device | 0x71ccc72780 | 0002 | RGBA_8888 | 164.0  337.0 1276.0 2623.0 |    0    0 1440 2960 | com.android.todolist/com.android.todolist.MainActivity[5936]#0
07-24 15:33:54.996  3385  3385 I SurfaceFlinger:      Device | 0x71ccc70800 | 0002 | RGBA_8888 | 164.0  337.0 1276.0 2623.0 |    0    0 1440 2960 | Splash Screen com.android.todolist[5936]#0
07-24 15:33:55.018  3385  3385 I SurfaceFlinger:      Device | 0x71ccc72160 | 0002 | RGBA_8888 | 123.0  252.0 1317.0 2708.0 |    0    0 1440 2960 | com.android.todolist/com.android.todolist.MainActivity[5936]#0
07-24 15:33:55.018  3385  3385 I SurfaceFlinger:      Device | 0x71ccc70800 | 0002 | RGBA_8888 | 123.0  252.0 1317.0 2708.0 |    0    0 1440 2960 | Splash Screen com.android.todolist[5936]#0
07-24 15:33:55.099  3385  3385 I SurfaceFlinger:      Device | 0x71ccc72780 | 0002 | RGBA_8888 |  55.0  112.0 1385.0 2848.0 |    0    0 1440 2960 | com.android.todolist/com.android.todolist.MainActivity[5936]#0
07-24 15:33:55.099  3385  3385 I SurfaceFlinger:      Device | 0x71ccc70800 | 0002 | RGBA_8888 |  55.0  112.0 1385.0 2848.0 |    0    0 1440 2960 | Splash Screen com.android.todolist[5936]#0
07-24 15:33:55.107  3944  4067 D SurfaceControl: reparent is called, sc=Surface(name=bec7818 Splash Screen com.android.todolist)/@0x3be8890, newParentHandle=android.os.BinderProxy@6880e84, transaction=android.view.SurfaceControl$Transaction@648b98e
07-24 15:33:55.108  3944  4067 D SurfaceControl: destroy(transaction), animation-leash is destroyed, sc=Surface(name=Surface(name=bec7818 Splash Screen com.android.todolist)/@0x3be8890 - animation-leash)/@0x75475af, transaction=android.view.SurfaceControl$Transaction@648b98e, caller=com.android.server.wm.SurfaceAnimator.reset:335 com.android.server.wm.SurfaceAnimator.lambda$getFinishedCallback$0:94 com.android.server.wm.-$$Lambda$SurfaceAnimator$SIBia0mND666K8lMCPsoid8pUTI.run:4 com.android.server.wm.SurfaceAnimator.lambda$getFinishedCallback$1:101 com.android.server.wm.-$$Lambda$SurfaceAnimator$vdRZk66hQVbQCvVXEaQCT1kVmFc.onAnimationFinished:4 com.android.server.wm.LocalAnimationAdapter.lambda$startAnimation$0:65 com.android.server.wm.-$$Lambda$LocalAnimationAdapter$X--EomqUvw4qy89IeeTFTH7aCMo.run:4 
07-24 15:33:55.108  3385  4129 I SurfaceFlinger: id=72141 Removed Splash Screen com.android.todolist[5936]#0 (0/86)
07-24 15:33:55.108  3944  4067 D WindowManager: clearSavedLeashOnCommit, savedLeash=Surface(name=Surface(name=bec7818 Splash Screen com.android.todolist)/@0x3be8890 - animation-leash)/@0x75475af, caller=com.android.server.wm.WindowContainer.removeImmediately:337 com.android.server.wm.WindowState.removeImmediately:2663 com.android.server.wm.WindowState.destroySurface:3831 com.android.server.wm.AppWindowToken.destroySurfaces:871 com.android.server.wm.AppWindowToken.destroySurfaces:852 com.android.server.wm.WindowState.onExitAnimationDone:5443 
07-24 15:33:55.111  3385  4129 W SurfaceFlinger: Attempting to set client state on removed layer: Splash Screen com.android.todolist[5936]#0 [s.what : 40]
07-24 15:33:55.111  3385  4129 D Layer   : [bec7818 Splash Screen com.android.todolist#0]::reparent oldParent:[Surface(name=bec7818 Splash Screen com.android.todolist)/@0x3be8890 - animation-leash#0], newParent:[AppWindowToken{f96d5c3 token=Token{d1efd72 ActivityRecord{fbb4a7d u0 com.android.todolist/.MainActivity t1568}}}#0]
07-24 15:33:55.111  3385  4129 I SurfaceFlinger: id=72148 Removed Surface(name=bec7818 Splash Screen com.android.todolist)/@0x3be8890 - animation-leash#0 (2/85)
07-24 15:33:55.111  3385  4129 W SurfaceFlinger: Attempting to destroy on removed layer: Splash Screen com.android.todolist[5936]#0
07-24 15:33:55.111  3385  4129 I SurfaceFlinger: id=72140 Removed bec7818 Splash Screen com.android.todolist#0 (1/84)
07-24 15:33:55.123  3385  3385 I Layer   : id=72140 onRemoved bec7818 Splash Screen com.android.todolist#0 
07-24 15:33:55.123  3385  3385 I Layer   : id=72148 onRemoved Surface(name=bec7818 Splash Screen com.android.todolist)/@0x3be8890 - animation-leash#0 
07-24 15:33:55.123  3385  3385 I Layer   : id=72141 onRemoved Splash Screen com.android.todolist[5936]#0 
07-24 15:33:55.132  3385  3385 I SurfaceFlinger:      Device | 0x71ccc72780 | 0002 | RGBA_8888 |  38.0   77.0 1402.0 2883.0 |    1    0 1439 2960 | com.android.todolist/com.android.todolist.MainActivity[5936]#0
07-24 15:33:55.275  3944  4067 D SurfaceControl: reparent is called, sc=Surface(name=AppWindowToken{f96d5c3 token=Token{d1efd72 ActivityRecord{fbb4a7d u0 com.android.todolist/.MainActivity t1568}}})/@0xdc41770, newParentHandle=android.os.BinderProxy@3b98ef0, transaction=android.view.SurfaceControl$Transaction@443136e
07-24 15:33:55.276  3944  4067 D SurfaceControl: destroy(transaction), animation-leash is destroyed, sc=Surface(name=Surface(name=AppWindowToken{f96d5c3 token=Token{d1efd72 ActivityRecord{fbb4a7d u0 com.android.todolist/.MainActivity t1568}}})/@0xdc41770 - animation-leash)/@0xa338373, transaction=android.view.SurfaceControl$Transaction@443136e, caller=com.android.server.wm.SurfaceAnimator.reset:335 com.android.server.wm.SurfaceAnimator.lambda$getFinishedCallback$0:94 com.android.server.wm.-$$Lambda$SurfaceAnimator$SIBia0mND666K8lMCPsoid8pUTI.run:4 com.android.server.wm.SurfaceAnimator.lambda$getFinishedCallback$1:101 com.android.server.wm.-$$Lambda$SurfaceAnimator$vdRZk66hQVbQCvVXEaQCT1kVmFc.onAnimationFinished:4 com.android.server.wm.LocalAnimationAdapter.lambda$startAnimation$0:65 com.android.server.wm.-$$Lambda$LocalAnimationAdapter$X--EomqUvw4qy89IeeTFTH7aCMo.run:4 
07-24 15:33:55.279  3944  4067 D WindowManager: prepareSurfaces, request to clear saved leash, surface=Surface(name=AppWindowToken{f96d5c3 token=Token{d1efd72 ActivityRecord{fbb4a7d u0 com.android.todolist/.MainActivity t1568}}})/@0xdc41770
07-24 15:33:55.280  3385  4129 D Layer   : [AppWindowToken{f96d5c3 token=Token{d1efd72 ActivityRecord{fbb4a7d u0 com.android.todolist/.MainActivity t1568}}}#0]::reparent oldParent:[Surface(name=AppWindowToken{f96d5c3 token=Token{d1efd72 ActivityRecord{fbb4a7d u0 com.android.todolist/.MainActivity t1568}}})/@0xdc41770 - animation-leash#0], newParent:[Task=1568#0]
07-24 15:33:55.280  3385  4129 I SurfaceFlinger: id=72142 Removed Surface(name=AppWindowToken{f96d5c3 token=Token{d1efd72 ActivityRecord{fbb4a7d u0 com.android.todolist/.MainActivity t1568}}})/@0xdc41770 - animation-leash#0 (0/82)
07-24 15:33:55.280  3944  4067 D WindowManager: clearSavedLeashOnCommit, savedLeash=Surface(name=Surface(name=AppWindowToken{f96d5c3 token=Token{d1efd72 ActivityRecord{fbb4a7d u0 com.android.todolist/.MainActivity t1568}}})/@0xdc41770 - animation-leash)/@0xa338373, caller=com.android.server.wm.WindowContainer.clearSavedLeashOnCommit:1164 com.android.server.wm.WindowContainer.clearSavedLeashOnCommit:1168 com.android.server.wm.WindowContainer.clearSavedLeashOnCommit:1168 com.android.server.wm.WindowContainer.clearSavedLeashOnCommit:1168 com.android.server.wm.WindowContainer.clearSavedLeashOnCommit:1168 com.android.server.wm.RootWindowContainer.performSurfacePlacement:784 
07-24 15:33:55.291  3385  3385 I Layer   : id=72142 onRemoved Surface(name=AppWindowToken{f96d5c3 token=Token{d1efd72 ActivityRecord{fbb4a7d u0 com.android.todolist/.MainActivity t1568}}})/@0xdc41770 - animation-leash#0 
07-24 15:33:55.299  3385  3385 I SurfaceFlinger:      Device | 0x71ccc72780 | 0002 | RGBA_8888 |   0.0    0.0 1440.0 2960.0 |    0    0 1440 2960 | com.android.todolist/com.android.todolist.MainActivity[5936]#0
07-24 15:33:56.271  3385  3385 I SurfaceFlinger: id=72149 createSurf (5920x5920),2 flag=4, ed416ee com.android.todolist/com.android.todolist.MainActivity#0
07-24 15:33:56.296  3385  3385 D SurfaceFlinger: duplicate layer name: changing com.android.todolist/com.android.todolist.MainActivity[5936] to com.android.todolist/com.android.todolist.MainActivity[5936]#1
07-24 15:33:56.297  3385  3385 I SurfaceFlinger: id=72150 createSurf (1624x1096),1 flag=4, com.android.todolist/com.android.todolist.MainActivity[5936]#1
07-24 15:33:56.329  5936  5936 V InputMethodManager: Starting input: tba=com.android.todolist ic=null mNaviBarColor -855310 mIsGetNaviBarColorSuccess true , NavVisible : true , NavTrans : false
07-24 15:33:56.330  3944  5961 V InputMethodManagerService: windowGainedFocus : reason=WINDOW_FOCUS_GAIN client=android.os.BinderProxy@3a14d3f inputContext=null missingMethods= attribute=android.view.inputmethod.EditorInfo@95e778f nm = com.android.todolist controlFlags=#104 softInputMode=#120 windowFlags=#1800002
07-24 15:33:56.367  3385  3385 I SurfaceFlinger: id=72151 createSurf (5920x5920),2 flag=4, Surface(name=ed416ee com.android.todolist/com.android.todolist.MainActivity)/@0xbc4c08 - animation-leash#0
07-24 15:33:56.369  3944  4067 D SurfaceControl: reparent is called, sc=Surface(name=ed416ee com.android.todolist/com.android.todolist.MainActivity)/@0xbc4c08, newParentHandle=android.os.BinderProxy@586ffa1, transaction=android.view.SurfaceControl$Transaction@3e415c6
07-24 15:33:56.376  3385  3423 D Layer   : [ed416ee com.android.todolist/com.android.todolist.MainActivity#0]::reparent oldParent:[AppWindowToken{f96d5c3 token=Token{d1efd72 ActivityRecord{fbb4a7d u0 com.android.todolist/.MainActivity t1568}}}#0], newParent:[Surface(name=ed416ee com.android.todolist/com.android.todolist.MainActivity)/@0xbc4c08 - animation-leash#0]
07-24 15:33:56.380  3944  3978 D WindowManager: setSystemUiVisibility: vis= 0x8008, fullscreenVis= 0x0, dockedVis= 0x0, win=Window{ed416ee u0 com.android.todolist/com.android.todolist.MainActivity}
07-24 15:33:56.422  3385  3385 I SurfaceFlinger:      Device | 0x71ccc72160 | 0002 | RGBA_8888 |   0.0    0.0 1440.0 2960.0 |    0    0 1440 2960 | com.android.todolist/com.android.todolist.MainActivity[5936]#0
07-24 15:33:56.422  3385  3385 I SurfaceFlinger:      Device | 0x71cc6499a0 | 0000 | RGBA_8888 |  92.0    0.0 1532.0 1096.0 |    0  884 1440 1980 | com.android.todolist/com.android.todolist.MainActivity[5936]#1
07-24 15:33:56.530  3944  4067 D SurfaceControl: reparent is called, sc=Surface(name=ed416ee com.android.todolist/com.android.todolist.MainActivity)/@0xbc4c08, newParentHandle=android.os.BinderProxy@6880e84, transaction=android.view.SurfaceControl$Transaction@3e415c6
07-24 15:33:56.530  3944  4067 D SurfaceControl: destroy(transaction), animation-leash is destroyed, sc=Surface(name=Surface(name=ed416ee com.android.todolist/com.android.todolist.MainActivity)/@0xbc4c08 - animation-leash)/@0x3e3c987, transaction=android.view.SurfaceControl$Transaction@3e415c6, caller=com.android.server.wm.SurfaceAnimator.reset:335 com.android.server.wm.SurfaceAnimator.lambda$getFinishedCallback$0:94 com.android.server.wm.-$$Lambda$SurfaceAnimator$SIBia0mND666K8lMCPsoid8pUTI.run:4 com.android.server.wm.SurfaceAnimator.lambda$getFinishedCallback$1:101 com.android.server.wm.-$$Lambda$SurfaceAnimator$vdRZk66hQVbQCvVXEaQCT1kVmFc.onAnimationFinished:4 com.android.server.wm.LocalAnimationAdapter.lambda$startAnimation$0:65 com.android.server.wm.-$$Lambda$LocalAnimationAdapter$X--EomqUvw4qy89IeeTFTH7aCMo.run:4 
07-24 15:33:56.533  3944  4067 D WindowManager: prepareSurfaces, request to clear saved leash, surface=Surface(name=ed416ee com.android.todolist/com.android.todolist.MainActivity)/@0xbc4c08
07-24 15:33:56.534  3385  3424 D Layer   : [ed416ee com.android.todolist/com.android.todolist.MainActivity#0]::reparent oldParent:[Surface(name=ed416ee com.android.todolist/com.android.todolist.MainActivity)/@0xbc4c08 - animation-leash#0], newParent:[AppWindowToken{f96d5c3 token=Token{d1efd72 ActivityRecord{fbb4a7d u0 com.android.todolist/.MainActivity t1568}}}#0]
07-24 15:33:56.534  3385  3424 I SurfaceFlinger: id=72151 Removed Surface(name=ed416ee com.android.todolist/com.android.todolist.MainActivity)/@0xbc4c08 - animation-leash#0 (2/86)
07-24 15:33:56.535  3944  4067 D WindowManager: clearSavedLeashOnCommit, savedLeash=Surface(name=Surface(name=ed416ee com.android.todolist/com.android.todolist.MainActivity)/@0xbc4c08 - animation-leash)/@0x3e3c987, caller=com.android.server.wm.WindowContainer.clearSavedLeashOnCommit:1164 com.android.server.wm.WindowContainer.clearSavedLeashOnCommit:1168 com.android.server.wm.WindowContainer.clearSavedLeashOnCommit:1168 com.android.server.wm.WindowContainer.clearSavedLeashOnCommit:1168 com.android.server.wm.WindowContainer.clearSavedLeashOnCommit:1168 com.android.server.wm.WindowContainer.clearSavedLeashOnCommit:1168 
07-24 15:33:56.543  3385  3385 I Layer   : id=72151 onRemoved Surface(name=ed416ee com.android.todolist/com.android.todolist.MainActivity)/@0xbc4c08 - animation-leash#0 
07-24 15:33:57.431  5936  5936 V InputMethodManager: Starting input: tba=com.android.todolist ic=com.android.internal.widget.EditableInputConnection@47af4bc mNaviBarColor -855310 mIsGetNaviBarColorSuccess true , NavVisible : true , NavTrans : false
07-24 15:33:57.441  5936  5936 D InputMethodManager: SSI - flag : 0 Pid : 5936 view : com.android.todolist
07-24 15:33:57.618  3385  3385 I SurfaceFlinger: id=72155 createSurf (5920x5920),2 flag=4, Surface(name=ed416ee com.android.todolist/com.android.todolist.MainActivity)/@0xbc4c08 - animation-leash#0
07-24 15:33:57.620  3944  5961 D SurfaceControl: reparent is called, sc=Surface(name=ed416ee com.android.todolist/com.android.todolist.MainActivity)/@0xbc4c08, newParentHandle=android.os.BinderProxy@413667c, transaction=android.view.SurfaceControl$Transaction@3e415c6
07-24 15:33:57.621  3385  5227 D Layer   : [ed416ee com.android.todolist/com.android.todolist.MainActivity#0]::reparent oldParent:[AppWindowToken{f96d5c3 token=Token{d1efd72 ActivityRecord{fbb4a7d u0 com.android.todolist/.MainActivity t1568}}}#0], newParent:[Surface(name=ed416ee com.android.todolist/com.android.todolist.MainActivity)/@0xbc4c08 - animation-leash#0]
07-24 15:33:57.677 11107 11107 D [SPAF]StructureParser: Parsing structure for ComponentInfo{com.android.todolist/com.android.todolist.MainActivity}
07-24 15:33:57.752  3385  3385 I SurfaceFlinger:      Device | 0x71ccc70480 | 0002 | RGBA_8888 |   0.0    0.0 1440.0 2960.0 |    0    0 1440 2960 | com.android.todolist/com.android.todolist.MainActivity[5936]#0
07-24 15:33:57.752  3385  3385 I SurfaceFlinger:      Client | 0x71cc6499a0 | 0000 | RGBA_8888 |  92.0    0.0 1532.0 1096.0 |    0  413 1440 1509 | com.android.todolist/com.android.todolist.MainActivity[5936]#1
07-24 15:33:58.028  3944  4067 D SurfaceControl: reparent is called, sc=Surface(name=ed416ee com.android.todolist/com.android.todolist.MainActivity)/@0xbc4c08, newParentHandle=android.os.BinderProxy@6880e84, transaction=android.view.SurfaceControl$Transaction@3e415c6
07-24 15:33:58.028  3944  4067 D SurfaceControl: destroy(transaction), animation-leash is destroyed, sc=Surface(name=Surface(name=ed416ee com.android.todolist/com.android.todolist.MainActivity)/@0xbc4c08 - animation-leash)/@0x5649b05, transaction=android.view.SurfaceControl$Transaction@3e415c6, caller=com.android.server.wm.SurfaceAnimator.reset:335 com.android.server.wm.SurfaceAnimator.lambda$getFinishedCallback$0:94 com.android.server.wm.-$$Lambda$SurfaceAnimator$SIBia0mND666K8lMCPsoid8pUTI.run:4 com.android.server.wm.SurfaceAnimator.lambda$getFinishedCallback$1:101 com.android.server.wm.-$$Lambda$SurfaceAnimator$vdRZk66hQVbQCvVXEaQCT1kVmFc.onAnimationFinished:4 com.android.server.wm.LocalAnimationAdapter.lambda$startAnimation$0:65 com.android.server.wm.-$$Lambda$LocalAnimationAdapter$X--EomqUvw4qy89IeeTFTH7aCMo.run:4 
07-24 15:33:58.045  3944  4067 D WindowManager: prepareSurfaces, request to clear saved leash, surface=Surface(name=ed416ee com.android.todolist/com.android.todolist.MainActivity)/@0xbc4c08
07-24 15:33:58.045  3385  4129 D Layer   : [ed416ee com.android.todolist/com.android.todolist.MainActivity#0]::reparent oldParent:[Surface(name=ed416ee com.android.todolist/com.android.todolist.MainActivity)/@0xbc4c08 - animation-leash#0], newParent:[AppWindowToken{f96d5c3 token=Token{d1efd72 ActivityRecord{fbb4a7d u0 com.android.todolist/.MainActivity t1568}}}#0]
07-24 15:33:58.046  3385  4129 I SurfaceFlinger: id=72155 Removed Surface(name=ed416ee com.android.todolist/com.android.todolist.MainActivity)/@0xbc4c08 - animation-leash#0 (2/86)
07-24 15:33:58.046  3944  4067 D WindowManager: clearSavedLeashOnCommit, savedLeash=Surface(name=Surface(name=ed416ee com.android.todolist/com.android.todolist.MainActivity)/@0xbc4c08 - animation-leash)/@0x5649b05, caller=com.android.server.wm.WindowContainer.clearSavedLeashOnCommit:1164 com.android.server.wm.WindowContainer.clearSavedLeashOnCommit:1168 com.android.server.wm.WindowContainer.clearSavedLeashOnCommit:1168 com.android.server.wm.WindowContainer.clearSavedLeashOnCommit:1168 com.android.server.wm.WindowContainer.clearSavedLeashOnCommit:1168 com.android.server.wm.WindowContainer.clearSavedLeashOnCommit:1168 
07-24 15:33:58.061  3385  3385 I Layer   : id=72155 onRemoved Surface(name=ed416ee com.android.todolist/com.android.todolist.MainActivity)/@0xbc4c08 - animation-leash#0 
07-24 15:33:59.390  3385  3423 E BufferQueueProducer: [com.android.todolist/com.android.todolist.MainActivity[5936]#1] disconnect: not connected (req=1)
07-24 15:33:59.396  3385  3385 I SurfaceFlinger: id=72157 createSurf (5920x5920),2 flag=4, Surface(name=ed416ee com.android.todolist/com.android.todolist.MainActivity)/@0xbc4c08 - animation-leash#0
07-24 15:33:59.398  3944  5961 D SurfaceControl: reparent is called, sc=Surface(name=ed416ee com.android.todolist/com.android.todolist.MainActivity)/@0xbc4c08, newParentHandle=android.os.BinderProxy@e660f7b, transaction=android.view.SurfaceControl$Transaction@3e415c6
07-24 15:33:59.415  3385  3423 D Layer   : [ed416ee com.android.todolist/com.android.todolist.MainActivity#0]::reparent oldParent:[AppWindowToken{f96d5c3 token=Token{d1efd72 ActivityRecord{fbb4a7d u0 com.android.todolist/.MainActivity t1568}}}#0], newParent:[Surface(name=ed416ee com.android.todolist/com.android.todolist.MainActivity)/@0xbc4c08 - animation-leash#0]
07-24 15:33:59.439  5936  5936 V InputMethodManager: Starting input: tba=com.android.todolist ic=null mNaviBarColor -855310 mIsGetNaviBarColorSuccess true , NavVisible : true , NavTrans : false
07-24 15:33:59.440  3944  5961 V InputMethodManagerService: windowGainedFocus : reason=WINDOW_FOCUS_GAIN client=android.os.BinderProxy@3a14d3f inputContext=null missingMethods= attribute=android.view.inputmethod.EditorInfo@5b1df44 nm = com.android.todolist controlFlags=#100 softInputMode=#10 windowFlags=#81810100
07-24 15:33:59.444  3385  3385 I SurfaceFlinger:      Device | 0x71ccc72780 | 0002 | RGBA_8888 |   0.0    0.0 1440.0 2960.0 |    0    0 1440 2960 | com.android.todolist/com.android.todolist.MainActivity[5936]#0
07-24 15:33:59.444  3385  3385 I SurfaceFlinger:      Client | 0x71ccc70800 | 0000 | RGBA_8888 |  92.0    0.0 1532.0 1096.0 |    0  266 1440 1362 | com.android.todolist/com.android.todolist.MainActivity[5936]#1
07-24 15:33:59.569  3944  3978 D WindowManager: setSystemUiVisibility: vis= 0x8018, fullscreenVis= 0x0, dockedVis= 0x0, win=Window{d1c3d3a u0 com.android.todolist/com.android.todolist.MainActivity}
07-24 15:33:59.578  3944  4067 D SurfaceControl: reparent is called, sc=Surface(name=ed416ee com.android.todolist/com.android.todolist.MainActivity)/@0xbc4c08, newParentHandle=android.os.BinderProxy@6880e84, transaction=android.view.SurfaceControl$Transaction@3e415c6
07-24 15:33:59.579  3944  4067 D SurfaceControl: destroy(transaction), animation-leash is destroyed, sc=Surface(name=Surface(name=ed416ee com.android.todolist/com.android.todolist.MainActivity)/@0xbc4c08 - animation-leash)/@0xe4e4198, transaction=android.view.SurfaceControl$Transaction@3e415c6, caller=com.android.server.wm.SurfaceAnimator.reset:335 com.android.server.wm.SurfaceAnimator.lambda$getFinishedCallback$0:94 com.android.server.wm.-$$Lambda$SurfaceAnimator$SIBia0mND666K8lMCPsoid8pUTI.run:4 com.android.server.wm.SurfaceAnimator.lambda$getFinishedCallback$1:101 com.android.server.wm.-$$Lambda$SurfaceAnimator$vdRZk66hQVbQCvVXEaQCT1kVmFc.onAnimationFinished:4 com.android.server.wm.LocalAnimationAdapter.lambda$startAnimation$0:65 com.android.server.wm.-$$Lambda$LocalAnimationAdapter$X--EomqUvw4qy89IeeTFTH7aCMo.run:4 
07-24 15:33:59.580  3385  3423 I SurfaceFlinger: id=72150 Removed com.android.todolist/com.android.todolist.MainActivity[5936]#1 (0/88)
07-24 15:33:59.583  3944  4067 D WindowManager: clearSavedLeashOnCommit, savedLeash=Surface(name=Surface(name=ed416ee com.android.todolist/com.android.todolist.MainActivity)/@0xbc4c08 - animation-leash)/@0xe4e4198, caller=com.android.server.wm.WindowContainer.removeImmediately:337 com.android.server.wm.WindowState.removeImmediately:2663 com.android.server.wm.WindowState.destroySurface:3831 com.android.server.wm.AppWindowToken.destroySurfaces:871 com.android.server.wm.AppWindowToken.destroySurfaces:852 com.android.server.wm.WindowState.onExitAnimationDone:5443 
07-24 15:33:59.591  3385  4129 W SurfaceFlinger: Attempting to set client state on removed layer: com.android.todolist/com.android.todolist.MainActivity[5936]#1 [s.what : 40]
07-24 15:33:59.591  3385  4129 D Layer   : [ed416ee com.android.todolist/com.android.todolist.MainActivity#0]::reparent oldParent:[Surface(name=ed416ee com.android.todolist/com.android.todolist.MainActivity)/@0xbc4c08 - animation-leash#0], newParent:[AppWindowToken{f96d5c3 token=Token{d1efd72 ActivityRecord{fbb4a7d u0 com.android.todolist/.MainActivity t1568}}}#0]
07-24 15:33:59.591  3385  4129 W SurfaceFlinger: Attempting to destroy on removed layer: com.android.todolist/com.android.todolist.MainActivity[5936]#1
07-24 15:33:59.591  3385  4129 I SurfaceFlinger: id=72157 Removed Surface(name=ed416ee com.android.todolist/com.android.todolist.MainActivity)/@0xbc4c08 - animation-leash#0 (2/87)
07-24 15:33:59.591  3385  4129 I SurfaceFlinger: id=72149 Removed ed416ee com.android.todolist/com.android.todolist.MainActivity#0 (1/86)
07-24 15:33:59.593  3385  3385 I Layer   : id=72150 onRemoved com.android.todolist/com.android.todolist.MainActivity[5936]#1 
07-24 15:33:59.596  3385  3385 I Layer   : id=72149 onRemoved ed416ee com.android.todolist/com.android.todolist.MainActivity#0 
07-24 15:33:59.596  3385  3385 I Layer   : id=72157 onRemoved Surface(name=ed416ee com.android.todolist/com.android.todolist.MainActivity)/@0xbc4c08 - animation-leash#0 
07-24 15:33:59.606  3385  3385 I SurfaceFlinger:      Device | 0x71ccc72780 | 0002 | RGBA_8888 |   0.0    0.0 1440.0 2960.0 |    0    0 1440 2960 | com.android.todolist/com.android.todolist.MainActivity[5936]#0
07-24 15:33:59.755  3385  3385 I SurfaceFlinger:      Device | 0x71ccc72160 | 0002 | RGBA_8888 |   0.0    0.0 1440.0 2960.0 |    0    0 1440 2960 | com.android.todolist/com.android.todolist.MainActivity[5936]#0
07-24 15:34:00.545  3385  3385 I SurfaceFlinger: id=72161 createSurf (5920x5920),2 flag=4, AppWindowToken{1bc7ee3 token=Token{5b1712 ActivityRecord{697469d u0 com.android.todolist/.ListActivity t1568}}}#0
07-24 15:34:00.625  3385  3385 I SurfaceFlinger: id=72164 createSurf (5920x5920),2 flag=4, 907ab0c com.android.todolist/com.android.todolist.ListActivity#0
07-24 15:34:00.644  3385  3385 I SurfaceFlinger: id=72165 createSurf (1440x2960),1 flag=404, com.android.todolist/com.android.todolist.ListActivity[5936]#0
07-24 15:34:00.647  3944  3978 D WindowManager: setSystemUiVisibility: vis= 0x8018, fullscreenVis= 0x0, dockedVis= 0x0, win=Window{907ab0c u0 com.android.todolist/com.android.todolist.ListActivity}
07-24 15:34:00.677  5936  5936 V InputMethodManager: Starting input: tba=com.android.todolist ic=null mNaviBarColor -855310 mIsGetNaviBarColorSuccess true , NavVisible : true , NavTrans : false
07-24 15:34:00.678  3944  8265 V InputMethodManagerService: windowGainedFocus : reason=WINDOW_FOCUS_GAIN client=android.os.BinderProxy@3a14d3f inputContext=null missingMethods= attribute=android.view.inputmethod.EditorInfo@57c110d nm = com.android.todolist controlFlags=#104 softInputMode=#110 windowFlags=#81810100
07-24 15:34:00.702  3385  3385 I SurfaceFlinger: id=72167 createSurf (5920x5920),2 flag=4, Surface(name=AppWindowToken{f96d5c3 token=Token{d1efd72 ActivityRecord{fbb4a7d u0 com.android.todolist/.MainActivity t1568}}})/@0xdc41770 - animation-leash#0
07-24 15:34:00.705  3944  4067 D SurfaceControl: reparent is called, sc=Surface(name=AppWindowToken{f96d5c3 token=Token{d1efd72 ActivityRecord{fbb4a7d u0 com.android.todolist/.MainActivity t1568}}})/@0xdc41770, newParentHandle=android.os.BinderProxy@5594e1a, transaction=android.view.SurfaceControl$Transaction@443136e
07-24 15:34:00.708  3385  3385 I SurfaceFlinger: id=72168 createSurf (5920x5920),2 flag=4, Surface(name=AppWindowToken{1bc7ee3 token=Token{5b1712 ActivityRecord{697469d u0 com.android.todolist/.ListActivity t1568}}})/@0xb1b8672 - animation-leash#0
07-24 15:34:00.709  3944  4067 D SurfaceControl: reparent is called, sc=Surface(name=AppWindowToken{1bc7ee3 token=Token{5b1712 ActivityRecord{697469d u0 com.android.todolist/.ListActivity t1568}}})/@0xb1b8672, newParentHandle=android.os.BinderProxy@bdb2ac3, transaction=android.view.SurfaceControl$Transaction@92acf40
07-24 15:34:00.716  3385  5227 D Layer   : [AppWindowToken{1bc7ee3 token=Token{5b1712 ActivityRecord{697469d u0 com.android.todolist/.ListActivity t1568}}}#0]::reparent oldParent:[Task=1568#0], newParent:[Surface(name=AppWindowToken{1bc7ee3 token=Token{5b1712 ActivityRecord{697469d u0 com.android.todolist/.ListActivity t1568}}})/@0xb1b8672 - animation-leash#0]
07-24 15:34:00.716  3385  5227 D Layer   : [AppWindowToken{f96d5c3 token=Token{d1efd72 ActivityRecord{fbb4a7d u0 com.android.todolist/.MainActivity t1568}}}#0]::reparent oldParent:[Task=1568#0], newParent:[Surface(name=AppWindowToken{f96d5c3 token=Token{d1efd72 ActivityRecord{fbb4a7d u0 com.android.todolist/.MainActivity t1568}}})/@0xdc41770 - animation-leash#0]
07-24 15:34:00.720  3385  3385 I SurfaceFlinger:      Device | 0x71ccc72780 | 0002 | RGBA_8888 |   0.0    0.0 1440.0 2960.0 |    0    0 1440 2960 | com.android.todolist/com.android.todolist.MainActivity[5936]#0
07-24 15:34:00.723  3944  3987 I ActivityManager: Displayed com.android.todolist/.ListActivity: +151ms
07-24 15:34:00.760  3385  3385 I SurfaceFlinger:      Client | 0x71ccc72780 | 0002 | RGBA_8888 |   0.0    2.0 1440.0 2960.0 |    0    0 1440 2958 | com.android.todolist/com.android.todolist.MainActivity[5936]#0
07-24 15:34:00.760  3385  3385 I SurfaceFlinger:      Device | 0x71cc649000 | 0002 | RGBA_8888 |   0.0    0.0 1440.0 2295.0 |    0  665 1440 2960 | com.android.todolist/com.android.todolist.ListActivity[5936]#0
07-24 15:34:00.837  3385  3385 I SurfaceFlinger:      Client | 0x71ccc72780 | 0002 | RGBA_8888 |   0.0   28.0 1440.0 2960.0 |    0    0 1440 2932 | com.android.todolist/com.android.todolist.MainActivity[5936]#0
07-24 15:34:00.837  3385  3385 I SurfaceFlinger:      Client | 0x71cc649000 | 0002 | RGBA_8888 |   0.0    0.0 1440.0 2747.0 |    0  213 1440 2960 | com.android.todolist/com.android.todolist.ListActivity[5936]#0
07-24 15:34:01.017  3944  4067 D SurfaceControl: reparent is called, sc=Surface(name=AppWindowToken{f96d5c3 token=Token{d1efd72 ActivityRecord{fbb4a7d u0 com.android.todolist/.MainActivity t1568}}})/@0xdc41770, newParentHandle=android.os.BinderProxy@3b98ef0, transaction=android.view.SurfaceControl$Transaction@443136e
07-24 15:34:01.018  3944  4067 D SurfaceControl: destroy(transaction), animation-leash is destroyed, sc=Surface(name=Surface(name=AppWindowToken{f96d5c3 token=Token{d1efd72 ActivityRecord{fbb4a7d u0 com.android.todolist/.MainActivity t1568}}})/@0xdc41770 - animation-leash)/@0xeee5d4b, transaction=android.view.SurfaceControl$Transaction@443136e, caller=com.android.server.wm.SurfaceAnimator.reset:335 com.android.server.wm.SurfaceAnimator.lambda$getFinishedCallback$0:94 com.android.server.wm.-$$Lambda$SurfaceAnimator$SIBia0mND666K8lMCPsoid8pUTI.run:4 com.android.server.wm.AnimatingAppWindowTokenRegistry.endDeferringFinished:104 com.android.server.wm.AnimatingAppWindowTokenRegistry.notifyAboutToFinish:77 com.android.server.wm.AppWindowToken.shouldDeferAnimationFinish:2251 com.android.server.wm.SurfaceAnimator.lambda$getFinishedCallback$1:100 
07-24 15:34:01.018  3944  4067 D SurfaceControl: reparent is called, sc=Surface(name=AppWindowToken{1bc7ee3 token=Token{5b1712 ActivityRecord{697469d u0 com.android.todolist/.ListActivity t1568}}})/@0xb1b8672, newParentHandle=android.os.BinderProxy@3b98ef0, transaction=android.view.SurfaceControl$Transaction@92acf40
07-24 15:34:01.018  3944  4067 D SurfaceControl: destroy(transaction), animation-leash is destroyed, sc=Surface(name=Surface(name=AppWindowToken{1bc7ee3 token=Token{5b1712 ActivityRecord{697469d u0 com.android.todolist/.ListActivity t1568}}})/@0xb1b8672 - animation-leash)/@0xa8d9f6c, transaction=android.view.SurfaceControl$Transaction@92acf40, caller=com.android.server.wm.SurfaceAnimator.reset:335 com.android.server.wm.SurfaceAnimator.lambda$getFinishedCallback$0:94 com.android.server.wm.-$$Lambda$SurfaceAnimator$SIBia0mND666K8lMCPsoid8pUTI.run:4 com.android.server.wm.SurfaceAnimator.lambda$getFinishedCallback$1:101 com.android.server.wm.-$$Lambda$SurfaceAnimator$vdRZk66hQVbQCvVXEaQCT1kVmFc.onAnimationFinished:4 com.android.server.wm.LocalAnimationAdapter.lambda$startAnimation$0:65 com.android.server.wm.-$$Lambda$LocalAnimationAdapter$X--EomqUvw4qy89IeeTFTH7aCMo.run:4 
07-24 15:34:01.020  3944  4067 D WindowManager: prepareSurfaces, request to clear saved leash, surface=Surface(name=AppWindowToken{f96d5c3 token=Token{d1efd72 ActivityRecord{fbb4a7d u0 com.android.todolist/.MainActivity t1568}}})/@0xdc41770
07-24 15:34:01.020  3944  4067 D WindowManager: prepareSurfaces, request to clear saved leash, surface=Surface(name=AppWindowToken{1bc7ee3 token=Token{5b1712 ActivityRecord{697469d u0 com.android.todolist/.ListActivity t1568}}})/@0xb1b8672
07-24 15:34:01.021  3385  4129 D Layer   : [AppWindowToken{f96d5c3 token=Token{d1efd72 ActivityRecord{fbb4a7d u0 com.android.todolist/.MainActivity t1568}}}#0]::reparent oldParent:[Surface(name=AppWindowToken{f96d5c3 token=Token{d1efd72 ActivityRecord{fbb4a7d u0 com.android.todolist/.MainActivity t1568}}})/@0xdc41770 - animation-leash#0], newParent:[Task=1568#0]
07-24 15:34:01.021  3385  4129 D Layer   : [AppWindowToken{1bc7ee3 token=Token{5b1712 ActivityRecord{697469d u0 com.android.todolist/.ListActivity t1568}}}#0]::reparent oldParent:[Surface(name=AppWindowToken{1bc7ee3 token=Token{5b1712 ActivityRecord{697469d u0 com.android.todolist/.ListActivity t1568}}})/@0xb1b8672 - animation-leash#0], newParent:[Task=1568#0]
07-24 15:34:01.021  3385  4129 I SurfaceFlinger: id=72167 Removed Surface(name=AppWindowToken{f96d5c3 token=Token{d1efd72 ActivityRecord{fbb4a7d u0 com.android.todolist/.MainActivity t1568}}})/@0xdc41770 - animation-leash#0 (0/91)
07-24 15:34:01.021  3385  4129 I SurfaceFlinger: id=72168 Removed Surface(name=AppWindowToken{1bc7ee3 token=Token{5b1712 ActivityRecord{697469d u0 com.android.todolist/.ListActivity t1568}}})/@0xb1b8672 - animation-leash#0 (0/90)
07-24 15:34:01.021  3944  4067 D WindowManager: clearSavedLeashOnCommit, savedLeash=Surface(name=Surface(name=AppWindowToken{f96d5c3 token=Token{d1efd72 ActivityRecord{fbb4a7d u0 com.android.todolist/.MainActivity t1568}}})/@0xdc41770 - animation-leash)/@0xeee5d4b, caller=com.android.server.wm.WindowContainer.clearSavedLeashOnCommit:1164 com.android.server.wm.WindowContainer.clearSavedLeashOnCommit:1168 com.android.server.wm.WindowContainer.clearSavedLeashOnCommit:1168 com.android.server.wm.WindowContainer.clearSavedLeashOnCommit:1168 com.android.server.wm.WindowContainer.clearSavedLeashOnCommit:1168 com.android.server.wm.RootWindowContainer.performSurfacePlacement:784 
07-24 15:34:01.022  3944  4067 D WindowManager: clearSavedLeashOnCommit, savedLeash=Surface(name=Surface(name=AppWindowToken{1bc7ee3 token=Token{5b1712 ActivityRecord{697469d u0 com.android.todolist/.ListActivity t1568}}})/@0xb1b8672 - animation-leash)/@0xa8d9f6c, caller=com.android.server.wm.WindowContainer.clearSavedLeashOnCommit:1164 com.android.server.wm.WindowContainer.clearSavedLeashOnCommit:1168 com.android.server.wm.WindowContainer.clearSavedLeashOnCommit:1168 com.android.server.wm.WindowContainer.clearSavedLeashOnCommit:1168 com.android.server.wm.WindowContainer.clearSavedLeashOnCommit:1168 com.android.server.wm.RootWindowContainer.performSurfacePlacement:784 
07-24 15:34:01.025  3385  3385 I SurfaceFlinger:      Device | 0x71cc649000 | 0002 | RGBA_8888 |   0.0    0.0 1440.0 2960.0 |    0    0 1440 2960 | com.android.todolist/com.android.todolist.ListActivity[5936]#0
07-24 15:34:01.032  3385  3385 I Layer   : id=72167 onRemoved Surface(name=AppWindowToken{f96d5c3 token=Token{d1efd72 ActivityRecord{fbb4a7d u0 com.android.todolist/.MainActivity t1568}}})/@0xdc41770 - animation-leash#0 
07-24 15:34:01.032  3385  3385 I Layer   : id=72168 onRemoved Surface(name=AppWindowToken{1bc7ee3 token=Token{5b1712 ActivityRecord{697469d u0 com.android.todolist/.ListActivity t1568}}})/@0xb1b8672 - animation-leash#0 
07-24 15:34:01.035  3385  5227 E BufferQueueProducer: [com.android.todolist/com.android.todolist.MainActivity[5936]#0] disconnect: not connected (req=1)
07-24 15:34:01.039  3385  5227 I SurfaceFlinger: id=72145 Removed com.android.todolist/com.android.todolist.MainActivity[5936]#0 (0/88)
07-24 15:34:01.049  3385  3385 I Layer   : id=72145 onRemoved com.android.todolist/com.android.todolist.MainActivity[5936]#0 
07-24 15:34:02.142  3944  4154 D WifiTrafficPoller: TrafficStats TxPkts=17178975 RxPkts=27643404 TxBytes=4106099236 RxBytes=29398521347 , Foreground uid=10387 pkgName=com.android.todolist TxPackets=0 RxPackets=0 TxBytes=0 RxBytes=0
07-24 15:34:03.085  3385  3385 I SurfaceFlinger:      Device | 0x71bfbf9700 | 0002 | RGBA_8888 |   0.0    0.0 1440.0 2960.0 |    0    0 1440 2960 | com.android.todolist/com.android.todolist.ListActivity[5936]#0
07-24 15:34:03.902  5936  5936 D InputMethodManager: SSI - flag : 1 Pid : 5936 view : com.android.todolist
07-24 15:34:03.905  5936  5936 V InputMethodManager: Starting input: tba=com.android.todolist ic=com.android.internal.widget.EditableInputConnection@6cb7682 mNaviBarColor -855310 mIsGetNaviBarColorSuccess true , NavVisible : true , NavTrans : false
07-24 15:34:03.968 11107 11107 D [SPAF]StructureParser: Parsing structure for ComponentInfo{com.android.todolist/com.android.todolist.ListActivity}
07-24 15:34:04.014  3944  3978 D WindowManager: setSystemUiVisibility: vis= 0x8008, fullscreenVis= 0x0, dockedVis= 0x0, win=Window{907ab0c u0 com.android.todolist/com.android.todolist.ListActivity}
07-24 15:34:04.100  3385  3385 I SurfaceFlinger:      Device | 0x71cc649000 | 0002 | RGBA_8888 |   0.0    0.0 1440.0 2960.0 |    0    0 1440 2960 | com.android.todolist/com.android.todolist.ListActivity[5936]#0
07-24 15:34:06.772  5936  5936 V InputMethodManager: Starting input: tba=com.android.todolist ic=com.android.internal.widget.EditableInputConnection@ee1338c mNaviBarColor -855310 mIsGetNaviBarColorSuccess true , NavVisible : true , NavTrans : false
07-24 15:34:06.862  3944  3978 D WindowManager: setSystemUiVisibility: vis= 0x8018, fullscreenVis= 0x0, dockedVis= 0x0, win=Window{907ab0c u0 com.android.todolist/com.android.todolist.ListActivity}
07-24 15:34:07.050  3385  3385 I SurfaceFlinger:      Device | 0x71cc6498c0 | 0002 | RGBA_8888 |   0.0    0.0 1440.0 2960.0 |    0    0 1440 2960 | com.android.todolist/com.android.todolist.ListActivity[5936]#0
07-24 15:34:08.255  5936  5936 D InputMethodManager: SSI - flag : 1 Pid : 5936 view : com.android.todolist
07-24 15:34:08.344  3944  3978 D WindowManager: setSystemUiVisibility: vis= 0x8008, fullscreenVis= 0x0, dockedVis= 0x0, win=Window{907ab0c u0 com.android.todolist/com.android.todolist.ListActivity}
07-24 15:34:08.455  3385  3385 I SurfaceFlinger:      Device | 0x71cc6498c0 | 0002 | RGBA_8888 |   0.0    0.0 1440.0 2960.0 |    0    0 1440 2960 | com.android.todolist/com.android.todolist.ListActivity[5936]#0
07-24 15:34:09.274  3944  4154 D WifiTrafficPoller: TrafficStats TxPkts=17178975 RxPkts=27643405 TxBytes=4106099236 RxBytes=29398521580 , Foreground uid=10387 pkgName=com.android.todolist TxPackets=0 RxPackets=0 TxBytes=0 RxBytes=0
07-24 15:34:11.078  5936  5936 V InputMethodManager: Starting input: tba=com.android.todolist ic=com.android.internal.widget.EditableInputConnection@b810868 mNaviBarColor -855310 mIsGetNaviBarColorSuccess true , NavVisible : true , NavTrans : false
07-24 15:34:11.168  3944  3978 D WindowManager: setSystemUiVisibility: vis= 0x8018, fullscreenVis= 0x0, dockedVis= 0x0, win=Window{907ab0c u0 com.android.todolist/com.android.todolist.ListActivity}
07-24 15:34:11.358  3385  3385 I SurfaceFlinger:      Device | 0x71bfbf9700 | 0002 | RGBA_8888 |   0.0    0.0 1440.0 2960.0 |    0    0 1440 2960 | com.android.todolist/com.android.todolist.ListActivity[5936]#0
07-24 15:34:12.662  3385  3385 I SurfaceFlinger: id=72178 createSurf (5920x5920),2 flag=4, AppWindowToken{db0a5a9 token=Token{5c2530 ActivityRecord{6a56273 u0 com.android.todolist/.MainActivity t1568}}}#0
07-24 15:34:12.722  3385  3385 I SurfaceFlinger: id=72179 createSurf (5920x5920),2 flag=4, 378aceb com.android.todolist/com.android.todolist.MainActivity#0
07-24 15:34:12.750  3385  3385 I SurfaceFlinger: id=72180 createSurf (1440x2960),1 flag=404, com.android.todolist/com.android.todolist.MainActivity[5936]#0
07-24 15:34:12.752  3944  3978 D WindowManager: setSystemUiVisibility: vis= 0x8018, fullscreenVis= 0x0, dockedVis= 0x0, win=Window{378aceb u0 com.android.todolist/com.android.todolist.MainActivity}
07-24 15:34:12.809  3385  3385 I SurfaceFlinger: id=72181 createSurf (5920x5920),2 flag=4, Surface(name=AppWindowToken{1bc7ee3 token=Token{5b1712 ActivityRecord{697469d u0 com.android.todolist/.ListActivity t1568}}})/@0xb1b8672 - animation-leash#0
07-24 15:34:12.810  3944  4067 D SurfaceControl: reparent is called, sc=Surface(name=AppWindowToken{1bc7ee3 token=Token{5b1712 ActivityRecord{697469d u0 com.android.todolist/.ListActivity t1568}}})/@0xb1b8672, newParentHandle=android.os.BinderProxy@5bff492, transaction=android.view.SurfaceControl$Transaction@92acf40
07-24 15:34:12.813  3385  3385 I SurfaceFlinger: id=72182 createSurf (5920x5920),2 flag=4, Surface(name=AppWindowToken{db0a5a9 token=Token{5c2530 ActivityRecord{6a56273 u0 com.android.todolist/.MainActivity t1568}}})/@0xf183ea - animation-leash#0
07-24 15:34:12.814  3944  4067 D SurfaceControl: reparent is called, sc=Surface(name=AppWindowToken{db0a5a9 token=Token{5c2530 ActivityRecord{6a56273 u0 com.android.todolist/.MainActivity t1568}}})/@0xf183ea, newParentHandle=android.os.BinderProxy@e02a6db, transaction=android.view.SurfaceControl$Transaction@e59f578
07-24 15:34:12.821  3385  5227 D Layer   : [AppWindowToken{db0a5a9 token=Token{5c2530 ActivityRecord{6a56273 u0 com.android.todolist/.MainActivity t1568}}}#0]::reparent oldParent:[Task=1568#0], newParent:[Surface(name=AppWindowToken{db0a5a9 token=Token{5c2530 ActivityRecord{6a56273 u0 com.android.todolist/.MainActivity t1568}}})/@0xf183ea - animation-leash#0]
07-24 15:34:12.821  3385  5227 D Layer   : [AppWindowToken{1bc7ee3 token=Token{5b1712 ActivityRecord{697469d u0 com.android.todolist/.ListActivity t1568}}}#0]::reparent oldParent:[Task=1568#0], newParent:[Surface(name=AppWindowToken{1bc7ee3 token=Token{5b1712 ActivityRecord{697469d u0 com.android.todolist/.ListActivity t1568}}})/@0xb1b8672 - animation-leash#0]
07-24 15:34:12.826  3944  3987 I ActivityManager: Displayed com.android.todolist/.MainActivity: +144ms
07-24 15:34:12.826  5936  5936 V InputMethodManager: Starting input: tba=com.android.todolist ic=null mNaviBarColor -855310 mIsGetNaviBarColorSuccess true , NavVisible : true , NavTrans : false
07-24 15:34:12.827  3944  4551 V InputMethodManagerService: windowGainedFocus : reason=WINDOW_FOCUS_GAIN client=android.os.BinderProxy@3a14d3f inputContext=null missingMethods= attribute=android.view.inputmethod.EditorInfo@e9bd48d nm = com.android.todolist controlFlags=#104 softInputMode=#110 windowFlags=#81810100
07-24 15:34:12.860  3385  3385 I SurfaceFlinger:      Client | 0x71cc649000 | 0002 | RGBA_8888 |   0.0    1.0 1440.0 2960.0 |    0    0 1440 2959 | com.android.todolist/com.android.todolist.ListActivity[5936]#0
07-24 15:34:12.860  3385  3385 I SurfaceFlinger:      Device | 0x71bfbfaf80 | 0002 | RGBA_8888 |   0.0    0.0 1440.0 2268.0 |    0  692 1440 2960 | com.android.todolist/com.android.todolist.MainActivity[5936]#0
07-24 15:34:12.878  3385  3385 I SurfaceFlinger:      Client | 0x71bfbf9700 | 0002 | RGBA_8888 |   0.0    3.0 1440.0 2960.0 |    0    0 1440 2957 | com.android.todolist/com.android.todolist.ListActivity[5936]#0
07-24 15:34:12.878  3385  3385 I SurfaceFlinger:      Device | 0x71bfbfaea0 | 0002 | RGBA_8888 |   0.0    0.0 1440.0 2298.0 |    0  662 1440 2960 | com.android.todolist/com.android.todolist.MainActivity[5936]#0
07-24 15:34:12.957  3385  3385 I SurfaceFlinger:      Client | 0x71cc649000 | 0002 | RGBA_8888 |   0.0   28.0 1440.0 2960.0 |    0    0 1440 2932 | com.android.todolist/com.android.todolist.ListActivity[5936]#0
07-24 15:34:12.957  3385  3385 I SurfaceFlinger:      Client | 0x71bfbfaf80 | 0002 | RGBA_8888 |   0.0    0.0 1440.0 2750.0 |    0  210 1440 2960 | com.android.todolist/com.android.todolist.MainActivity[5936]#0
07-24 15:34:13.116  3944  4067 D SurfaceControl: reparent is called, sc=Surface(name=AppWindowToken{db0a5a9 token=Token{5c2530 ActivityRecord{6a56273 u0 com.android.todolist/.MainActivity t1568}}})/@0xf183ea, newParentHandle=android.os.BinderProxy@3b98ef0, transaction=android.view.SurfaceControl$Transaction@e59f578
07-24 15:34:13.117  3944  4067 D SurfaceControl: destroy(transaction), animation-leash is destroyed, sc=Surface(name=Surface(name=AppWindowToken{db0a5a9 token=Token{5c2530 ActivityRecord{6a56273 u0 com.android.todolist/.MainActivity t1568}}})/@0xf183ea - animation-leash)/@0xbf4f124, transaction=android.view.SurfaceControl$Transaction@e59f578, caller=com.android.server.wm.SurfaceAnimator.reset:335 com.android.server.wm.SurfaceAnimator.lambda$getFinishedCallback$0:94 com.android.server.wm.-$$Lambda$SurfaceAnimator$SIBia0mND666K8lMCPsoid8pUTI.run:4 com.android.server.wm.AnimatingAppWindowTokenRegistry.endDeferringFinished:104 com.android.server.wm.AnimatingAppWindowTokenRegistry.notifyAboutToFinish:77 com.android.server.wm.AppWindowToken.shouldDeferAnimationFinish:2251 com.android.server.wm.SurfaceAnimator.lambda$getFinishedCallback$1:100 
07-24 15:34:13.117  3944  4067 D SurfaceControl: reparent is called, sc=Surface(name=AppWindowToken{1bc7ee3 token=Token{5b1712 ActivityRecord{697469d u0 com.android.todolist/.ListActivity t1568}}})/@0xb1b8672, newParentHandle=android.os.BinderProxy@3b98ef0, transaction=android.view.SurfaceControl$Transaction@92acf40
07-24 15:34:13.117  3944  4067 D SurfaceControl: destroy(transaction), animation-leash is destroyed, sc=Surface(name=Surface(name=AppWindowToken{1bc7ee3 token=Token{5b1712 ActivityRecord{697469d u0 com.android.todolist/.ListActivity t1568}}})/@0xb1b8672 - animation-leash)/@0xa2bce63, transaction=android.view.SurfaceControl$Transaction@92acf40, caller=com.android.server.wm.SurfaceAnimator.reset:335 com.android.server.wm.SurfaceAnimator.lambda$getFinishedCallback$0:94 com.android.server.wm.-$$Lambda$SurfaceAnimator$SIBia0mND666K8lMCPsoid8pUTI.run:4 com.android.server.wm.SurfaceAnimator.lambda$getFinishedCallback$1:101 com.android.server.wm.-$$Lambda$SurfaceAnimator$vdRZk66hQVbQCvVXEaQCT1kVmFc.onAnimationFinished:4 com.android.server.wm.LocalAnimationAdapter.lambda$startAnimation$0:65 com.android.server.wm.-$$Lambda$LocalAnimationAdapter$X--EomqUvw4qy89IeeTFTH7aCMo.run:4 
07-24 15:34:13.119  3944  4067 D WindowManager: prepareSurfaces, request to clear saved leash, surface=Surface(name=AppWindowToken{1bc7ee3 token=Token{5b1712 ActivityRecord{697469d u0 com.android.todolist/.ListActivity t1568}}})/@0xb1b8672
07-24 15:34:13.119  3944  4067 D WindowManager: prepareSurfaces, request to clear saved leash, surface=Surface(name=AppWindowToken{db0a5a9 token=Token{5c2530 ActivityRecord{6a56273 u0 com.android.todolist/.MainActivity t1568}}})/@0xf183ea
07-24 15:34:13.119  3385  5304 D Layer   : [AppWindowToken{db0a5a9 token=Token{5c2530 ActivityRecord{6a56273 u0 com.android.todolist/.MainActivity t1568}}}#0]::reparent oldParent:[Surface(name=AppWindowToken{db0a5a9 token=Token{5c2530 ActivityRecord{6a56273 u0 com.android.todolist/.MainActivity t1568}}})/@0xf183ea - animation-leash#0], newParent:[Task=1568#0]
